11-26 11:02:03.537  5709 10510 I Finsky:background: [252] DS::IDC: updateWith: <78:RUNNING:100%[100%]>
11-26 11:02:03.542  5709  5793 I Finsky:background: [55] RM: getStatus resourceRequestId=8b67e63b-1759-46d8-a265-a63f23388b17 requestId=77 package=com.google.android.tts artifact=config.en isid=YVvMKA_eSxCugLY6FcB4zg
11-26 11:02:03.542  5709  5793 I Finsky:background: [55] DSC: getDownload(77)
11-26 11:02:03.542  5709  5793 I Finsky:background: [55] RM: getStatus resourceRequestId=af36e17b-b8a4-4f84-86a0-0fd978d9b9ee requestId=78 package=com.google.android.tts artifact=com.google.android.tts.dm isid=YVvMKA_eSxCugLY6FcB4zg
11-26 11:02:03.542  5709  5793 I Finsky:background: [55] DSC: getDownload(78)
11-26 11:02:03.542  5709  5793 I Finsky:background: [55] DS: getDownload(request_id=77)
11-26 11:02:03.543  5709  5793 I Finsky:background: [55] DS: getDownload(request_id=78)
11-26 11:02:03.558  5709 10510 I Finsky:background: [252] DSC::L: Update all listeners for download <78:SUCCEEDED> in group com.google.android.tts:YVvMKA_eSxCugLY6FcB4zg
11-26 11:02:03.559  5709 10510 I Finsky:background: [252] DSC::L: Updating listener thw@cce880f for download <78:SUCCEEDED>
11-26 11:02:03.559  5709 10510 I Finsky:background: [252] DSC::L: Updating listener DownloadServiceManagerListener::rnk@5b0196e for download <78:SUCCEEDED>
11-26 11:02:03.616  1177  1416 D SatelliteController: iisInCarrierRoamingNbIotNtn: satellite is disabled
11-26 11:02:03.624  5709  5715 W ding:background: Suspending all threads took: 30.166ms
11-26 11:02:03.630  5709 10510 I Finsky:background: [252] DSC::L: Updating listener DownloadServiceManagerListener::akgn@1228c21 for download <78:SUCCEEDED>
11-26 11:02:03.630  5709 10510 I Finsky:background: [252] RM: receive resource status onSuccess com.google.android.tts.dm reason: auto_update isid: YVvMKA_eSxCugLY6FcB4zg, 3, 200, size: 303403/303403
11-26 11:02:03.630  5709 10510 I Finsky:background: [252] DS::IDC: updateWith: <78:SUCCEEDED>
11-26 11:02:03.636  5709  5793 I Finsky:background: [55] RM: getStatus resourceRequestId=af36e17b-b8a4-4f84-86a0-0fd978d9b9ee requestId=78 package=com.google.android.tts artifact=com.google.android.tts.dm isid=YVvMKA_eSxCugLY6FcB4zg
11-26 11:02:03.636  5709  5793 I Finsky:background: [55] DSC: getDownload(78)
11-26 11:02:03.636  5709  5793 I Finsky:background: [55] DS: getDownload(request_id=78)
11-26 11:02:03.650   992  1156 W Looper  : Slow dispatch took 8657ms SysUiBg app=com.android.systemui main=false group=FOREGROUND h=android.os.Handler c=android.telephony.TelephonyCallback$IPhoneStateListenerStub$$ExternalSyntheticLambda52@5e23064 m=0
11-26 11:02:03.663  5709 10510 I Finsky:background: [252] DSC::L: Update all listeners for download <79:RUNNING:0%[0%]> in group com.google.android.tts:YVvMKA_eSxCugLY6FcB4zg
11-26 11:02:03.663  5709 10510 I Finsky:background: [252] DSC::L: Updating listener thw@cce880f for download <79:RUNNING:0%[0%]>
11-26 11:02:03.663  5709 10510 I Finsky:background: [252] DSC::L: Updating listener DownloadServiceManagerListener::rnk@5b0196e for download <79:RUNNING:0%[0%]>
11-26 11:02:03.663  5709 10510 I Finsky:background: [252] DSC::L: Updating listener DownloadServiceManagerListener::akgn@1228c21 for download <79:RUNNING:0%[0%]>
11-26 11:02:03.663  5709 10510 I Finsky:background: [252] DS: Received onProgress request_id=79
11-26 11:02:03.663  5709 10510 I Finsky:background: [252] RM: receive resource status onProgress download_request_id=79, group_id=config.arm64_v8a reason: auto_update isid: YVvMKA_eSxCugLY6FcB4zg, status_code=RESOURCE_STATUS_IN_PROGRESS, legacy_status_code=192, size: 0/14138277
11-26 11:02:03.663  5709 10510 I Finsky:background: [252] DS::IDC: updateWith: <79:RUNNING:0%[0%]>
11-26 11:02:03.663  5709 10510 I Finsky:background: [252] DS: DS: onGetDownload(request_id=78, files_to_download=[com.google.android.tts.dm(size:303403)], context[group_id=com.google.android.tts:YVvMKA_eSxCugLY6FcB4zg], display_data[invisible=true, title=Speech Recognition & Synthesis], network_restrictions=UNMETERED_ONLY status=running, bytes_downloaded=32768, total_bytes=303403, retry[count=0, next_retry=n/a])
11-26 11:02:03.663  5709 10510 I Finsky:background: [252] DS: DS: onGetDownload(request_id=77, files_to_download=[config.en(size:19951)], context[group_id=com.google.android.tts:YVvMKA_eSxCugLY6FcB4zg], display_data[invisible=true, title=Speech Recognition & Synthesis], network_restrictions=UNMETERED_ONLY status=succeeded, bytes_downloaded=19951, total_bytes=19951, retry[count=0, next_retry=n/a])
11-26 11:02:03.663  5709 10510 I Finsky:background: [252] DS: DS: onGetDownload(request_id=78, files_to_download=[com.google.android.tts.dm(size:303403)], context[group_id=com.google.android.tts:YVvMKA_eSxCugLY6FcB4zg], display_data[invisible=true, title=Speech Recognition & Synthesis], network_restrictions=UNMETERED_ONLY status=succeeded, bytes_downloaded=303403, total_bytes=303403, retry[count=0, next_retry=n/a])
11-26 11:02:03.663  5709 10510 I Finsky:background: [252] DS: DS: onGetDownload(request_id=77, files_to_download=[config.en(size:19951)], context[group_id=com.google.android.tts:YVvMKA_eSxCugLY6FcB4zg], display_data[invisible=true, title=Speech Recognition & Synthesis], network_restrictions=UNMETERED_ONLY status=succeeded, bytes_downloaded=19951, total_bytes=19951, retry[count=0, next_retry=n/a])
11-26 11:02:03.664  5709 10510 I Finsky:background: [252] DS: DS: onGetDownload(request_id=77, files_to_download=[config.en(size:19951)], context[group_id=com.google.android.tts:YVvMKA_eSxCugLY6FcB4zg], display_data[invisible=true, title=Speech Recognition & Synthesis], network_restrictions=UNMETERED_ONLY status=succeeded, bytes_downloaded=19951, total_bytes=19951, retry[count=0, next_retry=n/a])
11-26 11:02:03.664  5709 10510 I Finsky:background: [252] DS: DS: onGetDownload(request_id=78, files_to_download=[com.google.android.tts.dm(size:303403)], context[group_id=com.google.android.tts:YVvMKA_eSxCugLY6FcB4zg], display_data[invisible=true, title=Speech Recognition & Synthesis], network_restrictions=UNMETERED_ONLY status=succeeded, bytes_downloaded=303403, total_bytes=303403, retry[count=0, next_retry=n/a])
11-26 11:02:03.664  5709 10510 I Finsky:background: [252] DS: DS: onGetDownload(request_id=78, files_to_download=[com.google.android.tts.dm(size:303403)], context[group_id=com.google.android.tts:YVvMKA_eSxCugLY6FcB4zg], display_data[invisible=true, title=Speech Recognition & Synthesis], network_restrictions=UNMETERED_ONLY status=succeeded, bytes_downloaded=303403, total_bytes=303403, retry[count=0, next_retry=n/a])
11-26 11:02:03.664  1177  1416 D SatelliteController: iisInCarrierRoamingNbIotNtn: satellite is disabled
11-26 11:02:03.670  5709  5798 I Finsky:background: [59] RM: getStatus resourceRequestId=9d50d026-e9ee-439a-b8ce-fd0f72f20551 requestId=79 package=com.google.android.tts artifact=config.arm64_v8a isid=YVvMKA_eSxCugLY6FcB4zg
11-26 11:02:03.670  5709  5798 I Finsky:background: [59] DSC: getDownload(79)
11-26 11:02:03.671  5709  5798 I Finsky:background: [59] DS: getDownload(request_id=79)
11-26 11:02:03.678  5709  5709 I Finsky:background: [2] RF: onProgress request_id=78 isid=YVvMKA_eSxCugLY6FcB4zg
11-26 11:02:03.678  5709  5709 I Finsky:background: [2] RF: resourceStatus for request_id=78 group=com.google.android.tts artifact=com.google.android.tts.dm collectedBytes= 32768 / 303403
11-26 11:02:03.678  5709  5709 I Finsky:background: [2] RF: Group=com.google.android.tts totalBytesDownloaded= 36014 / 33145923 for 5 artifacts
11-26 11:02:03.679  5709  5709 I Finsky:background: [2] RF: Preventing total bytes update to listeners
11-26 11:02:03.679  5709  5709 I Finsky:background: [2] RF: onProgress request_id=77 isid=YVvMKA_eSxCugLY6FcB4zg
11-26 11:02:03.679  5709  5709 I Finsky:background: [2] RF: resourceStatus for request_id=77 group=com.google.android.tts artifact=config.en collectedBytes= 19951 / 19951
11-26 11:02:03.679  5709  5709 I Finsky:background: [2] RF: Group=com.google.android.tts totalBytesDownloaded= 55965 / 33145923 for 5 artifacts
11-26 11:02:03.680  5709  5709 I Finsky:background: [2] RF: Preventing total bytes update to listeners
11-26 11:02:03.680  5709  5709 I Finsky:background: [2] RF: onProgress request_id=78 isid=YVvMKA_eSxCugLY6FcB4zg
11-26 11:02:03.680  5709  5709 I Finsky:background: [2] RF: resourceStatus for request_id=78 group=com.google.android.tts artifact=com.google.android.tts.dm collectedBytes= 303403 / 303403
11-26 11:02:03.680  5709  5709 I Finsky:background: [2] RF: Group=com.google.android.tts totalBytesDownloaded= 326600 / 33145923 for 5 artifacts
11-26 11:02:03.680  5709  5709 I Finsky:background: [2] RF: Preventing total bytes update to listeners
11-26 11:02:03.680  5709  5709 I Finsky:background: [2] RF: onProgress request_id=77 isid=YVvMKA_eSxCugLY6FcB4zg
11-26 11:02:03.680  5709  5709 I Finsky:background: [2] RF: resourceStatus for request_id=77 group=com.google.android.tts artifact=config.en collectedBytes= 19951 / 19951
11-26 11:02:03.680  5709  5709 I Finsky:background: [2] RF: Group=com.google.android.tts totalBytesDownloaded= 326600 / 33145923 for 5 artifacts
11-26 11:02:03.680  5709  5709 I Finsky:background: [2] RF: Preventing total bytes update to listeners
11-26 11:02:03.680  5709  5709 I Finsky:background: [2] RF: onResourceSuccess request_id=77 isid=YVvMKA_eSxCugLY6FcB4zg
11-26 11:02:03.680  5709  5709 I Finsky:background: [2] RF: resourceStatus for request_id=77 group=com.google.android.tts artifact=config.en collectedBytes= 19951 / 19951
11-26 11:02:03.680  5709  5709 I Finsky:background: [2] RF: Group=com.google.android.tts totalBytesDownloaded= 326600 / 33145923 for 5 artifacts
11-26 11:02:03.685   618  1029 D TelephonyManager: requestModemActivityInfo: Sending result to app: ModemActivityInfo{ mTimestamp=15955687 mSleepTimeMs=1848 mIdleTimeMs=616 mActivityStatsTechSpecificInfo=[{mRat=UNKNOWN,mFrequencyRange=UNKNOWN,mTxTimeMs[]=[44, 132, 264, 352, 396],mRxTimeMs=396}]}
11-26 11:02:03.690  5709  9655 I Finsky:background: [165] IV2: onTaskProgress com.google.android.tts[iid:8] [isid:YVvMKA_eSxCugLY6FcB4zg] status:RESOURCE_FETCH_PROGRESS, size: 326600/33145923
11-26 11:02:03.690  5709  5709 I Finsky:background: [2] bytesCompleted/bytesTotal/ratio = 326600 / 33145923 / 0.009853
11-26 11:02:03.690  5709  5709 I Finsky:background: [2] RF: onSuccess request_id=77 isid=YVvMKA_eSxCugLY6FcB4zg
11-26 11:02:03.690  5709  5709 I Finsky:background: [2] RF: resourceStatus for request_id=77 group=com.google.android.tts artifact=config.en collectedBytes= 19951 / 19951
11-26 11:02:03.690  5709  5709 I Finsky:background: [2] RF: Group=com.google.android.tts totalBytesDownloaded= 326600 / 33145923 for 5 artifacts
11-26 11:02:03.690  1177  1416 D SatelliteController: iisInCarrierRoamingNbIotNtn: satellite is disabled
11-26 11:02:03.721  5709  9655 I Finsky:background: [165] IV2: onTaskProgress com.google.android.tts[iid:8] [isid:YVvMKA_eSxCugLY6FcB4zg] status:RESOURCE_FETCH_PROGRESS, size: 326600/33145923
11-26 11:02:03.728   618   618 W Looper  : Drained
11-26 11:02:03.745  5709 10510 I Finsky:background: [252] DS: DS: onGetDownload(request_id=79, files_to_download=[config.arm64_v8a(size:14138277)], context[group_id=com.google.android.tts:YVvMKA_eSxCugLY6FcB4zg], display_data[invisible=true, title=Speech Recognition & Synthesis], network_restrictions=UNMETERED_ONLY status=running, bytes_downloaded=0, total_bytes=14138277, retry[count=0, next_retry=n/a])
11-26 11:02:03.750  5709  5790 I Finsky:background: [52] RF: starting postprocessing for config.en
11-26 11:02:03.762  5709  5790 I Finsky:background: [52] RF::PP-Decompress: starting to decompress for com.google.android.tts[iid:8] [isid:YVvMKA_eSxCugLY6FcB4zg] [tid: 1000000014].
11-26 11:02:03.762  5709  5790 I Finsky:background: [52] RF::PP-Copy: starting to copy for com.google.android.tts[iid:8] [isid:YVvMKA_eSxCugLY6FcB4zg] [tid: 1000000014]
11-26 11:02:03.777  5709  5709 I Finsky:background: [2] RF: onProgress request_id=78 isid=YVvMKA_eSxCugLY6FcB4zg
11-26 11:02:03.777  5709  5709 I Finsky:background: [2] RF: resourceStatus for request_id=78 group=com.google.android.tts artifact=com.google.android.tts.dm collectedBytes= 303403 / 303403
11-26 11:02:03.778  5709  5709 I Finsky:background: [2] RF: Group=com.google.android.tts totalBytesDownloaded= 326600 / 33145923 for 5 artifacts
11-26 11:02:03.778  5709  5709 I Finsky:background: [2] RF: Preventing total bytes update to listeners
11-26 11:02:03.778  5709  5709 I Finsky:background: [2] RF: onResourceSuccess request_id=78 isid=YVvMKA_eSxCugLY6FcB4zg
11-26 11:02:03.778  5709  5709 I Finsky:background: [2] RF: resourceStatus for request_id=78 group=com.google.android.tts artifact=com.google.android.tts.dm collectedBytes= 303403 / 303403
11-26 11:02:03.778  5709  5709 I Finsky:background: [2] RF: Group=com.google.android.tts totalBytesDownloaded= 326600 / 33145923 for 5 artifacts
11-26 11:02:03.782  5709 10510 I Finsky:background: [252] DSC::L: Update all listeners for download <80:RUNNING:0%[0%]> in group com.google.android.tts:YVvMKA_eSxCugLY6FcB4zg
11-26 11:02:03.782  5709 10510 I Finsky:background: [252] DSC::L: Updating listener thw@cce880f for download <80:RUNNING:0%[0%]>
11-26 11:02:03.782  5709 10510 I Finsky:background: [252] DSC::L: Updating listener DownloadServiceManagerListener::rnk@5b0196e for download <80:RUNNING:0%[0%]>
11-26 11:02:03.782  5709 10510 I Finsky:background: [252] DSC::L: Updating listener DownloadServiceManagerListener::akgn@1228c21 for download <80:RUNNING:0%[0%]>
11-26 11:02:03.782  5709 10510 I Finsky:background: [252] DS: Received onProgress request_id=80
11-26 11:02:03.782  5709 10510 I Finsky:background: [252] RM: receive resource status onProgress download_request_id=80, group_id=config.xxhdpi reason: auto_update isid: YVvMKA_eSxCugLY6FcB4zg, status_code=RESOURCE_STATUS_IN_PROGRESS, legacy_status_code=192, size: 0/53610
11-26 11:02:03.783  5709 10510 I Finsky:background: [252] DS::IDC: updateWith: <80:RUNNING:0%[0%]>
11-26 11:02:03.801  5709  5798 I Finsky:background: [59] RM: getStatus resourceRequestId=eba4b202-ba0e-4cef-b3ce-c6979301ea92 requestId=80 package=com.google.android.tts artifact=config.xxhdpi isid=YVvMKA_eSxCugLY6FcB4zg
11-26 11:02:03.801  5709  5798 I Finsky:background: [59] DSC: getDownload(80)
11-26 11:02:03.805  5709  5709 I Finsky:background: [2] bytesCompleted/bytesTotal/ratio = 326600 / 33145923 / 0.009853
11-26 11:02:03.805  5709  5709 I Finsky:background: [2] RF: onSuccess request_id=78 isid=YVvMKA_eSxCugLY6FcB4zg
11-26 11:02:03.805  5709  5709 I Finsky:background: [2] RF: resourceStatus for request_id=78 group=com.google.android.tts artifact=com.google.android.tts.dm collectedBytes= 303403 / 303403
11-26 11:02:03.805  5709  5709 I Finsky:background: [2] RF: Group=com.google.android.tts totalBytesDownloaded= 326600 / 33145923 for 5 artifacts
11-26 11:02:03.807  5709  5793 I Finsky:background: [55] DS: getDownload(request_id=80)
11-26 11:02:03.808  5709 10553 I Finsky:background: [259] RF::PP-Copy: Starting copy of config.en
11-26 11:02:03.808  5709 10553 I Finsky:background: [259] RF::PP-Copy: OutputStream opened for config.en
11-26 11:02:03.808  5709 10553 I Finsky:background: [259] RF::PP-Copy: Start copying from input stream for config.en
11-26 11:02:03.811  5709 10555 I Finsky:background: [261] IQ: Notifying installation update. [Package:com.google.android.tts, isid:YVvMKA_eSxCugLY6FcB4zg], status=DOWNLOADING, status_code=0, reason=auto_update, tsc=PT8M24.498S, attempt=0
11-26 11:02:03.825  5709  5709 I Finsky:background: [2] RF: onProgress request_id=79 isid=YVvMKA_eSxCugLY6FcB4zg
11-26 11:02:03.825  5709  5709 I Finsky:background: [2] RF: resourceStatus for request_id=79 group=com.google.android.tts artifact=config.arm64_v8a collectedBytes= 0 / 14138277
11-26 11:02:03.825  5709  5709 I Finsky:background: [2] RF: Group=com.google.android.tts totalBytesDownloaded= 326600 / 33145923 for 5 artifacts
11-26 11:02:03.825  5709  5709 I Finsky:background: [2] RF: Preventing total bytes update to listeners
11-26 11:02:03.825  5709  5790 I Finsky:background: [52] RF: starting postprocessing for com.google.android.tts.dm
11-26 11:02:03.826  5709  5790 I Finsky:background: [52] RF::PP-Copy: starting to copy for com.google.android.tts[iid:8] [isid:YVvMKA_eSxCugLY6FcB4zg] [tid: 1000000014]
11-26 11:02:03.831  5709  9655 I Finsky:background: [165] IV2: onTaskProgress com.google.android.tts[iid:8] [isid:YVvMKA_eSxCugLY6FcB4zg] status:RESOURCE_FETCH_PROGRESS, size: 326600/33145923
11-26 11:02:03.839  5709  9655 I Finsky:background: [165] IV2: onTaskProgress com.google.android.tts[iid:8] [isid:YVvMKA_eSxCugLY6FcB4zg] status:RESOURCE_FETCH_PROGRESS, size: 326600/33145923
11-26 11:02:03.851  5709 10510 I Finsky:background: [252] DS: DS: onGetDownload(request_id=80, files_to_download=[config.xxhdpi(size:53610)], context[group_id=com.google.android.tts:YVvMKA_eSxCugLY6FcB4zg], display_data[invisible=true, title=Speech Recognition & Synthesis], network_restrictions=UNMETERED_ONLY status=running, bytes_downloaded=0, total_bytes=53610, retry[count=0, next_retry=n/a])
11-26 11:02:03.855  5709  5709 I Finsky:background: [2] RF: onProgress request_id=80 isid=YVvMKA_eSxCugLY6FcB4zg
11-26 11:02:03.855  5709  5709 I Finsky:background: [2] RF: resourceStatus for request_id=80 group=com.google.android.tts artifact=config.xxhdpi collectedBytes= 0 / 53610
11-26 11:02:03.855  5709  5709 I Finsky:background: [2] RF: Group=com.google.android.tts totalBytesDownloaded= 326600 / 33145923 for 5 artifacts
11-26 11:02:03.855  5709  5709 I Finsky:background: [2] RF: Preventing total bytes update to listeners
11-26 11:02:03.935  5709 10553 I Finsky:background: [259] RF::PP-Copy: Finished copying from input stream for config.en
11-26 11:02:03.946  5884  5884 I Finsky:quick_launch: [2] Memory trim requested to level 40
11-26 11:02:04.004  5709 10571 I Finsky:background: [268] DU: Stored data usage stats for package com.google.android.tts; completed bytes: 303403.
11-26 11:02:04.041  6419  6419 I Finsky  : [2] DL: Data loader session turned off due to Incremental install not requested: com.google.android.tts
11-26 11:02:04.061  5709  5709 I Finsky:background: [2] PIM: Ignore install package event for: com.google.android.tts, isid: YVvMKA_eSxCugLY6FcB4zg
11-26 11:02:04.092  5709 10510 I Finsky:background: [252] DSC::L: Update all listeners for download <79:RUNNING:8%[8%]> in group com.google.android.tts:YVvMKA_eSxCugLY6FcB4zg
11-26 11:02:04.092  5709 10510 I Finsky:background: [252] DSC::L: Updating listener thw@cce880f for download <79:RUNNING:8%[8%]>
11-26 11:02:04.092  5709 10510 I Finsky:background: [252] DSC::L: Updating listener DownloadServiceManagerListener::rnk@5b0196e for download <79:RUNNING:8%[8%]>
11-26 11:02:04.092  5709 10510 I Finsky:background: [252] DSC::L: Updating listener DownloadServiceManagerListener::akgn@1228c21 for download <79:RUNNING:8%[8%]>
11-26 11:02:04.092  5709 10510 I Finsky:background: [252] DS: Received onProgress request_id=79
11-26 11:02:04.092  5709 10510 I Finsky:background: [252] RM: receive resource status onProgress download_request_id=79, group_id=config.arm64_v8a reason: auto_update isid: YVvMKA_eSxCugLY6FcB4zg, status_code=RESOURCE_STATUS_IN_PROGRESS, legacy_status_code=192, size: 1212749/14138277
11-26 11:02:04.092  5709 10510 I Finsky:background: [252] DS::IDC: updateWith: <79:RUNNING:8%[8%]>
11-26 11:02:04.115  5709 10555 I Finsky:background: [261] IQ: Notifying installation update. [Package:com.google.android.tts, isid:YVvMKA_eSxCugLY6FcB4zg], status=DOWNLOADING, status_code=0, reason=auto_update, tsc=PT8M24.802S, attempt=0
11-26 11:02:04.126  5709  5793 I Finsky:background: [55] RM: getStatus resourceRequestId=9d50d026-e9ee-439a-b8ce-fd0f72f20551 requestId=79 package=com.google.android.tts artifact=config.arm64_v8a isid=YVvMKA_eSxCugLY6FcB4zg
11-26 11:02:04.126  5709  5793 I Finsky:background: [55] DSC: getDownload(79)
11-26 11:02:04.146  5709  5793 I Finsky:background: [55] DS: getDownload(request_id=79)
11-26 11:02:04.151  5709 10553 I Finsky:background: [259] RF::PP-Copy: Starting copy of com.google.android.tts.dm
11-26 11:02:04.151  5709 10553 I Finsky:background: [259] RF::PP-Copy: OutputStream opened for com.google.android.tts.dm
11-26 11:02:04.162  1177  1416 D SatelliteController: iisInCarrierRoamingNbIotNtn: satellite is disabled
11-26 11:02:04.151  5709 10553 I Finsky:background: [259] RF::PP-Copy: Start copying from input stream for com.google.android.tts.dm
11-26 11:02:04.225 10578 10578 I artd    : Starting artd
11-26 11:02:04.228  5709 10510 I Finsky:background: [252] DS: DS: onGetDownload(request_id=79, files_to_download=[config.arm64_v8a(size:14138277)], context[group_id=com.google.android.tts:YVvMKA_eSxCugLY6FcB4zg], display_data[invisible=true, title=Speech Recognition & Synthesis], network_restrictions=UNMETERED_ONLY status=running, bytes_downloaded=1212749, total_bytes=14138277, retry[count=0, next_retry=n/a])
11-26 11:02:04.233 10578 10578 I AidlLazyServiceRegistrar: Registering service artd
11-26 11:02:04.234 10578 10578 I AidlLazyServiceRegistrar: Process has 1 (of 1 available) client(s) in use after notification artd has clients: 1
11-26 11:02:04.237  5709  5709 I Finsky:background: [2] RF: onProgress request_id=79 isid=YVvMKA_eSxCugLY6FcB4zg
11-26 11:02:04.237  5709  5709 I Finsky:background: [2] RF: resourceStatus for request_id=79 group=com.google.android.tts artifact=config.arm64_v8a collectedBytes= 1212749 / 14138277
11-26 11:02:04.237  5709  5709 I Finsky:background: [2] RF: Group=com.google.android.tts totalBytesDownloaded= 1539349 / 33145923 for 5 artifacts
11-26 11:02:04.240   618  1085 V SafetySourceDataValidat: Package: com.android.vending has expected signature
11-26 11:02:04.240   618  1085 V SafetySourceDataValidat: Package: com.android.vending has expected signature
11-26 11:02:04.240  5709  5709 I Finsky:background: [2] RF: Preventing total bytes update to listeners
11-26 11:02:04.278 10578 10581 I artd    : Running profman: /apex/com.android.art/bin/art_exec --drop-capabilities --keep-fds=6:7:8 -- /apex/com.android.art/bin/profman --copy-and-update-profile-key --profile-file-fd=6 --apk-fd=7 --reference-profile-file-fd=8
11-26 11:02:04.278 10578 10581 I artd    : Opened FDs: 6:/data/app/~~P4b6g1NtKqvfTUq_m9kmyw==/com.google.android.apps.restore-78cpfHABCWstA3rZnu_-Fg==/base.dm 7:/data/app/~~P4b6g1NtKqvfTUq_m9kmyw==/com.google.android.apps.restore-78cpfHABCWstA3rZnu_-Fg==/base.apk 8:/data/misc/profiles/ref/com.google.android.apps.restore/primary.prof.7VpnfD.tmp 
11-26 11:02:04.317  6419  6419 I Finsky  : [2] DL: Data loader session turned off due to Incremental install not requested: com.google.android.tts
11-26 11:02:04.319  5709  5709 I Finsky:background: [2] PIM: Ignore install package event for: com.google.android.tts, isid: YVvMKA_eSxCugLY6FcB4zg
11-26 11:02:04.332  6419  6419 I Finsky  : [2] IQ::HLD: if pauseAppUpdates is called now, it must wait for these ongoing installs: [[Package:com.google.android.apps.restore, isid:ev2-PnnHQCqgDmTwlZhBxg], [Package:com.google.android.partnersetup, isid:qXIMFIE1Rl-xHbGBabnTNQ], [Package:com.google.android.tts, isid:YVvMKA_eSxCugLY6FcB4zg]]
11-26 11:02:04.336  5709 10553 I Finsky:background: [259] RF::PP-Copy: Finished copying from input stream for com.google.android.tts.dm
11-26 11:02:04.364  5709 10555 I Finsky:background: [261] IQ: Notifying installation update. [Package:com.google.android.tts, isid:YVvMKA_eSxCugLY6FcB4zg], status=DOWNLOADING, status_code=0, reason=auto_update, tsc=PT8M25.05S, attempt=0
11-26 11:02:04.377  5709 10510 I Finsky:background: [252] DS: Decremented runningDownloadsCount to: 2
11-26 11:02:04.377  5709 10510 I Finsky:background: [252] DS: Current runningDownloadsCount: 2, maxSimultaneousDownloads: 4
11-26 11:02:04.377  5709 10510 I Finsky:background: [252] DSC::L: Update all listeners for download <80:RUNNING:100%[100%]> in group com.google.android.tts:YVvMKA_eSxCugLY6FcB4zg
11-26 11:02:04.377  5709 10510 I Finsky:background: [252] DSC::L: Updating listener thw@cce880f for download <80:RUNNING:100%[100%]>
11-26 11:02:04.377  5709 10510 I Finsky:background: [252] DSC::L: Updating listener DownloadServiceManagerListener::rnk@5b0196e for download <80:RUNNING:100%[100%]>
11-26 11:02:04.377  5709 10510 I Finsky:background: [252] DSC::L: Updating listener DownloadServiceManagerListener::akgn@1228c21 for download <80:RUNNING:100%[100%]>
11-26 11:02:04.377  5709 10510 I Finsky:background: [252] DS: Received onProgress request_id=80
11-26 11:02:04.377  5709 10510 I Finsky:background: [252] RM: receive resource status onProgress download_request_id=80, group_id=config.xxhdpi reason: auto_update isid: YVvMKA_eSxCugLY6FcB4zg, status_code=RESOURCE_STATUS_IN_PROGRESS, legacy_status_code=192, size: 53610/53610
11-26 11:02:04.377  5709 10510 I Finsky:background: [252] DS::IDC: updateWith: <80:RUNNING:100%[100%]>
11-26 11:02:04.400 10578 10581 I artd    : profman returned code 0
11-26 11:02:04.401 10578 10581 I artd    : Merge skipped because there are no existing profiles
11-26 11:02:04.420  5709  5798 I Finsky:background: [59] RM: getStatus resourceRequestId=eba4b202-ba0e-4cef-b3ce-c6979301ea92 requestId=80 package=com.google.android.tts artifact=config.xxhdpi isid=YVvMKA_eSxCugLY6FcB4zg
11-26 11:02:04.420  5709  5798 I Finsky:background: [59] DSC: getDownload(80)
11-26 11:02:04.421  5709  5798 I Finsky:background: [59] DS: getDownload(request_id=80)
11-26 11:02:04.453  5709 10510 I Finsky:background: [252] DSC::L: Update all listeners for download <80:SUCCEEDED> in group com.google.android.tts:YVvMKA_eSxCugLY6FcB4zg
11-26 11:02:04.476  5709 10510 I Finsky:background: [252] DSC::L: Updating listener thw@cce880f for download <80:SUCCEEDED>
11-26 11:02:04.518  5709 10510 I Finsky:background: [252] DSC::L: Updating listener DownloadServiceManagerListener::rnk@5b0196e for download <80:SUCCEEDED>
11-26 11:02:04.519  5709 10510 I Finsky:background: [252] DSC::L: Updating listener DownloadServiceManagerListener::akgn@1228c21 for download <80:SUCCEEDED>
11-26 11:02:04.519  5709 10510 I Finsky:background: [252] RM: receive resource status onSuccess config.xxhdpi reason: auto_update isid: YVvMKA_eSxCugLY6FcB4zg, 3, 200, size: 53610/53610
11-26 11:02:04.548  5709  5790 I Finsky:background: [52] RF::PP-Verify: starting to verify for com.google.android.tts[iid:8] [isid:YVvMKA_eSxCugLY6FcB4zg] [tid: 1000000014].
11-26 11:02:04.578  5709 10510 I Finsky:background: [252] DS::IDC: updateWith: <80:SUCCEEDED>
11-26 11:02:04.578  5709 10510 I Finsky:background: [252] DS: DS: onGetDownload(request_id=80, files_to_download=[config.xxhdpi(size:53610)], context[group_id=com.google.android.tts:YVvMKA_eSxCugLY6FcB4zg], display_data[invisible=true, title=Speech Recognition & Synthesis], network_restrictions=UNMETERED_ONLY status=succeeded, bytes_downloaded=53610, total_bytes=53610, retry[count=0, next_retry=n/a])
11-26 11:02:04.592  5709  5798 I Finsky:background: [59] RM: getStatus resourceRequestId=eba4b202-ba0e-4cef-b3ce-c6979301ea92 requestId=80 package=com.google.android.tts artifact=config.xxhdpi isid=YVvMKA_eSxCugLY6FcB4zg
11-26 11:02:04.592  5709  5798 I Finsky:background: [59] DSC: getDownload(80)
11-26 11:02:04.593  5709  5798 I Finsky:background: [59] DS: getDownload(request_id=80)
11-26 11:02:04.617 10578 10581 I artd    : GetBestInfo: dm (/data/app/~~P4b6g1NtKqvfTUq_m9kmyw==/com.google.android.apps.restore-78cpfHABCWstA3rZnu_-Fg==/base.dm) is kOatUpToDate with filter 'verify' executable 'false'
11-26 11:02:04.617 10578 10581 I artd    : Should recompile: targetFilterIsBetter (current: verify, target: speed-profile)
11-26 11:02:04.622  6933  6937 W .gms.persistent: Suspending all threads took: 2.136s
11-26 11:02:04.628  5709 10510 I Finsky:background: [252] DS: DS: onGetDownload(request_id=80, files_to_download=[config.xxhdpi(size:53610)], context[group_id=com.google.android.tts:YVvMKA_eSxCugLY6FcB4zg], display_data[invisible=true, title=Speech Recognition & Synthesis], network_restrictions=UNMETERED_ONLY status=succeeded, bytes_downloaded=53610, total_bytes=53610, retry[count=0, next_retry=n/a])
11-26 11:02:04.633  5709  5790 I Finsky:background: [52] RF::PP-Verify: starting to verify for com.google.android.tts[iid:8] [isid:YVvMKA_eSxCugLY6FcB4zg] [tid: 1000000014].
11-26 11:02:04.634  5709  5709 I Finsky:background: [2] RF: onProgress request_id=80 isid=YVvMKA_eSxCugLY6FcB4zg
11-26 11:02:04.634  5709  5709 I Finsky:background: [2] RF: resourceStatus for request_id=80 group=com.google.android.tts artifact=config.xxhdpi collectedBytes= 53610 / 53610
11-26 11:02:04.634  5709  5709 I Finsky:background: [2] RF: Group=com.google.android.tts totalBytesDownloaded= 1592959 / 33145923 for 5 artifacts
11-26 11:02:04.634  5709  5709 I Finsky:background: [2] RF: Preventing total bytes update to listeners
11-26 11:02:04.634  5709  5709 I Finsky:background: [2] RF: onResourceSuccess request_id=80 isid=YVvMKA_eSxCugLY6FcB4zg
11-26 11:02:04.634  5709  5709 I Finsky:background: [2] RF: resourceStatus for request_id=80 group=com.google.android.tts artifact=config.xxhdpi collectedBytes= 53610 / 53610
11-26 11:02:04.634  5709  5709 I Finsky:background: [2] RF: Group=com.google.android.tts totalBytesDownloaded= 1592959 / 33145923 for 5 artifacts
11-26 11:02:04.640  5709  5709 I Finsky:background: [2] bytesCompleted/bytesTotal/ratio = 1592959 / 33145923 / 0.048059
11-26 11:02:04.640  5709  5709 I Finsky:background: [2] RF: onSuccess request_id=80 isid=YVvMKA_eSxCugLY6FcB4zg
11-26 11:02:04.640  5709  5709 I Finsky:background: [2] RF: resourceStatus for request_id=80 group=com.google.android.tts artifact=config.xxhdpi collectedBytes= 53610 / 53610
11-26 11:02:04.640  5709  5709 I Finsky:background: [2] RF: Group=com.google.android.tts totalBytesDownloaded= 1592959 / 33145923 for 5 artifacts
11-26 11:02:04.645  5709  5791 I Finsky:background: [53] RF: starting postprocessing for config.xxhdpi
11-26 11:02:04.645  5709  5791 I Finsky:background: [53] RF::PP-Decompress: starting to decompress for com.google.android.tts[iid:8] [isid:YVvMKA_eSxCugLY6FcB4zg] [tid: 1000000014].
11-26 11:02:04.645  5709  5791 I Finsky:background: [53] RF::PP-Copy: starting to copy for com.google.android.tts[iid:8] [isid:YVvMKA_eSxCugLY6FcB4zg] [tid: 1000000014]
11-26 11:02:04.662  5709  9655 I Finsky:background: [165] IV2: onTaskProgress com.google.android.tts[iid:8] [isid:YVvMKA_eSxCugLY6FcB4zg] status:RESOURCE_FETCH_PROGRESS, size: 1592959/33145923
11-26 11:02:04.782   618   651 W Looper  : Slow delivery took 114374ms android.bg app=system_server main=false group=FOREGROUND h=android.os.Handler c=android.app.LoadedApk$ReceiverDispatcher$Args$$ExternalSyntheticLambda0@342e546 m=0
11-26 11:02:04.783   618   651 W Looper  : Slow dispatch took 36042ms android.bg app=system_server main=false group=FOREGROUND h=android.os.Handler c=android.app.LoadedApk$ReceiverDispatcher$Args$$ExternalSyntheticLambda0@342e546 m=0
11-26 11:02:04.791  6419 10518 I Finsky  : [318] App states replicator found 7 unowned apps
11-26 11:02:04.825 10578 10581 I artd    : Running dex2oat: /apex/com.android.art/bin/art_exec --drop-capabilities --set-task-profile=Dex2OatBootComplete --set-priority=background --keep-fds=6:7:8:9:10:11:12:13:14 -- /apex/com.android.art/bin/dex2oat64 --zip-fd=6 --zip-location=/data/app/~~P4b6g1NtKqvfTUq_m9kmyw==/com.google.android.apps.restore-78cpfHABCWstA3rZnu_-Fg==/base.apk --oat-fd=7 --oat-location=/data/app/~~P4b6g1NtKqvfTUq_m9kmyw==/com.google.android.apps.restore-78cpfHABCWstA3rZnu_-Fg==/oat/arm64/base.odex --output-vdex-fd=8 --app-image-fd=9 --image-format=lz4 --swap-fd=10 --class-loader-context-fds=11:12 --class-loader-context=PCL[]{PCL[/system_ext/framework/androidx.window.extensions.jar]#PCL[/system_ext/framework/androidx.window.sidecar.jar]} --classpath-dir=/data/app/~~P4b6g1NtKqvfTUq_m9kmyw==/com.google.android.apps.restore-78cpfHABCWstA3rZnu_-Fg== --dm-fd=13 --profile-file-fd=14 --instruction-set=arm64 --instruction-set-features=default --instruction-set-variant=generic --compiler-filter=speed-profile --compilation-reason=install-dm --max-image-block-size=524288 --resolve-startup-const-strings=true --generate-mini-debug-info --runtime-arg -Xtarget-sdk-version:36 --runtime-arg -Xhidden-api-policy:enabled --runtime-arg -Xms64m --runtime-arg -Xmx512m --comments=app-name:com.google.android.apps.restore,app-version-name:1.0.823072871,app-version-code:908838,art-version:360527520
11-26 11:02:04.825 10578 10581 I artd    : Opened FDs: 6:/data/app/~~P4b6g1NtKqvfTUq_m9kmyw==/com.google.android.apps.restore-78cpfHABCWstA3rZnu_-Fg==/base.apk 7:/data/app/~~P4b6g1NtKqvfTUq_m9kmyw==/com.google.android.apps.restore-78cpfHABCWstA3rZnu_-Fg==/oat/arm64/base.odex.t14zQu.tmp 8:/data/app/~~P4b6g1NtKqvfTUq_m9kmyw==/com.google.android.apps.restore-78cpfHABCWstA3rZnu_-Fg==/oat/arm64/base.vdex.qTKxBF.tmp 9:/data/app/~~P4b6g1NtKqvfTUq_m9kmyw==/com.google.android.apps.restore-78cpfHABCWstA3rZnu_-Fg==/oat/arm64/base.art.U1G8LD.tmp 10:/data/app/~~P4b6g1NtKqvfTUq_m9kmyw==/com.google.android.apps.restore-78cpfHABCWstA3rZnu_-Fg==/oat/arm64/base.odex.swap.FwIOCn.tmp 11:/system_ext/framework/androidx.window.sidecar.jar 12:/system_ext/framework/androidx.window.extensions.jar 13:/data/app/~~P4b6g1NtKqvfTUq_m9kmyw==/com.google.android.apps.restore-78cpfHABCWstA3rZnu_-Fg==/base.dm 14:/data/misc/profiles/ref/com.google.android.apps.restore/primary.prof.7VpnfD.tmp 
11-26 11:02:04.826  5709 10553 I Finsky:background: [259] RF::PP-Copy: Starting copy of config.xxhdpi
11-26 11:02:04.826  5709 10553 I Finsky:background: [259] RF::PP-Copy: OutputStream opened for config.xxhdpi
11-26 11:02:04.826  5709 10553 I Finsky:background: [259] RF::PP-Copy: Start copying from input stream for config.xxhdpi
11-26 11:02:04.861 10585 10585 W libprocessgroup: A JoinCgroup action in the SystemMemoryProcess profile is used for controller memory in the cgroup v2 hierarchy and will be ignored
11-26 11:02:04.881  6419  6419 I Finsky  : [2] IQ::HLD: if pauseAppUpdates is called now, it must wait for these ongoing installs: [[Package:com.google.android.apps.restore, isid:ev2-PnnHQCqgDmTwlZhBxg], [Package:com.google.android.partnersetup, isid:qXIMFIE1Rl-xHbGBabnTNQ], [Package:com.google.android.tts, isid:YVvMKA_eSxCugLY6FcB4zg]]
11-26 11:02:04.915   618   651 W ActivityManager: Rescheduling restart of crashed service com.android.settings/.SettingsDumpService in 28954622ms for mem-pressure-event
11-26 11:02:04.917  5709 10510 I Finsky:background: [252] DSC::L: Update all listeners for download <76:RUNNING:8%[8%]> in group com.google.android.tts:YVvMKA_eSxCugLY6FcB4zg
11-26 11:02:04.917  5709 10510 I Finsky:background: [252] DSC::L: Updating listener thw@cce880f for download <76:RUNNING:8%[8%]>
11-26 11:02:04.917  5709 10510 I Finsky:background: [252] DSC::L: Updating listener DownloadServiceManagerListener::rnk@5b0196e for download <76:RUNNING:8%[8%]>
11-26 11:02:04.917  5709 10510 I Finsky:background: [252] DSC::L: Updating listener DownloadServiceManagerListener::akgn@1228c21 for download <76:RUNNING:8%[8%]>
11-26 11:02:04.917  5709 10510 I Finsky:background: [252] DS: Received onProgress request_id=76
11-26 11:02:04.917  5709 10510 I Finsky:background: [252] RM: receive resource status onProgress download_request_id=76, group_id=com.google.android.tts.apk reason: auto_update isid: YVvMKA_eSxCugLY6FcB4zg, status_code=RESOURCE_STATUS_IN_PROGRESS, legacy_status_code=192, size: 1671168/18630682
11-26 11:02:04.917  5709 10510 I Finsky:background: [252] DS::IDC: updateWith: <76:RUNNING:8%[8%]>
11-26 11:02:04.919  5709 10553 I Finsky:background: [259] RF::PP-Copy: Finished copying from input stream for config.xxhdpi
11-26 11:02:04.970  5709 10571 I Finsky:background: [268] DU: Stored data usage stats for package com.google.android.tts; completed bytes: 53610.
11-26 11:02:04.985  6419  6419 I Finsky  : [2] DL: Data loader session turned off due to Incremental install not requested: com.google.android.tts
11-26 11:02:05.003 10585 10585 W dex2oat64: Mismatch between dex2oat instruction set features to use (ISA: Arm64 Feature string: a53,crc,-lse,-fp16,-dotprod,-sve) and those from CPP defines (ISA: Arm64 Feature string: -a53,-crc,-lse,-fp16,-dotprod,-sve) for the command line:
11-26 11:02:05.003 10585 10585 W dex2oat64: /apex/com.android.art/bin/dex2oat64 --zip-fd=6 --zip-location=/data/app/~~P4b6g1NtKqvfTUq_m9kmyw==/com.google.android.apps.restore-78cpfHABCWstA3rZnu_-Fg==/base.apk --oat-fd=7 --oat-location=/data/app/~~P4b6g1NtKqvfTUq_m9kmyw==/com.google.android.apps.restore-78cpfHABCWstA3rZnu_-Fg==/oat/arm64/base.odex --output-vdex-fd=8 --app-image-fd=9 --image-format=lz4 --swap-fd=10 --class-loader-context-fds=11:12 --class-loader-context=PCL[]{PCL[/system_ext/framework/androidx.window.extensions.jar]#PCL[/system_ext/framework/androidx.window.sidecar.jar]} --classpath-dir=/data/app/~~P4b6g1NtKqvfTUq_m9kmyw==/com.google.android.apps.restore-78cpfHABCWstA3rZnu_-Fg== --dm-fd=13 --profile-file-fd=14 --instruction-set=arm64 --instruction-set-features=default --instruction-set-variant=generic --compiler-filter=speed-profile --compilation-reason=install-dm --max-image-block-size=524288 --resolve-startup-const-strings=true --generate-mini-debug-info --runtime-arg -Xtarget-sdk-version:36 --runtime-arg -Xhidden-api-policy:enabled --runtime-arg -Xms64m --runtime-arg -Xmx512m --comments=app-name:com.google.android.apps.restore,app-version-name:1.0.823072871,app-version-code:908838,art-version:360527520
11-26 11:02:05.025 10585 10585 I dex2oat64: /apex/com.android.art/bin/dex2oat64 --output-vdex-fd=8 --class-loader-context-fds=11:12 --class-loader-context=PCL[]{PCL[/system_ext/framework/androidx.window.extensions.jar]#PCL[/system_ext/framework/androidx.window.sidecar.jar]} --classpath-dir=/data/app/~~P4b6g1NtKqvfTUq_m9kmyw==/com.google.android.apps.restore-78cpfHABCWstA3rZnu_-Fg== --dm-fd=13 --profile-file-fd=14 --compiler-filter=speed-profile --compilation-reason=install-dm --max-image-block-size=524288 --resolve-startup-const-strings=true --generate-mini-debug-info --comments=app-name:com.google.android.apps.restore,app-version-name:1.0.823072871,app-version-code:908838,art-version:360527520
11-26 11:02:05.029  5709  5798 I Finsky:background: [59] RM: getStatus resourceRequestId=60765554-33bd-40a9-b520-de3024d8a6e3 requestId=76 package=com.google.android.tts artifact=com.google.android.tts.apk isid=YVvMKA_eSxCugLY6FcB4zg
11-26 11:02:05.029  5709  5798 I Finsky:background: [59] DSC: getDownload(76)
11-26 11:02:05.032 10585 10585 I dex2oat64: Using CollectorTypeCMC GC.
11-26 11:02:05.033  5709  5709 I Finsky:background: [2] PIM: Ignore install package event for: com.google.android.tts, isid: YVvMKA_eSxCugLY6FcB4zg
11-26 11:02:05.033  5709  5798 I Finsky:background: [59] DS: getDownload(request_id=76)
11-26 11:02:05.039  5709 10510 I Finsky:background: [252] DS: DS: onGetDownload(request_id=76, files_to_download=[com.google.android.tts.apk(size:18630682)], context[group_id=com.google.android.tts:YVvMKA_eSxCugLY6FcB4zg], display_data[invisible=true, title=Speech Recognition & Synthesis], network_restrictions=UNMETERED_ONLY status=running, bytes_downloaded=1671168, total_bytes=18630682, retry[count=0, next_retry=n/a])
11-26 11:02:05.055  5709  5709 I Finsky:background: [2] RF: onProgress request_id=76 isid=YVvMKA_eSxCugLY6FcB4zg
11-26 11:02:05.055  5709  5709 I Finsky:background: [2] RF: resourceStatus for request_id=76 group=com.google.android.tts artifact=com.google.android.tts.apk collectedBytes= 1671168 / 18630682
11-26 11:02:05.055  5709  5709 I Finsky:background: [2] RF: Group=com.google.android.tts totalBytesDownloaded= 3260881 / 33145923 for 5 artifacts
11-26 11:02:05.055  5709  5709 I Finsky:background: [2] Updated time lastBroadcast=2025-11-26T04:02:02.732Z current=2025-11-26T04:02:05.055Z
11-26 11:02:05.055  5709  5709 I Finsky:background: [2] bytesCompleted/bytesTotal/ratio = 3260881 / 33145923 / 0.098380
11-26 11:02:05.077  5709  5794 I Finsky:background: [56] RF::PP-Verify: starting to verify for com.google.android.tts[iid:8] [isid:YVvMKA_eSxCugLY6FcB4zg] [tid: 1000000014].
11-26 11:02:05.085  6419  6419 I Finsky  : [2] IQ::HLD: if pauseAppUpdates is called now, it must wait for these ongoing installs: [[Package:com.google.android.apps.restore, isid:ev2-PnnHQCqgDmTwlZhBxg], [Package:com.google.android.partnersetup, isid:qXIMFIE1Rl-xHbGBabnTNQ], [Package:com.google.android.tts, isid:YVvMKA_eSxCugLY6FcB4zg]]
11-26 11:02:05.163  5709  9655 I Finsky:background: [165] IV2: onTaskProgress com.google.android.tts[iid:8] [isid:YVvMKA_eSxCugLY6FcB4zg] status:RESOURCE_FETCH_PROGRESS, size: 1592959/33145923
11-26 11:02:05.185  5709 10555 I Finsky:background: [261] IQ: Notifying installation update. [Package:com.google.android.tts, isid:YVvMKA_eSxCugLY6FcB4zg], status=DOWNLOADING, status_code=0, reason=auto_update, tsc=PT8M25.872S, attempt=0
11-26 11:02:05.224  5709  9655 I Finsky:background: [165] IV2: onTaskProgress com.google.android.tts[iid:8] [isid:YVvMKA_eSxCugLY6FcB4zg] status:RESOURCE_FETCH_PROGRESS, size: 3260881/33145923
11-26 11:02:05.250  5709  5798 I Finsky:background: [59] RF::TC: Deleting temp copy: config.en
11-26 11:02:05.250  5709  5798 I Finsky:background: [59] RM: remove resources for request 8b67e63b-1759-46d8-a265-a63f23388b17
11-26 11:02:05.253  5709  5793 I Finsky:background: [55] RM: remove resourceRequestId=8b67e63b-1759-46d8-a265-a63f23388b17 requestId=77 package=com.google.android.tts artifact=config.en isid=YVvMKA_eSxCugLY6FcB4zg
11-26 11:02:05.253  5709  5793 I Finsky:background: [55] DSC: remove(77)
11-26 11:02:05.253  5709  5793 I Finsky:background: [55] DS: remove(request_id=77)
11-26 11:02:05.257   618   951 D BackgroundInstallControlService: Package event received: 0
11-26 11:02:05.257   618   951 D BackgroundInstallControlService: Package event received: 0
11-26 11:02:05.267  6241  6241 D BoundBrokerSvc: onBind: Intent { act=com.google.android.gms.feedback.internal.IFeedbackService dat=chimera-action:/... xflg=0x4 cmp=com.google.android.gms/.chimera.GmsBoundBrokerService }
11-26 11:02:05.267  6241  6241 D BoundBrokerSvc: Loading bound service for intent: Intent { act=com.google.android.gms.feedback.internal.IFeedbackService dat=chimera-action:/... xflg=0x4 cmp=com.google.android.gms/.chimera.GmsBoundBrokerService }
11-26 11:02:05.406  5709  5793 I Finsky:background: [55] RF::TC: Deleting temp copy: com.google.android.tts.dm
11-26 11:02:05.406  5709  5793 I Finsky:background: [55] RM: remove resources for request af36e17b-b8a4-4f84-86a0-0fd978d9b9ee
11-26 11:02:05.406  5709 10510 I Finsky:background: [252] DS: DS: onRemove(request_id=77, files_to_download=[config.en(size:19951)], context[group_id=com.google.android.tts:YVvMKA_eSxCugLY6FcB4zg], display_data[invisible=true, title=Speech Recognition & Synthesis], network_restrictions=UNMETERED_ONLY status=succeeded, bytes_downloaded=19951, total_bytes=19951, retry[count=0, next_retry=n/a])
11-26 11:02:05.407  5709  5798 I Finsky:background: [59] RM: remove resourceRequestId=af36e17b-b8a4-4f84-86a0-0fd978d9b9ee requestId=78 package=com.google.android.tts artifact=com.google.android.tts.dm isid=YVvMKA_eSxCugLY6FcB4zg
11-26 11:02:05.407  5709  5798 I Finsky:background: [59] DSC: remove(78)
11-26 11:02:05.408  5709  5798 I Finsky:background: [59] DS: remove(request_id=78)
11-26 11:02:05.456  6419  6419 I Finsky  : [2] DL: Data loader session turned off due to Incremental install not requested: com.google.android.tts
11-26 11:02:05.497  5709  5793 I Finsky:background: [55] RF::TC: Deleting temp copy: config.xxhdpi
11-26 11:02:05.497  5709  5793 I Finsky:background: [55] RM: remove resources for request eba4b202-ba0e-4cef-b3ce-c6979301ea92
11-26 11:02:05.498  5709  5709 I Finsky:background: [2] PIM: Ignore install package event for: com.google.android.tts, isid: YVvMKA_eSxCugLY6FcB4zg
11-26 11:02:05.533  5709 10555 I Finsky:background: [261] IQ: Notifying installation update. [Package:com.google.android.tts, isid:YVvMKA_eSxCugLY6FcB4zg], status=DOWNLOADING, status_code=0, reason=auto_update, tsc=PT8M26.22S, attempt=0
11-26 11:02:05.594  5709 10510 I Finsky:background: [252] DS: DS: onRemove(request_id=78, files_to_download=[com.google.android.tts.dm(size:303403)], context[group_id=com.google.android.tts:YVvMKA_eSxCugLY6FcB4zg], display_data[invisible=true, title=Speech Recognition & Synthesis], network_restrictions=UNMETERED_ONLY status=succeeded, bytes_downloaded=303403, total_bytes=303403, retry[count=0, next_retry=n/a])
11-26 11:02:05.617  5709  5793 I Finsky:background: [55] RM: remove resourceRequestId=eba4b202-ba0e-4cef-b3ce-c6979301ea92 requestId=80 package=com.google.android.tts artifact=config.xxhdpi isid=YVvMKA_eSxCugLY6FcB4zg
11-26 11:02:05.617  5709  5793 I Finsky:background: [55] DSC: remove(80)
11-26 11:02:05.644  5709  5793 I Finsky:background: [55] DS: remove(request_id=80)
11-26 11:02:05.645  6419  6419 I Finsky  : [2] IQ::HLD: if pauseAppUpdates is called now, it must wait for these ongoing installs: [[Package:com.google.android.apps.restore, isid:ev2-PnnHQCqgDmTwlZhBxg], [Package:com.google.android.partnersetup, isid:qXIMFIE1Rl-xHbGBabnTNQ], [Package:com.google.android.tts, isid:YVvMKA_eSxCugLY6FcB4zg]]
11-26 11:02:05.667  6419  6483 I Finsky  : [61] Completed 0 account content syncs with 0 successful.
11-26 11:02:05.667  6419  6419 I Finsky  : [2] [ContentSync] Installation state replication succeeded.
11-26 11:02:05.667  6419  6419 I Finsky  : [2] SCH: jobFinished: 12-1. TimeElapsed: 31136ms.
11-26 11:02:05.667  6419  6419 I Finsky  : [2] WM::SCH: Logging work end for 12-1
11-26 11:02:05.842  6419  6425 W android.vending: Suspending all threads took: 17.508ms
11-26 11:02:05.924  5709 10510 I Finsky:background: [252] DS: DS: onRemove(request_id=80, files_to_download=[config.xxhdpi(size:53610)], context[group_id=com.google.android.tts:YVvMKA_eSxCugLY6FcB4zg], display_data[invisible=true, title=Speech Recognition & Synthesis], network_restrictions=UNMETERED_ONLY status=succeeded, bytes_downloaded=53610, total_bytes=53610, retry[count=0, next_retry=n/a])
11-26 11:02:05.908   618   618 W binder:618_F: type=1400 audit(0.0:125): avc:  denied  { getopt } for  scontext=u:r:system_server:s0 tcontext=u:r:shell:s0 tclass=unix_stream_socket permissive=0
11-26 11:02:05.940   618  1681 E SystemServiceRegistry: No service published for: persistent_data_block
11-26 11:02:05.940   618  1681 E SystemServiceRegistry: android.os.ServiceManager$ServiceNotFoundException: No service published for: persistent_data_block
11-26 11:02:05.940   618  1681 E SystemServiceRegistry: 	at android.os.ServiceManager.getServiceOrThrow(ServiceManager.java:203)
11-26 11:02:05.940   618  1681 E SystemServiceRegistry: 	at android.app.SystemServiceRegistry$82.createService(SystemServiceRegistry.java:1110)
11-26 11:02:05.940   618  1681 E SystemServiceRegistry: 	at android.app.SystemServiceRegistry$82.createService(SystemServiceRegistry.java:1107)
11-26 11:02:05.940   618  1681 E SystemServiceRegistry: 	at android.app.SystemServiceRegistry$StaticServiceFetcher.getService(SystemServiceRegistry.java:2405)
11-26 11:02:05.940   618  1681 E SystemServiceRegistry: 	at android.app.SystemServiceRegistry.getSystemService(SystemServiceRegistry.java:1918)
11-26 11:02:05.940   618  1681 E SystemServiceRegistry: 	at android.app.ContextImpl.getSystemService(ContextImpl.java:2315)
11-26 11:02:05.940   618  1681 E SystemServiceRegistry: 	at android.content.Context.getSystemService(Context.java:4630)
11-26 11:02:05.940   618  1681 E SystemServiceRegistry: 	at com.android.server.pm.PackageInstallerSession.markAsSealed(PackageInstallerSession.java:2449)
11-26 11:02:05.940   618  1681 E SystemServiceRegistry: 	at com.android.server.pm.PackageInstallerSession.commit(PackageInstallerSession.java:2198)
11-26 11:02:05.940   618  1681 E SystemServiceRegistry: 	at android.content.pm.PackageInstaller$Session.commit(PackageInstaller.java:1988)
11-26 11:02:05.940   618  1681 E SystemServiceRegistry: 	at com.android.server.pm.PackageManagerShellCommand.doCommitSession(PackageManagerShellCommand.java:4316)
11-26 11:02:05.940   618  1681 E SystemServiceRegistry: 	at com.android.server.pm.PackageManagerShellCommand.doRunInstall(PackageManagerShellCommand.java:1641)
11-26 11:02:05.940   618  1681 E SystemServiceRegistry: 	at com.android.server.pm.PackageManagerShellCommand.runInstall(PackageManagerShellCommand.java:1562)
11-26 11:02:05.940   618  1681 E SystemServiceRegistry: 	at com.android.server.pm.PackageManagerShellCommand.onCommand(PackageManagerShellCommand.java:246)
11-26 11:02:05.940   618  1681 E SystemServiceRegistry: 	at com.android.modules.utils.BasicShellCommandHandler.exec(BasicShellCommandHandler.java:97)
11-26 11:02:05.940   618  1681 E SystemServiceRegistry: 	at android.os.ShellCommand.exec(ShellCommand.java:38)
11-26 11:02:05.940   618  1681 E SystemServiceRegistry: 	at com.android.server.pm.PackageManagerService$IPackageManagerImpl.onShellCommand(PackageManagerService.java:6684)
11-26 11:02:05.940   618  1681 E SystemServiceRegistry: 	at android.os.Binder.shellCommand(Binder.java:1151)
11-26 11:02:05.940   618  1681 E SystemServiceRegistry: 	at android.os.Binder.onTransact(Binder.java:953)
11-26 11:02:05.940   618  1681 E SystemServiceRegistry: 	at android.content.pm.IPackageManager$Stub.onTransact(IPackageManager.java:4729)
11-26 11:02:05.940   618  1681 E SystemServiceRegistry: 	at com.android.server.pm.PackageManagerService$IPackageManagerImpl.onTransact(PackageManagerService.java:6668)
11-26 11:02:05.940   618  1681 E SystemServiceRegistry: 	at android.os.Binder.execTransactInternal(Binder.java:1426)
11-26 11:02:05.940   618  1681 E SystemServiceRegistry: 	at android.os.Binder.execTransact(Binder.java:1365)
