11-26 11:01:41.538   618  1049 W ContentProviderHelper: Slow operation: 870ms so far, now at getContentProviderImpl: after start process
11-26 11:01:41.538   618  1049 W ContentProviderHelper: Slow operation: 870ms so far, now at getContentProviderImpl: updating data structures
11-26 11:01:41.538   618  1049 W ContentProviderHelper: Slow operation: 870ms so far, now at getContentProviderImpl: done!
11-26 11:01:41.587  1177  1416 D SatelliteController: iisInCarrierRoamingNbIotNtn: satellite is disabled
11-26 11:01:41.822  5709 10533 I Finsky:background: [257] SCH: Job 40-9998 starting
11-26 11:01:41.870  1177  1416 D SatelliteController: iisInCarrierRoamingNbIotNtn: satellite is disabled
11-26 11:01:41.871  1177  1416 D SatelliteController: iisInCarrierRoamingNbIotNtn: satellite is disabled
11-26 11:01:41.893  6241  8650 I Icing   : IndexChimeraService.getServiceInterface callingPackage=com.google.android.gms componentName=AppsCorpus serviceId=36
11-26 11:01:42.592  1177  1416 D SatelliteController: iisInCarrierRoamingNbIotNtn: satellite is disabled
11-26 11:01:42.606   618   681 D ActivityManager: sync unfroze 5884 com.android.vending:quick_launch for 10
11-26 11:01:42.607   618   681 D ActivityManager: sync unfroze 5802 com.android.vending:instant_app_installer for 10
11-26 11:01:42.684   992  1156 W Looper  : Slow delivery took 2823ms SysUiBg app=com.android.systemui main=false group=FOREGROUND h=android.os.Handler c=android.telephony.TelephonyCallback$IPhoneStateListenerStub$$ExternalSyntheticLambda52@d5007be m=0
11-26 11:01:42.684   992  1156 W Looper  : Slow dispatch took 2989ms SysUiBg app=com.android.systemui main=false group=FOREGROUND h=android.os.Handler c=android.telephony.TelephonyCallback$IPhoneStateListenerStub$$ExternalSyntheticLambda52@d5007be m=0
11-26 11:01:42.882  5884  5897 I Finsky:quick_launch: [46] Stats for Executor: bgExecutor ufy@b8c76e3[Running, pool size = 4, active threads = 0, queued tasks = 0, completed tasks = 33]
11-26 11:01:42.923  5884  5897 I Finsky:quick_launch: [46] Stats for Executor: LightweightExecutor ufy@d99f8e0[Running, pool size = 2, active threads = 0, queued tasks = 0, completed tasks = 23]
11-26 11:01:42.924  5884  5897 I Finsky:quick_launch: [46] Stats for Executor: BlockingExecutor ufy@2b62d3f[Running, pool size = 0, active threads = 0, queued tasks = 0, completed tasks = 1]
11-26 11:01:42.933  5884  5884 I Finsky:quick_launch: [2] Memory trim requested to level 40
11-26 11:01:42.943  5884  5884 D ActivityThread: Package [com.google.android.apps.wellbeing] reported as REPLACED, but missing application info. Assuming REMOVED.
11-26 11:01:43.522  5884  5884 D ActivityThread: Package [com.google.android.apps.wellbeing] reported as REPLACED, but missing application info. Assuming REMOVED.
11-26 11:01:43.896  5802  5802 D ActivityThread: Package [com.google.android.apps.wellbeing] reported as REPLACED, but missing application info. Assuming REMOVED.
11-26 11:01:44.705  5802  5802 D ActivityThread: Package [com.google.android.apps.wellbeing] reported as REPLACED, but missing application info. Assuming REMOVED.
11-26 11:01:44.710  5884  5884 I Finsky:quick_launch: [2] Memory trim requested to level 40
11-26 11:01:45.914  5709  5715 W ding:background: Suspending all threads took: 4.281s
11-26 11:01:46.170  5709  5709 I Finsky:background: [2] WM::SCH: Logging work start for 40-9998
11-26 11:01:46.173  5709  5709 I Finsky:background: [2] DS::IRJ: Running InvisibleRunJob
11-26 11:01:46.256  5709  5793 I Finsky:background: [55] DS: getDownload(request_id=76)
11-26 11:01:46.331  5709  5793 I Finsky:background: [55] DS: getDownload(request_id=77)
11-26 11:01:46.383  5709  5798 I Finsky:background: [59] DS: getDownload(request_id=76)
11-26 11:01:46.397  5709 10497 I SQLiteConnection: Long db operation: /data/user/0/com.android.vending/databases/resource_data.db
11-26 11:01:46.939   992  1156 W Looper  : Slow dispatch took 4255ms SysUiBg app=com.android.systemui main=false group=FOREGROUND h=android.os.Handler c=android.telephony.TelephonyCallback$IPhoneStateListenerStub$$ExternalSyntheticLambda52@863601f m=0
11-26 11:01:46.948   618   742 D ActivityManager: freezing 994 com.google.android.permissioncontroller
11-26 11:01:47.506   618   642 W Looper  : Slow delivery took 893ms android.fg app=system_server main=false group=FOREGROUND h=android.os.Handler c=com.android.server.am.SameProcessApplicationThread$$ExternalSyntheticLambda1@5345a6d m=0
11-26 11:01:47.506   618   642 W Looper  : Slow dispatch took 288ms android.fg app=system_server main=false group=FOREGROUND h=android.os.Handler c=com.android.server.am.SameProcessApplicationThread$$ExternalSyntheticLambda1@5345a6d m=0
11-26 11:01:47.797   618   904 D InetDiagMessage: Destroyed 0 sockets, proto=IPPROTO_TCP, family=AF_INET, states=14
11-26 11:01:48.030   618   904 D InetDiagMessage: Destroyed 0 sockets, proto=IPPROTO_TCP, family=AF_INET6, states=14
11-26 11:01:48.030   618   904 D InetDiagMessage: Destroyed live tcp sockets for uids={10208} in 234ms
11-26 11:01:48.476   618   951 D BackgroundInstallControlService: Package event received: 0
11-26 11:01:51.677  1177  1197 W m.android.phone: Suspending all threads took: 253.217ms
11-26 11:01:51.746   992  1159 W Looper  : Slow dispatch took 21317ms BroadcastRunning app=com.android.systemui main=false group=FOREGROUND h=android.os.Handler c=android.app.LoadedApk$ReceiverDispatcher$Args$$ExternalSyntheticLambda0@938f6c m=0
11-26 11:01:52.656  6241 10486 W Icing   : Usage reports not received in time.: java.util.concurrent.TimeoutException: Timed out waiting for Task
11-26 11:01:52.933   992  1159 W Looper  : Slow delivery took 24388ms BroadcastRunning app=com.android.systemui main=false group=FOREGROUND h=android.os.Handler c=android.app.LoadedApk$ReceiverDispatcher$Args$$ExternalSyntheticLambda0@f00e1ca m=0
11-26 11:01:53.830  6419 10535 I SQLiteConnection: Long db operation: /data/user/0/com.android.vending/databases/cache_performance_summary.db
11-26 11:01:53.830  6419 10535 I SQLiteConnection: Long db operation: /data/user/0/com.android.vending/databases/cache_performance_summary.db
11-26 11:01:52.933   992  1159 W Looper  : Slow dispatch took 1184ms BroadcastRunning app=com.android.systemui main=false group=FOREGROUND h=android.os.Handler c=android.app.LoadedApk$ReceiverDispatcher$Args$$ExternalSyntheticLambda0@f00e1ca m=0
11-26 11:01:54.798   992  1156 W Looper  : Slow dispatch took 5830ms SysUiBg app=com.android.systemui main=false group=FOREGROUND h=android.os.Handler c=android.telephony.TelephonyCallback$IPhoneStateListenerStub$$ExternalSyntheticLambda52@467df3b m=0
11-26 11:01:54.857  5709 10497 I SQLiteConnection: Long db operation: /data/user/0/com.android.vending/databases/resource_data.db
11-26 11:01:55.023  5709 10497 I SQLiteConnection: Long db operation: /data/user/0/com.android.vending/databases/resource_data.db
11-26 11:01:55.776  6241 10486 D SharedPreferencesImpl: Time required to fsync /data/user/0/com.google.android.gms/shared_prefs/usage_stats_manager_prefs.xml: [<1: 0, <2: 0, <4: 3, <8: 1, <16: 3, <32: 2, <64: 3, <128: 0, <256: 0, <512: 0, <1024: 1, <2048: 0, <4096: 0, <8192: 0, <16384: 0, >=16384: 0]
11-26 11:01:55.814  6419  6419 I Finsky  : [2] VerifyApps: Install-time verification requested for package com.google.android.apps.restore, PackageManager id = 9, Verifier id = eb082dae-8233-45b4-ad34-541519b70c63
11-26 11:01:56.097  5709 10526 I Finsky:background: [256] CronetDownloader: onRedirectReceived
11-26 11:01:56.453   618   653 E ActivityManager: ProcessRecord{b1f3a09 0:com.google.android.apps.wellbeing/u0a147} 6598 refused to die while trying to launch ProcessRecord{29001c8 0:com.google.android.apps.wellbeing/u0a147}, cancelling the process start
11-26 11:01:56.459   618   653 W ActivityManager: Unable to launch app com.google.android.apps.wellbeing/10147 for provider com.google.android.apps.wellbeing.api: launching app became null
11-26 11:01:56.637  1256  1831 E ActivityThread: Failed to find provider info for com.google.android.apps.wellbeing.api
11-26 11:01:56.932   618   642 W Looper  : Slow dispatch took 355ms android.fg app=system_server main=false group=FOREGROUND h=android.os.Handler c=com.android.server.location.injector.SystemAppForegroundHelper$$ExternalSyntheticLambda1@c493069 m=0
11-26 11:01:58.070  5709  5798 I Finsky:background: [59] RM: getStatus resourceRequestId=af36e17b-b8a4-4f84-86a0-0fd978d9b9ee requestId=78 package=com.google.android.tts artifact=com.google.android.tts.dm isid=YVvMKA_eSxCugLY6FcB4zg
11-26 11:01:58.071  5709  5798 I Finsky:background: [59] DSC: getDownload(78)
11-26 11:01:58.073  5709  5798 I Finsky:background: [59] DS: getDownload(request_id=78)
11-26 11:01:58.093  5709  5764 I ding:background: Waiting for a blocking GC ProfileSaver
11-26 11:01:58.488  5709  5764 I ding:background: WaitForGcToComplete blocked ProfileSaver on Background for 394.617ms
11-26 11:01:58.508  5709 10510 I Finsky:background: [252] DSC::L: Update all listeners for download <77:RUNNING:0%[0%]> in group com.google.android.tts:YVvMKA_eSxCugLY6FcB4zg
11-26 11:01:58.508  5709 10510 I Finsky:background: [252] DSC::L: Updating listener thw@cce880f for download <77:RUNNING:0%[0%]>
11-26 11:01:58.508  5709 10510 I Finsky:background: [252] DSC::L: Updating listener DownloadServiceManagerListener::rnk@5b0196e for download <77:RUNNING:0%[0%]>
11-26 11:01:58.509  5709 10510 I Finsky:background: [252] DSC::L: Updating listener DownloadServiceManagerListener::akgn@1228c21 for download <77:RUNNING:0%[0%]>
11-26 11:01:58.510  5709 10510 I Finsky:background: [252] DS: Received onProgress request_id=77
11-26 11:01:58.510  5709 10510 I Finsky:background: [252] RM: receive resource status onProgress download_request_id=77, group_id=config.en reason: auto_update isid: YVvMKA_eSxCugLY6FcB4zg, status_code=RESOURCE_STATUS_IN_PROGRESS, legacy_status_code=192, size: 0/19951
11-26 11:01:58.511  5709  5798 I Finsky:background: [59] RM: getStatus resourceRequestId=8b67e63b-1759-46d8-a265-a63f23388b17 requestId=77 package=com.google.android.tts artifact=config.en isid=YVvMKA_eSxCugLY6FcB4zg
11-26 11:01:58.511  5709  5798 I Finsky:background: [59] DSC: getDownload(77)
11-26 11:01:58.512  5709  5798 I Finsky:background: [59] DS: getDownload(request_id=77)
11-26 11:01:58.512  5709 10510 I Finsky:background: [252] DS::IDC: updateWith: <77:RUNNING:0%[0%]>
11-26 11:01:58.513  5709 10510 I Finsky:background: [252] DS: Current runningDownloadsCount: 1, maxSimultaneousDownloads: 4
11-26 11:01:58.513  5709 10510 I Finsky:background: [252] DS: Incremented runningDownloadsCount to: 2
11-26 11:01:58.515  5709 10510 I Finsky:background: [252] DS: DS: onGetDownload(request_id=76, files_to_download=[com.google.android.tts.apk(size:18630682)], context[group_id=com.google.android.tts:YVvMKA_eSxCugLY6FcB4zg], display_data[invisible=true, title=Speech Recognition & Synthesis], network_restrictions=UNMETERED_ONLY status=running, bytes_downloaded=0, total_bytes=18630682, retry[count=0, next_retry=n/a])
11-26 11:01:58.525  5709  5709 I Finsky:background: [2] RF: onProgress request_id=76 isid=YVvMKA_eSxCugLY6FcB4zg
11-26 11:01:58.525  5709  5709 I Finsky:background: [2] RF: resourceStatus for request_id=76 group=com.google.android.tts artifact=com.google.android.tts.apk collectedBytes= 0 / 18630682
11-26 11:01:58.526  5709  5709 I Finsky:background: [2] RF: Group=com.google.android.tts totalBytesDownloaded= 0 / 33145923 for 1 artifacts
11-26 11:01:58.532  5709 10510 I Finsky:background: [252] DS: DS: onGetDownload(request_id=77, files_to_download=[config.en(size:19951)], context[group_id=com.google.android.tts:YVvMKA_eSxCugLY6FcB4zg], display_data[invisible=true, title=Speech Recognition & Synthesis], network_restrictions=UNMETERED_ONLY status=running, bytes_downloaded=0, total_bytes=19951, retry[count=0, next_retry=n/a])
11-26 11:01:58.538  5709 10510 I Finsky:background: [252] DS: DS: onGetDownload(request_id=76, files_to_download=[com.google.android.tts.apk(size:18630682)], context[group_id=com.google.android.tts:YVvMKA_eSxCugLY6FcB4zg], display_data[invisible=true, title=Speech Recognition & Synthesis], network_restrictions=UNMETERED_ONLY status=running, bytes_downloaded=0, total_bytes=18630682, retry[count=0, next_retry=n/a])
11-26 11:01:58.538  5709 10510 I Finsky:background: [252] DS: DS: onGetDownload(request_id=78, files_to_download=[com.google.android.tts.dm(size:303403)], context[group_id=com.google.android.tts:YVvMKA_eSxCugLY6FcB4zg], display_data[invisible=true, title=Speech Recognition & Synthesis], network_restrictions=UNMETERED_ONLY status=queued[1], bytes_downloaded=0, total_bytes=303403, retry[count=0, next_retry=n/a])
11-26 11:01:58.554  5709 10510 I Finsky:background: [252] DS: DS: onGetDownload(request_id=77, files_to_download=[config.en(size:19951)], context[group_id=com.google.android.tts:YVvMKA_eSxCugLY6FcB4zg], display_data[invisible=true, title=Speech Recognition & Synthesis], network_restrictions=UNMETERED_ONLY status=running, bytes_downloaded=0, total_bytes=19951, retry[count=0, next_retry=n/a])
11-26 11:02:00.166  5709 10510 I Finsky:background: [252] DSC::L: Update all listeners for download <78:RUNNING:0%[0%]> in group com.google.android.tts:YVvMKA_eSxCugLY6FcB4zg
11-26 11:02:00.166  5709 10510 I Finsky:background: [252] DSC::L: Updating listener thw@cce880f for download <78:RUNNING:0%[0%]>
11-26 11:02:00.166  5709 10510 I Finsky:background: [252] DSC::L: Updating listener DownloadServiceManagerListener::rnk@5b0196e for download <78:RUNNING:0%[0%]>
11-26 11:02:00.166  5709 10510 I Finsky:background: [252] DSC::L: Updating listener DownloadServiceManagerListener::akgn@1228c21 for download <78:RUNNING:0%[0%]>
11-26 11:02:00.175  5709 10510 I Finsky:background: [252] DS: Received onProgress request_id=78
11-26 11:02:00.176  5709 10510 I Finsky:background: [252] RM: receive resource status onProgress download_request_id=78, group_id=com.google.android.tts.dm reason: auto_update isid: YVvMKA_eSxCugLY6FcB4zg, status_code=RESOURCE_STATUS_IN_PROGRESS, legacy_status_code=192, size: 0/303403
11-26 11:02:00.225  5709 10510 I Finsky:background: [252] DS::IDC: updateWith: <78:RUNNING:0%[0%]>
11-26 11:02:00.230  5709 10510 I Finsky:background: [252] DS: Current runningDownloadsCount: 2, maxSimultaneousDownloads: 4
11-26 11:02:00.230  5709 10510 I Finsky:background: [252] DS: Incremented runningDownloadsCount to: 3
11-26 11:02:00.258  5709  5793 I Finsky:background: [55] RM: getStatus resourceRequestId=af36e17b-b8a4-4f84-86a0-0fd978d9b9ee requestId=78 package=com.google.android.tts artifact=com.google.android.tts.dm isid=YVvMKA_eSxCugLY6FcB4zg
11-26 11:02:00.258  5709  5793 I Finsky:background: [55] DSC: getDownload(78)
11-26 11:02:00.267  5709  5793 I Finsky:background: [55] DS: getDownload(request_id=78)
11-26 11:02:00.270  5709 10510 I Finsky:background: [252] DS: DS: onGetDownload(request_id=78, files_to_download=[com.google.android.tts.dm(size:303403)], context[group_id=com.google.android.tts:YVvMKA_eSxCugLY6FcB4zg], display_data[invisible=true, title=Speech Recognition & Synthesis], network_restrictions=UNMETERED_ONLY status=running, bytes_downloaded=0, total_bytes=303403, retry[count=0, next_retry=n/a])
11-26 11:02:00.278  5709 10526 I Finsky:background: [256] CronetDownloader: onRedirectReceived
11-26 11:02:00.281  5709  5709 I Finsky:background: [2] Updated time lastBroadcast=2025-11-26T04:01:13.589Z current=2025-11-26T04:02:00.281Z
11-26 11:02:00.288  5709  5709 I Finsky:background: [2] bytesCompleted/bytesTotal/ratio = 0 / 33145923 / 0.000000
11-26 11:02:00.307  5709 10526 I Finsky:background: [256] CronetDownloader: onRedirectReceived
11-26 11:02:00.308  5709  5709 I Finsky:background: [2] RF: onStart request_id=76 isid=YVvMKA_eSxCugLY6FcB4zg
11-26 11:02:00.403  5709  9655 I Finsky:background: [165] IV2: onTaskProgress com.google.android.tts[iid:8] [isid:YVvMKA_eSxCugLY6FcB4zg] status:RESOURCE_FETCH_PROGRESS, size: 0/33145923
11-26 11:02:00.452  1177  1177 D CarrierSvcBindHelper: onHandleForceStop: [com.openinstall.flutter.example]
11-26 11:02:00.468  6241 10486 I Icing   : Usage reports ok 0, Failed Usage reports 0, indexed 0, rejected 0
11-26 11:02:00.485   618   762 V AccessibilityManagerService: onUserStateChangedLocked for userId: 0, forceUpdate: false
11-26 11:02:00.776   618   730 W Looper  : Slow dispatch took 13266ms appscheduling.default app=system_server main=false group=FOREGROUND h=com.android.server.AppStateTrackerImpl$MyHandler c=null m=0
11-26 11:02:00.776   618   730 I JobServiceContext: Letting 7628a18 #u0a146/10042 com.android.vending/com.google.android.finsky.scheduler.process.backgroundimpl.PhoneskyJobServiceBackground continue to run past min execution time
11-26 11:02:00.780  5709  5709 I Finsky:background: [2] RF: Preventing total bytes update to listeners
11-26 11:02:00.780  5709  5709 I Finsky:background: [2] RF: onProgress request_id=77 isid=YVvMKA_eSxCugLY6FcB4zg
11-26 11:02:00.780  5709  5709 I Finsky:background: [2] RF: resourceStatus for request_id=77 group=com.google.android.tts artifact=config.en collectedBytes= 0 / 19951
11-26 11:02:00.780  5709  5709 I Finsky:background: [2] RF: Group=com.google.android.tts totalBytesDownloaded= 0 / 33145923 for 2 artifacts
11-26 11:02:00.788   618   652 I ActivityManager: Waited long enough for: ServiceRecord{a82a04f u0 com.google.android.gms/.icing.service.IndexWorkerService c:com.google.android.gms}
11-26 11:02:00.843  5709 10510 I Finsky:background: [252] DS: enqueue with parallel downloads (request_id=79,groupId=com.google.android.tts:YVvMKA_eSxCugLY6FcB4zg)
11-26 11:02:00.844  5709 10510 I Finsky:background: [252] DS::CD: download(79)
11-26 11:02:00.844  5709 10510 I Finsky:background: [252] DSC::L: Update all listeners for download <79:QUEUED with WAITING_FOR_START:0%[0%]> in group com.google.android.tts:YVvMKA_eSxCugLY6FcB4zg
11-26 11:02:00.844  5709 10510 I Finsky:background: [252] DSC::L: Updating listener thw@cce880f for download <79:QUEUED with WAITING_FOR_START:0%[0%]>
11-26 11:02:00.844  5709 10510 I Finsky:background: [252] DSC::L: Updating listener DownloadServiceManagerListener::rnk@5b0196e for download <79:QUEUED with WAITING_FOR_START:0%[0%]>
11-26 11:02:00.845  5709 10510 I Finsky:background: [252] DSC::L: Updating listener DownloadServiceManagerListener::akgn@1228c21 for download <79:QUEUED with WAITING_FOR_START:0%[0%]>
11-26 11:02:00.845  5709 10510 I Finsky:background: [252] DS::IDC: updateWith: <79:QUEUED with WAITING_FOR_START:0%[0%]>
11-26 11:02:00.848   618   618 W Looper  : Slow dispatch took 13276ms main app=system_server main=true group=FOREGROUND h=android.app.ActivityThread$H c=android.app.LoadedApk$ReceiverDispatcher$Args$$ExternalSyntheticLambda0@9fee1ab m=0
11-26 11:02:00.870   618   618 W Looper  : Slow delivery took 12797ms main app=system_server main=true group=FOREGROUND h=com.android.server.alarm.AlarmManagerService$AlarmHandler c=android.app.ActivityManager$2$$ExternalSyntheticLambda0@f8a6008 m=0
11-26 11:02:01.045   992  1159 W Looper  : Drained
11-26 11:02:01.163  5709  5709 I Finsky:background: [2] RF: Preventing total bytes update to listeners
11-26 11:02:01.181  5709  5709 I Finsky:background: [2] RF: onProgress request_id=78 isid=YVvMKA_eSxCugLY6FcB4zg
11-26 11:02:01.182  5709  5709 I Finsky:background: [2] RF: resourceStatus for request_id=78 group=com.google.android.tts artifact=com.google.android.tts.dm collectedBytes= 0 / 303403
11-26 11:02:01.183  5709  5709 I Finsky:background: [2] RF: Group=com.google.android.tts totalBytesDownloaded= 0 / 33145923 for 3 artifacts
11-26 11:02:01.190  5709 10555 I Finsky:background: [261] IQ: Notifying installation update. [Package:com.google.android.tts, isid:YVvMKA_eSxCugLY6FcB4zg], status=DOWNLOADING, status_code=0, reason=auto_update, tsc=PT8M21.877S, attempt=0
11-26 11:02:01.529  5709  5709 I Finsky:background: [2] RF: Preventing total bytes update to listeners
11-26 11:02:01.910  5709  5793 I Finsky:background: [55] RM: new request resourceRequestId=9d50d026-e9ee-439a-b8ce-fd0f72f20551 requestId=79 package=com.google.android.tts artifact=config.arm64_v8a isid=YVvMKA_eSxCugLY6FcB4zg
11-26 11:02:02.075  5709 10510 I Finsky:background: [252] DS: enqueue with parallel downloads (request_id=80,groupId=com.google.android.tts:YVvMKA_eSxCugLY6FcB4zg)
11-26 11:02:02.076  5709 10510 I Finsky:background: [252] DS::CD: download(80)
11-26 11:02:02.076  5709 10510 I Finsky:background: [252] DSC::L: Update all listeners for download <80:QUEUED with WAITING_FOR_START:0%[0%]> in group com.google.android.tts:YVvMKA_eSxCugLY6FcB4zg
11-26 11:02:02.076  5709 10510 I Finsky:background: [252] DSC::L: Updating listener thw@cce880f for download <80:QUEUED with WAITING_FOR_START:0%[0%]>
11-26 11:02:02.076  5709 10510 I Finsky:background: [252] DSC::L: Updating listener DownloadServiceManagerListener::rnk@5b0196e for download <80:QUEUED with WAITING_FOR_START:0%[0%]>
11-26 11:02:02.077  5709 10510 I Finsky:background: [252] DSC::L: Updating listener DownloadServiceManagerListener::akgn@1228c21 for download <80:QUEUED with WAITING_FOR_START:0%[0%]>
11-26 11:02:02.077  5709 10510 I Finsky:background: [252] DS::IDC: updateWith: <80:QUEUED with WAITING_FOR_START:0%[0%]>
11-26 11:02:02.097   618   681 I PackageManager: Continuing with installation of file:///data/app/vmdl1757849888.tmp
11-26 11:02:02.156   618  1049 W ProcessStats: Tracking association SourceState{adc4a5a com.google.android.gms/10148 Service #13885} whose proc state 8 is better than process ProcessState{a0f448b com.google.android.gms.unstable/10148 pkg=com.google.android.gms} proc state 15 (1 skipped)
11-26 11:02:02.158   618   618 W Looper  : Drained
11-26 11:02:02.208  5709  5709 I Finsky:background: [2] SCH: job service start with id 10145.
11-26 11:02:02.355   618   762 W MagnificationConnectionManager: requestConnection duplicated request: connect=false, mConnectionState=DISCONNECTED
11-26 11:02:02.386  5709  5793 I Finsky:background: [55] RM: new request resourceRequestId=eba4b202-ba0e-4cef-b3ce-c6979301ea92 requestId=80 package=com.google.android.tts artifact=config.xxhdpi isid=YVvMKA_eSxCugLY6FcB4zg
11-26 11:02:02.405   618   712 D InstallDependencyHelper: No missing dependency for com.google.android.apps.restore
11-26 11:02:02.458  5709  5715 W ding:background: Suspending all threads took: 44.554ms
11-26 11:02:02.471   618   651 I system_server: AssetManager2(0xb400007d56b3dd78) locale list changing from [] to [en-US]
11-26 11:02:02.516  6241 10486 I Icing   : Indexing com.google.android.gms-apps from com.google.android.gms
11-26 11:02:02.624  5709 10510 I Finsky:background: [252] DSC::L: Update all listeners for download <79:RUNNING:0%[0%]> in group com.google.android.tts:YVvMKA_eSxCugLY6FcB4zg
11-26 11:02:02.624  5709 10510 I Finsky:background: [252] DSC::L: Updating listener thw@cce880f for download <79:RUNNING:0%[0%]>
11-26 11:02:02.624  5709 10510 I Finsky:background: [252] DSC::L: Updating listener DownloadServiceManagerListener::rnk@5b0196e for download <79:RUNNING:0%[0%]>
11-26 11:02:02.624  5709 10510 I Finsky:background: [252] DSC::L: Updating listener DownloadServiceManagerListener::akgn@1228c21 for download <79:RUNNING:0%[0%]>
11-26 11:02:02.624  5709 10510 I Finsky:background: [252] DS: Received onProgress request_id=79
11-26 11:02:02.624  5709 10510 I Finsky:background: [252] RM: receive resource status onProgress download_request_id=79, group_id=config.arm64_v8a reason: auto_update isid: YVvMKA_eSxCugLY6FcB4zg, status_code=RESOURCE_STATUS_IN_PROGRESS, legacy_status_code=192, size: 0/14138277
11-26 11:02:02.624  5709 10510 I Finsky:background: [252] DS::IDC: updateWith: <79:RUNNING:0%[0%]>
11-26 11:02:02.632  5709 10510 I Finsky:background: [252] DS: Current runningDownloadsCount: 3, maxSimultaneousDownloads: 4
11-26 11:02:02.633  5709 10510 I Finsky:background: [252] DS: Incremented runningDownloadsCount to: 4
11-26 11:02:02.634  6241 10486 I Icing   : Indexing done com.google.android.gms-apps
11-26 11:02:02.635  6241 10486 I Icing   : Indexing com.google.android.gms-apps from com.google.android.gms
11-26 11:02:02.635  6241 10486 I Icing   : Indexing done com.google.android.gms-apps
11-26 11:02:02.654  5709  5709 I Finsky:background: [2] PIM: Ignore install package event for: com.google.android.tts, isid: YVvMKA_eSxCugLY6FcB4zg
11-26 11:02:02.670  5709  5798 I Finsky:background: [59] RM: getStatus resourceRequestId=9d50d026-e9ee-439a-b8ce-fd0f72f20551 requestId=79 package=com.google.android.tts artifact=config.arm64_v8a isid=YVvMKA_eSxCugLY6FcB4zg
11-26 11:02:02.670  5709  5798 I Finsky:background: [59] DSC: getDownload(79)
11-26 11:02:02.670  5709  5798 I Finsky:background: [59] RM: getStatus resourceRequestId=9d50d026-e9ee-439a-b8ce-fd0f72f20551 requestId=79 package=com.google.android.tts artifact=config.arm64_v8a isid=YVvMKA_eSxCugLY6FcB4zg
11-26 11:02:02.670  5709  5798 I Finsky:background: [59] DSC: getDownload(79)
11-26 11:02:02.672  6419  6425 W android.vending: Suspending all threads took: 2.535s
11-26 11:02:02.673  5709  5798 I Finsky:background: [59] DS: getDownload(request_id=79)
11-26 11:02:02.673  5709  5798 I Finsky:background: [59] DS: getDownload(request_id=79)
11-26 11:02:02.677  5709  5798 I Finsky:background: [59] RM: getStatus resourceRequestId=eba4b202-ba0e-4cef-b3ce-c6979301ea92 requestId=80 package=com.google.android.tts artifact=config.xxhdpi isid=YVvMKA_eSxCugLY6FcB4zg
11-26 11:02:02.677  5709  5798 I Finsky:background: [59] DSC: getDownload(80)
11-26 11:02:02.677  5709  5798 I Finsky:background: [59] DS: getDownload(request_id=80)
11-26 11:02:02.682  5709 10510 I Finsky:background: [252] DS: DS: onGetDownload(request_id=79, files_to_download=[config.arm64_v8a(size:14138277)], context[group_id=com.google.android.tts:YVvMKA_eSxCugLY6FcB4zg], display_data[invisible=true, title=Speech Recognition & Synthesis], network_restrictions=UNMETERED_ONLY status=running, bytes_downloaded=0, total_bytes=14138277, retry[count=0, next_retry=n/a])
11-26 11:02:02.682  5709 10510 I Finsky:background: [252] DS: DS: onGetDownload(request_id=79, files_to_download=[config.arm64_v8a(size:14138277)], context[group_id=com.google.android.tts:YVvMKA_eSxCugLY6FcB4zg], display_data[invisible=true, title=Speech Recognition & Synthesis], network_restrictions=UNMETERED_ONLY status=running, bytes_downloaded=0, total_bytes=14138277, retry[count=0, next_retry=n/a])
11-26 11:02:02.682  5709 10510 I Finsky:background: [252] DS: DS: onGetDownload(request_id=80, files_to_download=[config.xxhdpi(size:53610)], context[group_id=com.google.android.tts:YVvMKA_eSxCugLY6FcB4zg], display_data[invisible=true, title=Speech Recognition & Synthesis], network_restrictions=UNMETERED_ONLY status=queued[1], bytes_downloaded=0, total_bytes=53610, retry[count=0, next_retry=n/a])
11-26 11:02:02.682  5709  5709 I Finsky:background: [2] RF: onProgress request_id=79 isid=YVvMKA_eSxCugLY6FcB4zg
11-26 11:02:02.682  5709  5709 I Finsky:background: [2] RF: resourceStatus for request_id=79 group=com.google.android.tts artifact=config.arm64_v8a collectedBytes= 0 / 14138277
11-26 11:02:02.682  5709  5709 I Finsky:background: [2] RF: Group=com.google.android.tts totalBytesDownloaded= 0 / 33145923 for 4 artifacts
11-26 11:02:02.692   618   681 V Configuration: Updating configuration, locales updated from [] to [en_US]
11-26 11:02:02.692   618   681 I system_server: AssetManager2(0xb400007d56aeeef8) locale list changing from [] to [en-US]
11-26 11:02:02.696  5709  5788 I Finsky:background: [50] SCH: Satisfied jobs for 10145 are: 40-9998
11-26 11:02:02.729  5709 10510 I Finsky:background: [252] DSC::L: Update all listeners for download <76:RUNNING:0%[0%]> in group com.google.android.tts:YVvMKA_eSxCugLY6FcB4zg
11-26 11:02:02.729  5709 10510 I Finsky:background: [252] DSC::L: Updating listener thw@cce880f for download <76:RUNNING:0%[0%]>
11-26 11:02:02.729  5709 10510 I Finsky:background: [252] DSC::L: Updating listener DownloadServiceManagerListener::rnk@5b0196e for download <76:RUNNING:0%[0%]>
11-26 11:02:02.729  5709 10510 I Finsky:background: [252] DSC::L: Updating listener DownloadServiceManagerListener::akgn@1228c21 for download <76:RUNNING:0%[0%]>
11-26 11:02:02.729  5709 10510 I Finsky:background: [252] DS: Received onProgress request_id=76
11-26 11:02:02.729  5709 10510 I Finsky:background: [252] RM: receive resource status onProgress download_request_id=76, group_id=com.google.android.tts.apk reason: auto_update isid: YVvMKA_eSxCugLY6FcB4zg, status_code=RESOURCE_STATUS_IN_PROGRESS, legacy_status_code=192, size: 0/18630682
11-26 11:02:02.729  5709 10510 I Finsky:background: [252] DS::IDC: updateWith: <76:RUNNING:0%[0%]>
11-26 11:02:02.732  5709  5709 I Finsky:background: [2] Updated time lastBroadcast=2025-11-26T04:02:00.281Z current=2025-11-26T04:02:02.732Z
11-26 11:02:02.732  5709  5709 I Finsky:background: [2] bytesCompleted/bytesTotal/ratio = 0 / 33145923 / 0.000000
11-26 11:02:02.737  5709  9655 I Finsky:background: [165] IV2: onTaskProgress com.google.android.tts[iid:8] [isid:YVvMKA_eSxCugLY6FcB4zg] status:RESOURCE_FETCH_PROGRESS, size: 0/33145923
11-26 11:02:02.742  5709 10561 I Finsky:background: [263] CronetDownloader: onRedirectReceived
11-26 11:02:02.744  5709  5798 I Finsky:background: [59] RM: getStatus resourceRequestId=60765554-33bd-40a9-b520-de3024d8a6e3 requestId=76 package=com.google.android.tts artifact=com.google.android.tts.apk isid=YVvMKA_eSxCugLY6FcB4zg
11-26 11:02:02.744  6419  6456 I Finsky  : [46] RECEIVER_PACKAGE_VERIFICATION#logWorkEndAndFinishGoAsync: TIMEOUT_BLOCKING_RECEIVER_WATCHER
11-26 11:02:02.744  5709  5798 I Finsky:background: [59] DSC: getDownload(76)
11-26 11:02:02.746  5709  5793 I Finsky:background: [55] DS: getDownload(request_id=76)
11-26 11:02:02.759  5709 10510 I Finsky:background: [252] DSC::L: Update all listeners for download <80:RUNNING:0%[0%]> in group com.google.android.tts:YVvMKA_eSxCugLY6FcB4zg
11-26 11:02:02.759  5709 10510 I Finsky:background: [252] DSC::L: Updating listener thw@cce880f for download <80:RUNNING:0%[0%]>
11-26 11:02:02.759  5709 10510 I Finsky:background: [252] DSC::L: Updating listener DownloadServiceManagerListener::rnk@5b0196e for download <80:RUNNING:0%[0%]>
11-26 11:02:02.759  5709 10510 I Finsky:background: [252] DSC::L: Updating listener DownloadServiceManagerListener::akgn@1228c21 for download <80:RUNNING:0%[0%]>
11-26 11:02:02.759  5709 10510 I Finsky:background: [252] DS: Received onProgress request_id=80
11-26 11:02:02.759  5709 10510 I Finsky:background: [252] RM: receive resource status onProgress download_request_id=80, group_id=config.xxhdpi reason: auto_update isid: YVvMKA_eSxCugLY6FcB4zg, status_code=RESOURCE_STATUS_IN_PROGRESS, legacy_status_code=192, size: 0/53610
11-26 11:02:02.759  5709 10510 I Finsky:background: [252] DS::IDC: updateWith: <80:RUNNING:0%[0%]>
11-26 11:02:02.759  5709 10510 I Finsky:background: [252] DS: Current runningDownloadsCount: 4, maxSimultaneousDownloads: 4
11-26 11:02:02.772  5709  5798 I Finsky:background: [59] RM: getStatus resourceRequestId=eba4b202-ba0e-4cef-b3ce-c6979301ea92 requestId=80 package=com.google.android.tts artifact=config.xxhdpi isid=YVvMKA_eSxCugLY6FcB4zg
11-26 11:02:02.772  5709  5798 I Finsky:background: [59] DSC: getDownload(80)
11-26 11:02:02.774  5709 10555 I Finsky:background: [261] IQ: Notifying installation update. [Package:com.google.android.tts, isid:YVvMKA_eSxCugLY6FcB4zg], status=DOWNLOADING, status_code=0, reason=auto_update, tsc=PT8M23.46S, attempt=0
11-26 11:02:02.777  5709  5798 I Finsky:background: [59] DS: getDownload(request_id=80)
11-26 11:02:02.788  6419  6456 I Finsky  : [46] RECEIVER_PACKAGE_VERIFICATION#logWorkEndAndFinishGoAsync: SUCCESS
11-26 11:02:02.800  5709 10510 I Finsky:background: [252] DSC::L: Update all listeners for download <76:RUNNING:0%[0%]> in group com.google.android.tts:YVvMKA_eSxCugLY6FcB4zg
11-26 11:02:02.800  5709 10510 I Finsky:background: [252] DSC::L: Updating listener thw@cce880f for download <76:RUNNING:0%[0%]>
11-26 11:02:02.800  5709 10510 I Finsky:background: [252] DSC::L: Updating listener DownloadServiceManagerListener::rnk@5b0196e for download <76:RUNNING:0%[0%]>
11-26 11:02:02.800  5709 10510 I Finsky:background: [252] DSC::L: Updating listener DownloadServiceManagerListener::akgn@1228c21 for download <76:RUNNING:0%[0%]>
11-26 11:02:02.800  5709 10510 I Finsky:background: [252] DS: Received onProgress request_id=76
11-26 11:02:02.804  5709 10510 I Finsky:background: [252] RM: receive resource status onProgress download_request_id=76, group_id=com.google.android.tts.apk reason: auto_update isid: YVvMKA_eSxCugLY6FcB4zg, status_code=RESOURCE_STATUS_IN_PROGRESS, legacy_status_code=192, size: 3246/18630682
11-26 11:02:02.806  5709  5793 I Finsky:background: [55] RM: getStatus resourceRequestId=60765554-33bd-40a9-b520-de3024d8a6e3 requestId=76 package=com.google.android.tts artifact=com.google.android.tts.apk isid=YVvMKA_eSxCugLY6FcB4zg
11-26 11:02:02.806  5709  5793 I Finsky:background: [55] DSC: getDownload(76)
11-26 11:02:02.809  5709  5798 I Finsky:background: [59] DS: getDownload(request_id=76)
11-26 11:02:02.813  5709 10510 I Finsky:background: [252] DS::IDC: updateWith: <76:RUNNING:0%[0%]>
11-26 11:02:02.816  5709  5709 I Finsky:background: [2] PIM: Ignore install package event for: com.google.android.tts, isid: YVvMKA_eSxCugLY6FcB4zg
11-26 11:02:02.826  5709 10510 I Finsky:background: [252] DS: DS: onGetDownload(request_id=76, files_to_download=[com.google.android.tts.apk(size:18630682)], context[group_id=com.google.android.tts:YVvMKA_eSxCugLY6FcB4zg], display_data[invisible=true, title=Speech Recognition & Synthesis], network_restrictions=UNMETERED_ONLY status=running, bytes_downloaded=3246, total_bytes=18630682, retry[count=0, next_retry=n/a])
11-26 11:02:02.826  5709  5709 I Finsky:background: [2] RF: onProgress request_id=76 isid=YVvMKA_eSxCugLY6FcB4zg
11-26 11:02:02.826  5709  5709 I Finsky:background: [2] RF: resourceStatus for request_id=76 group=com.google.android.tts artifact=com.google.android.tts.apk collectedBytes= 3246 / 18630682
11-26 11:02:02.826  5709  5709 I Finsky:background: [2] RF: Group=com.google.android.tts totalBytesDownloaded= 3246 / 33145923 for 4 artifacts
11-26 11:02:02.842   618   642 W Looper  : Drained
11-26 11:02:02.844  5709  5709 I Finsky:background: [2] RF: Preventing total bytes update to listeners
11-26 11:02:02.856  6419  6419 I Finsky  : [2] DL: Data loader session turned off due to Incremental install not requested: com.google.android.tts
11-26 11:02:02.858  6419  6419 I Finsky  : [2] DL: Data loader session turned off due to Incremental install not requested: com.google.android.tts
11-26 11:02:02.860   618   618 W Looper  : Slow dispatch took 258ms main app=system_server main=true group=FOREGROUND h=com.android.server.accessibility.AccessibilityManagerService$MainHandler c=<recycled PooledLambda@fcd399c> m=0
11-26 11:02:02.860   618   618 W Looper  : Slow delivery took 505ms main app=system_server main=true group=FOREGROUND h=com.android.server.accessibility.AccessibilityManagerService$MainHandler c=<recycled PooledLambda@bace1f6> m=0
11-26 11:02:02.860   618   618 W IPCThreadState: Sending oneway calls to frozen process.
11-26 11:02:02.862   618   618 W IPCThreadState: Sending oneway calls to frozen process.
11-26 11:02:02.862   618   618 W IPCThreadState: Sending oneway calls to frozen process.
11-26 11:02:02.862   618   618 W IPCThreadState: Sending oneway calls to frozen process.
11-26 11:02:02.862   618   618 W IPCThreadState: Sending oneway calls to frozen process.
11-26 11:02:02.862   618   618 W ActivityManager: pid 618 system sent binder code 4 with flags 1 to frozen apps and got error -32
11-26 11:02:02.877   413   413 I Zygote  : Process 10357 exited due to signal 9 (Killed)
11-26 11:02:02.892  5709 10510 I Finsky:background: [252] DSC::L: Update all listeners for download <78:RUNNING:0%[0%]> in group com.google.android.tts:YVvMKA_eSxCugLY6FcB4zg
11-26 11:02:02.893   618   618 W IPCThreadState: Sending oneway calls to frozen process.
11-26 11:02:02.893   618   618 W IPCThreadState: Sending oneway calls to frozen process.
11-26 11:02:02.904  5709 10510 I Finsky:background: [252] DSC::L: Updating listener thw@cce880f for download <78:RUNNING:0%[0%]>
11-26 11:02:02.905  5709 10510 I Finsky:background: [252] DSC::L: Updating listener DownloadServiceManagerListener::rnk@5b0196e for download <78:RUNNING:0%[0%]>
11-26 11:02:02.908  5709 10510 I Finsky:background: [252] DSC::L: Updating listener DownloadServiceManagerListener::akgn@1228c21 for download <78:RUNNING:0%[0%]>
11-26 11:02:02.908  5709 10510 I Finsky:background: [252] DS: Received onProgress request_id=78
11-26 11:02:02.908  5709 10510 I Finsky:background: [252] RM: receive resource status onProgress download_request_id=78, group_id=com.google.android.tts.dm reason: auto_update isid: YVvMKA_eSxCugLY6FcB4zg, status_code=RESOURCE_STATUS_IN_PROGRESS, legacy_status_code=192, size: 0/303403
11-26 11:02:02.908  5709 10510 I Finsky:background: [252] DS::IDC: updateWith: <78:RUNNING:0%[0%]>
11-26 11:02:02.931  5709 10510 I Finsky:background: [252] DSC::L: Update all listeners for download <77:RUNNING:0%[0%]> in group com.google.android.tts:YVvMKA_eSxCugLY6FcB4zg
11-26 11:02:02.931  5709 10510 I Finsky:background: [252] DSC::L: Updating listener thw@cce880f for download <77:RUNNING:0%[0%]>
11-26 11:02:02.931  5709 10510 I Finsky:background: [252] DSC::L: Updating listener DownloadServiceManagerListener::rnk@5b0196e for download <77:RUNNING:0%[0%]>
11-26 11:02:02.931  5709 10510 I Finsky:background: [252] DSC::L: Updating listener DownloadServiceManagerListener::akgn@1228c21 for download <77:RUNNING:0%[0%]>
11-26 11:02:02.931  5709 10510 I Finsky:background: [252] DS: Received onProgress request_id=77
11-26 11:02:02.931  5709 10510 I Finsky:background: [252] RM: receive resource status onProgress download_request_id=77, group_id=config.en reason: auto_update isid: YVvMKA_eSxCugLY6FcB4zg, status_code=RESOURCE_STATUS_IN_PROGRESS, legacy_status_code=192, size: 0/19951
11-26 11:02:02.931  5709 10510 I Finsky:background: [252] DS::IDC: updateWith: <77:RUNNING:0%[0%]>
11-26 11:02:02.931  5709 10510 I Finsky:background: [252] DSC::L: Update all listeners for download <78:RUNNING:10%[10%]> in group com.google.android.tts:YVvMKA_eSxCugLY6FcB4zg
11-26 11:02:02.931  5709 10510 I Finsky:background: [252] DSC::L: Updating listener thw@cce880f for download <78:RUNNING:10%[10%]>
11-26 11:02:02.931  5709 10510 I Finsky:background: [252] DSC::L: Updating listener DownloadServiceManagerListener::rnk@5b0196e for download <78:RUNNING:10%[10%]>
11-26 11:02:02.933  5709  5798 I Finsky:background: [59] RM: getStatus resourceRequestId=af36e17b-b8a4-4f84-86a0-0fd978d9b9ee requestId=78 package=com.google.android.tts artifact=com.google.android.tts.dm isid=YVvMKA_eSxCugLY6FcB4zg
11-26 11:02:02.933  5709  5798 I Finsky:background: [59] DSC: getDownload(78)
11-26 11:02:02.933  5709  5798 I Finsky:background: [59] DS: getDownload(request_id=78)
11-26 11:02:02.945   618   681 V Configuration: Updating configuration, locales updated from [] to [en_US]
11-26 11:02:02.956   618  1029 V ActivityManager: Got obituary of 10357:com.android.settings
11-26 11:02:02.958  5709 10510 I Finsky:background: [252] DSC::L: Updating listener DownloadServiceManagerListener::akgn@1228c21 for download <78:RUNNING:10%[10%]>
11-26 11:02:02.958  5709 10510 I Finsky:background: [252] DS: Received onProgress request_id=78
11-26 11:02:02.975   618   681 V Configuration: Updating configuration, locales updated from [] to [en_US]
11-26 11:02:02.976   618   681 W libc    : Access denied finding property "pm.dexopt.dm.require_manifest"
11-26 11:02:02.986  5709  5798 I Finsky:background: [59] RM: getStatus resourceRequestId=8b67e63b-1759-46d8-a265-a63f23388b17 requestId=77 package=com.google.android.tts artifact=config.en isid=YVvMKA_eSxCugLY6FcB4zg
11-26 11:02:02.986  5709  5798 I Finsky:background: [59] DSC: getDownload(77)
11-26 11:02:02.988  5709 10510 I Finsky:background: [252] RM: receive resource status onProgress download_request_id=78, group_id=com.google.android.tts.dm reason: auto_update isid: YVvMKA_eSxCugLY6FcB4zg, status_code=RESOURCE_STATUS_IN_PROGRESS, legacy_status_code=192, size: 32768/303403
11-26 11:02:02.989  5709 10510 I Finsky:background: [252] DS::IDC: updateWith: <78:RUNNING:10%[10%]>
11-26 11:02:02.989  5709 10510 I Finsky:background: [252] DS: DS: onGetDownload(request_id=80, files_to_download=[config.xxhdpi(size:53610)], context[group_id=com.google.android.tts:YVvMKA_eSxCugLY6FcB4zg], display_data[invisible=true, title=Speech Recognition & Synthesis], network_restrictions=UNMETERED_ONLY status=running, bytes_downloaded=0, total_bytes=53610, retry[count=0, next_retry=n/a])
11-26 11:02:03.057  5709  5798 I Finsky:background: [59] DS: getDownload(request_id=77)
11-26 11:02:03.064  5709  5793 I Finsky:background: [55] RM: getStatus resourceRequestId=af36e17b-b8a4-4f84-86a0-0fd978d9b9ee requestId=78 package=com.google.android.tts artifact=com.google.android.tts.dm isid=YVvMKA_eSxCugLY6FcB4zg
11-26 11:02:03.064  5709  5793 I Finsky:background: [55] DSC: getDownload(78)
11-26 11:02:03.065  5709  5793 I Finsky:background: [55] DS: getDownload(request_id=78)
11-26 11:02:03.078  5709  5709 I Finsky:background: [2] RF: onProgress request_id=80 isid=YVvMKA_eSxCugLY6FcB4zg
11-26 11:02:03.078  5709  5709 I Finsky:background: [2] RF: resourceStatus for request_id=80 group=com.google.android.tts artifact=config.xxhdpi collectedBytes= 0 / 53610
11-26 11:02:03.078  5709  5709 I Finsky:background: [2] RF: Group=com.google.android.tts totalBytesDownloaded= 3246 / 33145923 for 5 artifacts
11-26 11:02:03.087  5709 10510 I Finsky:background: [252] DSC::L: Update all listeners for download <77:RUNNING:100%[100%]> in group com.google.android.tts:YVvMKA_eSxCugLY6FcB4zg
11-26 11:02:03.087  5709 10510 I Finsky:background: [252] DSC::L: Updating listener thw@cce880f for download <77:RUNNING:100%[100%]>
11-26 11:02:03.087  5709 10510 I Finsky:background: [252] DSC::L: Updating listener DownloadServiceManagerListener::rnk@5b0196e for download <77:RUNNING:100%[100%]>
11-26 11:02:03.087  5709 10510 I Finsky:background: [252] DSC::L: Updating listener DownloadServiceManagerListener::akgn@1228c21 for download <77:RUNNING:100%[100%]>
11-26 11:02:03.087  5709 10510 I Finsky:background: [252] DS: Received onProgress request_id=77
11-26 11:02:03.088  5709 10510 I Finsky:background: [252] RM: receive resource status onProgress download_request_id=77, group_id=config.en reason: auto_update isid: YVvMKA_eSxCugLY6FcB4zg, status_code=RESOURCE_STATUS_IN_PROGRESS, legacy_status_code=192, size: 19951/19951
11-26 11:02:03.103  5709 10510 I Finsky:background: [252] DS::IDC: updateWith: <77:RUNNING:100%[100%]>
11-26 11:02:03.136  5709 10510 I Finsky:background: [252] DS: DS: onGetDownload(request_id=76, files_to_download=[com.google.android.tts.apk(size:18630682)], context[group_id=com.google.android.tts:YVvMKA_eSxCugLY6FcB4zg], display_data[invisible=true, title=Speech Recognition & Synthesis], network_restrictions=UNMETERED_ONLY status=running, bytes_downloaded=3246, total_bytes=18630682, retry[count=0, next_retry=n/a])
11-26 11:02:03.137  5709 10510 I Finsky:background: [252] DS: Decremented runningDownloadsCount to: 3
11-26 11:02:03.137  5709 10510 I Finsky:background: [252] DS: Current runningDownloadsCount: 3, maxSimultaneousDownloads: 4
11-26 11:02:03.137  5709 10510 I Finsky:background: [252] DS: Incremented runningDownloadsCount to: 4
11-26 11:02:03.147  5709  5798 I Finsky:background: [59] RM: getStatus resourceRequestId=8b67e63b-1759-46d8-a265-a63f23388b17 requestId=77 package=com.google.android.tts artifact=config.en isid=YVvMKA_eSxCugLY6FcB4zg
11-26 11:02:03.147  5709  5798 I Finsky:background: [59] DSC: getDownload(77)
11-26 11:02:03.147  5709  5798 I Finsky:background: [59] DS: getDownload(request_id=77)
11-26 11:02:03.151   618   681 I PackageManager: Update system package com.google.android.apps.restore code path from /product/priv-app/GoogleRestorePrebuilt-v717308 to /data/app/vmdl1757849888.tmp; Retain data and using new
11-26 11:02:03.179  5709  5715 W ding:background: Suspending all threads took: 40.981ms
11-26 11:02:03.190  5709  5709 I Finsky:background: [2] RF: Preventing total bytes update to listeners
11-26 11:02:03.190  5709  5709 I Finsky:background: [2] RF: onProgress request_id=76 isid=YVvMKA_eSxCugLY6FcB4zg
11-26 11:02:03.190  5709  5709 I Finsky:background: [2] RF: resourceStatus for request_id=76 group=com.google.android.tts artifact=com.google.android.tts.apk collectedBytes= 3246 / 18630682
11-26 11:02:03.190  5709  5709 I Finsky:background: [2] RF: Group=com.google.android.tts totalBytesDownloaded= 3246 / 33145923 for 5 artifacts
11-26 11:02:03.191  5709  5709 I Finsky:background: [2] RF: Preventing total bytes update to listeners
11-26 11:02:03.213   618   651 I system_server: AssetManager2(0xb400007d56b337d8) locale list changing from [] to [en-US]
11-26 11:02:03.236  6419  6419 I Finsky  : [2] IQ::HLD: if pauseAppUpdates is called now, it must wait for these ongoing installs: [[Package:com.google.android.apps.restore, isid:ev2-PnnHQCqgDmTwlZhBxg], [Package:com.google.android.partnersetup, isid:qXIMFIE1Rl-xHbGBabnTNQ], [Package:com.google.android.tts, isid:YVvMKA_eSxCugLY6FcB4zg]]
11-26 11:02:03.236  6419  6419 I Finsky  : [2] IQ::HLD: if pauseAppUpdates is called now, it must wait for these ongoing installs: [[Package:com.google.android.apps.restore, isid:ev2-PnnHQCqgDmTwlZhBxg], [Package:com.google.android.partnersetup, isid:qXIMFIE1Rl-xHbGBabnTNQ], [Package:com.google.android.tts, isid:YVvMKA_eSxCugLY6FcB4zg]]
11-26 11:02:03.298  6419 10425 I Finsky  : [302] VerifyApps: Anti-malware verification task started for package=com.google.android.apps.restore
11-26 11:02:03.299  6419 10425 I Finsky  : [302] VerifyApps: Skipping verification. Finsky installation
11-26 11:02:03.299  6419 10425 I Finsky  : [302] VerifyApps: Skipping anti malware verification (preconditions not met). package=com.google.android.apps.restore
11-26 11:02:03.333  5709 10510 I Finsky:background: [252] DS: Decremented runningDownloadsCount to: 3
11-26 11:02:03.333  5709 10510 I Finsky:background: [252] DS: Current runningDownloadsCount: 3, maxSimultaneousDownloads: 4
11-26 11:02:03.336  5709 10549 I ding:background: IncrementDisableThreadFlip blocked for 86.404ms
11-26 11:02:03.396  5709 10510 I Finsky:background: [252] DSC::L: Update all listeners for download <77:SUCCEEDED> in group com.google.android.tts:YVvMKA_eSxCugLY6FcB4zg
11-26 11:02:03.396  5709 10510 I Finsky:background: [252] DSC::L: Updating listener thw@cce880f for download <77:SUCCEEDED>
11-26 11:02:03.396  5709 10510 I Finsky:background: [252] DSC::L: Updating listener DownloadServiceManagerListener::rnk@5b0196e for download <77:SUCCEEDED>
11-26 11:02:03.396  5709 10510 I Finsky:background: [252] DSC::L: Updating listener DownloadServiceManagerListener::akgn@1228c21 for download <77:SUCCEEDED>
11-26 11:02:03.397  5709 10510 I Finsky:background: [252] RM: receive resource status onSuccess config.en reason: auto_update isid: YVvMKA_eSxCugLY6FcB4zg, 3, 200, size: 19951/19951
11-26 11:02:03.407  6419 10425 I Finsky  : [302] VerifyApps AdvancedProtection: Verify AP install started
11-26 11:02:03.407  6419 10425 I Finsky  : [302] VerifyApps AdvancedProtection: Allowing install because there are no Advanced Protection users
11-26 11:02:03.411  6419  6419 I Finsky  : [2] VerifyApps AdvancedProtection: Reported Advanced Protection verification result: ALLOW
11-26 11:02:03.413  5709 10562 I Finsky:background: [264] CronetDownloader: onRedirectReceived
11-26 11:02:03.415  6419 10425 I Finsky  : [302] Skipping logging for attempted installation. This is a Play Store installation.
11-26 11:02:03.431  6419 10425 I Finsky  : [302] VerifyApps: Returning package verification result id=9, result=ALLOW
11-26 11:02:03.439  6419  6419 I Finsky  : [2] VerifyApps: Install-time verification complete: id=9, package_name=com.google.android.apps.restore
11-26 11:02:03.456  1177  1177 D CarrierSvcBindHelper: No carrier app for: 0
11-26 11:02:03.457  1177  1177 D CarrierSvcBindHelper: onHandleForceStop: [com.openinstall.flutter.example]
11-26 11:02:03.457  1177  1177 D CarrierSvcBindHelper: No carrier app for: 0
11-26 11:02:03.476  5709 10571 I Finsky:background: [268] DU: Stored data usage stats for package com.google.android.tts; completed bytes: 19951.
11-26 11:02:03.486  5709 10510 I Finsky:background: [252] DS::IDC: updateWith: <77:SUCCEEDED>
11-26 11:02:03.487  5709 10510 I Finsky:background: [252] DSC::L: Update all listeners for download <78:RUNNING:100%[100%]> in group com.google.android.tts:YVvMKA_eSxCugLY6FcB4zg
11-26 11:02:03.487  5709 10510 I Finsky:background: [252] DSC::L: Updating listener thw@cce880f for download <78:RUNNING:100%[100%]>
11-26 11:02:03.487  5709 10510 I Finsky:background: [252] DSC::L: Updating listener DownloadServiceManagerListener::rnk@5b0196e for download <78:RUNNING:100%[100%]>
11-26 11:02:03.487  5709 10510 I Finsky:background: [252] DSC::L: Updating listener DownloadServiceManagerListener::akgn@1228c21 for download <78:RUNNING:100%[100%]>
11-26 11:02:03.487  5709 10510 I Finsky:background: [252] DS: Received onProgress request_id=78
11-26 11:02:03.487  5709 10510 I Finsky:background: [252] RM: receive resource status onProgress download_request_id=78, group_id=com.google.android.tts.dm reason: auto_update isid: YVvMKA_eSxCugLY6FcB4zg, status_code=RESOURCE_STATUS_IN_PROGRESS, legacy_status_code=192, size: 303403/303403
11-26 11:02:03.507  1177  1416 D SatelliteController: iisInCarrierRoamingNbIotNtn: satellite is disabled
11-26 11:02:03.532  1177  1416 D SatelliteController: iisInCarrierRoamingNbIotNtn: satellite is disabled
