11-26 11:00:57.853   618   976 W Looper  : Slow dispatch took 2535ms android.perm app=system_server main=false group=FOREGROUND h=android.os.Handler c=com.android.internal.infra.AndroidFuture$$ExternalSyntheticLambda2@ecd774d m=0
11-26 11:00:57.903  6419  6456 I Finsky  : [46] RECEIVER_PACKAGE_MONITOR#logWorkEndAndFinishGoAsync: SUCCESS
11-26 11:00:57.967   618   951 D BackgroundInstallControlService: Package event received: 0
11-26 11:00:58.076   618   643 W Looper  : Drained
11-26 11:00:58.079  1177  1408 D ImsResolver: maybeAddedImsService, packageName: com.google.android.apps.wellbeing
11-26 11:00:58.669  5709  6064 D Volley  : [103] mjb.a: HTTP response for request=<[ ] https://play-fe.googleapis.com/fdfe/delivery?doc=com.google.android.tts&ot=1&vc=210597454&bvc=210526444&pf=1&pf=2&pf=3&pf=5&pf=8&pf=9&pf=10&pf=11&da=2&bf=0&fdcf=1&fdcf=2&ch=OJGKRT0HGZNU-LGa8F7GViztV4g&dtok=AB-xQnqluLKhW-eiE2oQgz6wPUAzcKWWnEimfYpTyzZGrMzM2PviMI7mJBhh-XtxgVRjUNg6S-M6X6czKoUWqnQuOiMbbRLiovP77J1N9bW7gIbHwwfg1sYhnwZOZRxyKm8YxQ_C8oxcJuVAkxdFfV5txKk1FTMFQsLM8oXOEJkgxliXFw5zhHOFhIkt3en3Jlh6ksQ3u8xf&dsp=CjESLwotCis4UDFzVzBFUEpjc2x3N1V6UnNpWEw2NHctTzUwRWQtUkJJQ3RheTFnMjRNIAs%3D&ia=false&isbg=1&isid=YVvMKA_eSxCugLY6FcB4zg&nocache_qos=lt 0x4be64f9b NORMAL 12> [lifetime=5990], [size=6819], [rc=200], [retryCount=0]
11-26 11:00:59.044   618   644 E AtomicFile: Failed to rename /data/system/install_sessions.xml.new to /data/system/install_sessions.xml
11-26 11:00:59.059  1090  1094 W rkstack.process: Suspending all threads took: 4.840s
11-26 11:00:59.394   618   951 D BackgroundInstallControlService: Package event received: 0
11-26 11:00:59.612  1177  1408 V ImsResolver: searchForImsServices: package=com.google.android.apps.wellbeing, users=[UserHandle{0}]
11-26 11:00:59.676  6241 10449 I gle.android.gms: AssetManager2(0xb400007d56a734d8) locale list changing from [] to [en-US]
11-26 11:00:59.760  1256  1292 D InstallSessionTracker: onCreated: Install session created for appPackageName=com.google.android.tts, sessionId=654443715, appIcon=null, appLabel=Speech Recognition & Synthesis
11-26 11:00:59.846  1177  1408 V ImsResolver: searchForImsServices: package=com.google.android.apps.wellbeing, users=[UserHandle{0}]
11-26 11:01:00.041   618   618 W Looper  : Slow dispatch took 2375ms main app=system_server main=true group=FOREGROUND h=android.app.ActivityThread$H c=android.app.LoadedApk$ReceiverDispatcher$Args$$ExternalSyntheticLambda0@4586a80 m=0
11-26 11:01:00.211  6933  8243 E WakeLock: CallbackRunner ** IS FORCE-RELEASED ON TIMEOUT ** [CONTEXT service_id=259 ]
11-26 11:01:00.271  6241 10472 I Auth    : (REDACTED) [SupervisedAccountIntentOperationV2] onHandleIntent: %s
11-26 11:01:00.510   618   740 W SensorService: Dropping 1 cached events (984/984) to save 1/1 new events. 15 events previously dropped
11-26 11:01:00.519   618   618 W Looper  : Slow dispatch took 308ms main app=system_server main=true group=FOREGROUND h=com.android.server.alarm.AlarmManagerService$AlarmHandler c=null m=7
11-26 11:01:00.617   618   652 W ActivityManager: Unable to launch app com.android.settings/1000 for provider com.android.settings.slices;android.settings.slices: launching app became null
11-26 11:01:02.371   618   652 I ActivityManager: Killing 10357:com.android.settings/1000 (adj 0): timeout publishing content providers
11-26 11:01:03.252   618   618 W Looper  : Slow dispatch took 1041ms main app=system_server main=true group=FOREGROUND h=com.android.server.alarm.AlarmManagerService$AlarmHandler c=null m=11
11-26 11:01:05.486   618   654 W libprocessgroup: Still waiting on process(es) to exit for cgroup /sys/fs/cgroup/system/uid_1000/pid_10357 after 2133 ms
11-26 11:01:05.487   618   654 E libprocessgroup: Unable to remove cgroup /sys/fs/cgroup/system/uid_1000/pid_10357: Device or resource busy
11-26 11:01:05.519  5709  5791 I SQLiteConnection: Long db operation: /data/user/0/com.android.vending/databases/localappstate.db
11-26 11:01:06.050  6933  6995 I ActivityScheduler: nextTriggerTime: 16152638, in 238099ms, detectorType: 39, FULL_TYPE alarmWindowMillis: 80000
11-26 11:01:06.527  1177  1177 W VvmPkgInstalledRcvr: carrierVvmPkgAdded: carrier vvm packages doesn't contain com.google.android.apps.wellbeing
11-26 11:01:06.576   618  2227 W AnrTimerService: error: canceling id=5772 pid=6419 uid=10146 status=expired
11-26 11:01:07.468  6933  8243 E WakeLock: PendingIntentClient ** IS FORCE-RELEASED ON TIMEOUT ** [CONTEXT service_id=259 ]
11-26 11:01:07.866   618   642 W Looper  : Slow dispatch took 43179ms android.fg app=system_server main=false group=FOREGROUND h=com.android.server.DropBoxManagerService$DropBoxManagerBroadcastHandler c=null m=1
11-26 11:01:07.875   618   653 E ActivityManager: ProcessRecord{b1f3a09 0:com.google.android.apps.wellbeing/u0a147} 6598 refused to die while trying to launch ProcessRecord{e3231b6 0:com.google.android.apps.wellbeing/u0a147}, cancelling the process start
11-26 11:01:08.209   618   643 W Looper  : Slow dispatch took 332ms android.ui app=system_server main=false group=TOP_APP h=com.android.server.am.ActivityManagerService$UiHandler c=com.android.server.am.UidObserverController$$ExternalSyntheticLambda0@3ab3ea6 m=0
11-26 11:01:08.754  5709 10470 I SQLiteConnection: Long db operation: /data/user/0/com.android.vending/databases/metadata_fetcher.db
11-26 11:01:08.754  5709 10470 I SQLiteConnection: Long db operation: /data/user/0/com.android.vending/databases/metadata_fetcher.db
11-26 11:01:08.769   618   740 W SensorService: Dropping 1 cached events (984/984) to save 1/1 new events. 9 events previously dropped
11-26 11:01:08.775   618   653 W ActivityManager: Unable to launch app com.google.android.apps.wellbeing/10147 for provider com.google.android.apps.wellbeing.api: launching app became null
11-26 11:01:08.857  1256  1831 E ActivityThread: Failed to find provider info for com.google.android.apps.wellbeing.api
11-26 11:01:09.044  5709  9655 I Finsky:background: [165] IV2: installer unavailable to accept com.google.android.apps.photos. Current active installs : 
11-26 11:01:09.044  5709  9655 I Finsky:background: com.google.android.apps.restore: installId: 6 isid: ev2-PnnHQCqgDmTwlZhBxg requested 3 min ago
11-26 11:01:09.044  5709  9655 I Finsky:background: com.google.android.partnersetup: installId: 7 isid: qXIMFIE1Rl-xHbGBabnTNQ requested 3 min ago
11-26 11:01:09.044  5709  9655 I Finsky:background: com.google.android.tts: installId: 8 isid: YVvMKA_eSxCugLY6FcB4zg requested 0 min ago
11-26 11:01:09.068   618   728 W ProcessStats: Tracking association SourceState{adc4a5a com.google.android.gms/10148 Service #13846} whose proc state 8 is better than process ProcessState{a0f448b com.google.android.gms.unstable/10148 pkg=com.google.android.gms} proc state 15 (2 skipped)
11-26 11:01:09.100  5709  9655 W Finsky:background: [165] IV2: cannot process install request now for [Package:com.google.android.apps.photos, isid:7oOIbzx2S22oUxYAPvC7Sw] with status code 1136
11-26 11:01:09.789  5709  5790 I Finsky:background: [52] IQ: start evaluating install requests.
11-26 11:01:10.158   618   742 D ActivityManager: freezing 1921 com.android.keychain
11-26 11:01:10.205   618   742 D ActivityManager: freezing 3456 com.android.dynsystem:dynsystem
11-26 11:01:10.270   618   742 D ActivityManager: freezing 3436 com.android.dynsystem
11-26 11:01:10.311   618   742 D ActivityManager: freezing 2019 com.android.localtransport
11-26 11:01:10.453   992  1156 W Looper  : Slow delivery took 1949ms SysUiBg app=com.android.systemui main=false group=FOREGROUND h=android.os.Handler c=com.android.internal.content.PackageMonitor$$ExternalSyntheticLambda0@9115aba m=0
11-26 11:01:10.611   618   742 D ActivityManager: freezing 4983 com.google.android.googlequicksearchbox:search
11-26 11:01:10.703   618   651 I system_server: AssetManager2(0xb400007d56a6c778) locale list changing from [] to [en-US]
11-26 11:01:10.798   618   740 W SensorService: Dropping 1 cached events (984/984) to save 1/1 new events. 29 events previously dropped
11-26 11:01:10.801  5709  9655 I Finsky:background: [165] IV2::TD: Fetching metadata done. com.google.android.tts[iid:8] [isid:YVvMKA_eSxCugLY6FcB4zg] [tid: 1000000014]
11-26 11:01:10.853   618   652 W ActivityManager: ProcessRecord{b1f3a09 0:com.google.android.apps.wellbeing/u0a147} is attached to a previous process 6598
11-26 11:01:10.944  6241 10472 I NearbyDiscovery: (REDACTED) processGrantSlicePermission: %s
11-26 11:01:11.075   618   642 W Looper  : Slow dispatch took 104ms android.fg app=system_server main=false group=FOREGROUND h=android.os.Handler c=com.android.server.am.SameProcessApplicationThread$$ExternalSyntheticLambda1@232a346 m=0
11-26 11:01:11.160   618   652 W ActivityManager: Slow operation: 306ms so far, now at startProcess: getting gids from package manager
11-26 11:01:11.215   618   652 W ActivityManager: Slow operation: 361ms so far, now at startProcess: building args
11-26 11:01:11.216   618   652 W ActivityManager: Slow operation: 363ms so far, now at startProcess: done starting proc!
11-26 11:01:11.809  6419  6498 I Finsky  : [72] AIM: AppInfoManager-Perf > ItemModel > CacheSize=0, cacheHitCount=0, cacheMissCount=1, total appsWithNoServerDataCount=0. Missed  in cache (limit 10) : [com.google.android.apps.wellbeing]
11-26 11:01:11.837  6419  6469 I Finsky  : [56] AIM: AppInfoManager-Perf > ItemModel > CacheSize=0, cacheHitCount=0, cacheMissCount=1, total appsWithNoServerDataCount=0. Missed  in cache (limit 10) : [com.google.android.apps.wellbeing]
11-26 11:01:11.948  5709 10344 I Finsky:background: [223] ICalc: Partition available space: 3437813760, install size: 73572593, min free: 311405772, additional needed: 0
11-26 11:01:12.071  5709  5791 I Finsky:background: [53] AV::DSC: sufficient disk space space available for com.google.android.tts[iid:8] [isid:YVvMKA_eSxCugLY6FcB4zg] [tid: 1000000014]: 73572593
11-26 11:01:12.370  6419  6498 I Finsky  : [72] AIM: AppInfoManager-Perf > ItemModel > ItemStore Called 1 apps cacheOptions = USE_CACHE
11-26 11:01:12.518  6419  6498 I Finsky  : [72] AIM: ItemModel fetch - unauth(1), auth()
11-26 11:01:12.652  6419  6469 I Finsky  : [56] AIM: AppInfoManager-Perf > ItemModel > ItemStore Called 1 apps cacheOptions = USE_CACHE
11-26 11:01:12.652  6419  6469 I Finsky  : [56] AIM: ItemModel fetch - unauth(1), auth()
11-26 11:01:12.769   618   740 W SensorService: Dropping 1 cached events (984/984) to save 1/1 new events. 29 events previously dropped
11-26 11:01:13.232  5709  5790 I Finsky:background: [52] IQ: There are 16 installs pending for job 9: [com.google.android.youtube, com.google.android.googlequicksearchbox, com.google.android.apps.messaging, com.google.android.apps.safetyhub, com.google.android.apps.accessibility.voiceaccess, com.google.android.deskclock, com.google.android.gm, com.google.android.dialer, com.google.android.apps.docs, com.google.android.apps.maps, com.google.android.contacts, com.google.android.apps.photos, com.google.android.calendar, com.google.android.accessibility.switchaccess, com.google.android.apps.youtube.music, com.google.android.inputmethod.latin]
11-26 11:01:13.291  5709  5791 W Finsky:background: [53] AV::PV: Can't download patch for package com.google.android.tts, artifact com.google.android.tts.apk, because didn't receive one in delivery response.
11-26 11:01:13.354  5709  5790 I Finsky:background: [52] IQ: 16 scheduled install statuses found to proceed. 
11-26 11:01:13.360  5709  5791 W Finsky:background: [53] AV::PV: Can't download patch for package com.google.android.tts, artifact config.xxhdpi, because didn't receive one in delivery response.
11-26 11:01:13.528  6241  6241 D BoundBrokerSvc: onBind: Intent { act=com.google.android.gms.common.BIND_SHARED_PREFS xflg=0x4 pkg=com.google.android.gms }
11-26 11:01:13.650  6241  6241 D BoundBrokerSvc: Loading bound service for intent: Intent { act=com.google.android.gms.common.BIND_SHARED_PREFS xflg=0x4 pkg=com.google.android.gms }
11-26 11:01:13.870   618   637 V SafetySourceDataValidat: Package: com.android.vending has expected signature
11-26 11:01:13.870   618   637 V SafetySourceDataValidat: Package: com.android.vending has expected signature
11-26 11:01:14.043  6241 10473 W SQLiteLog: (28) double-quoted string literal: "com.google.android.apps.wellbeing"
11-26 11:01:14.157  6419  6483 E Finsky  : [61] [Counters] attempted to use a non-positive increment for: 4751
11-26 11:01:14.217  6419  6496 E Finsky  : [70] [Counters] attempted to use a non-positive increment for: 4751
11-26 11:01:14.292  1177  1177 D SatelliteController: packageStateChanged: package:com.google.android.apps.wellbeing DefaultSmsPackageName:com.google.android.apps.messaging
11-26 11:01:14.387  1177  1177 V SatelliteController: Neither SMS or SatelliteGateway package
11-26 11:01:14.417   618   762 I system_server: AssetManager2(0xb400007d56b2d0b8) locale list changing from [] to [en-US]
11-26 11:01:14.750  1177  1416 D SatelliteController: iisInCarrierRoamingNbIotNtn: satellite is disabled
11-26 11:01:14.776   618   740 W SensorService: Dropping 1 cached events (984/984) to save 1/1 new events. 29 events previously dropped
11-26 11:01:14.809   618   652 I ActivityManager: Waited long enough for: ServiceRecord{f958f38 u0 com.google.android.gms/.icing.service.IndexWorkerService c:com.google.android.gms}
11-26 11:01:15.173  5709  5791 W Finsky:background: [53] AV::PV: Can't download patch for package com.google.android.tts, artifact config.en, because didn't receive one in delivery response.
11-26 11:01:15.280  6241  9982 W SettingsProtoDataStore: Failed to update settings field. [CONTEXT service_id=177 ]
11-26 11:01:15.280  6241  9982 W SettingsProtoDataStore: grlc: Timed out (timeout delayed by 805 ms after scheduled time): grky@83ec80b[status=PENDING]
11-26 11:01:15.298   618   618 W Looper  : Slow dispatch took 11026ms main app=system_server main=true group=FOREGROUND h=android.os.Handler c=com.android.server.telecom.DefaultDialerCache$1$$ExternalSyntheticLambda0@f2eb9f3 m=0
11-26 11:01:15.341  5709  5791 W Finsky:background: [53] AV::PV: Can't download patch for package com.google.android.tts, artifact config.arm64_v8a, because didn't receive one in delivery response.
11-26 11:01:15.347  5709  9655 I Finsky:background: [165] IV2::TD: Resource fetch start. com.google.android.tts[iid:8] [isid:YVvMKA_eSxCugLY6FcB4zg] [tid: 1000000014]
11-26 11:01:15.447   618   618 W Looper  : Slow dispatch took 117ms main app=system_server main=true group=FOREGROUND h=com.android.server.alarm.AlarmManagerService$AlarmHandler c=com.android.server.alarm.AlarmManagerService$2$$ExternalSyntheticLambda0@ec0b11a m=0
11-26 11:01:15.559  5709  9655 I Finsky:background: [165] IV2: onTaskProgress com.google.android.tts[iid:8] [isid:YVvMKA_eSxCugLY6FcB4zg] status:RESOURCE_FETCH_START, size: 0/0
11-26 11:01:15.586  5709  5794 I Finsky:background: [56] RF: No TaskData found for a new request.
11-26 11:01:15.632  5709 10488 I Finsky:background: [247] IQ: Notifying installation update. [Package:com.google.android.tts, isid:YVvMKA_eSxCugLY6FcB4zg], status=DOWNLOADING, status_code=0, reason=auto_update, tsc=PT7M36.319S, attempt=0
11-26 11:01:15.866   618   618 W Looper  : Slow dispatch took 216ms main app=system_server main=true group=FOREGROUND h=com.android.server.notification.NotificationManagerService$WorkerHandler c=com.android.server.notification.NotificationManagerService$CancelNotificationRunnable@701b832 m=0
11-26 11:01:15.948   992  1159 W Looper  : Drained
11-26 11:01:16.044  5709  5796 I Finsky:background: [58] RF: RowId of the upserted row is 1000000014.
11-26 11:01:16.610   618   618 W IPCThreadState: Sending oneway calls to frozen process.
11-26 11:01:16.611   618   618 W IPCThreadState: Sending oneway calls to frozen process.
11-26 11:01:16.641  6419 10491 I Finsky  : [311] SCH: Satisfied jobs for 9378 are: 10-11, 10-26, 10-123
11-26 11:01:16.727   618   618 W IPCThreadState: Sending oneway calls to frozen process.
11-26 11:01:16.787   618   618 W IPCThreadState: Sending oneway calls to frozen process.
11-26 11:01:16.942  6419  6419 I Finsky  : [2] DL: Data loader session turned off due to Incremental install not requested: com.google.android.apps.wellbeing
11-26 11:01:16.943  6419  6419 I Finsky  : [2] DL: Data loader session turned off due to Incremental install not requested: com.google.android.tts
11-26 11:01:16.968  5709  5709 I Finsky:background: [2] PIM: Ignore install package event for: com.google.android.tts, isid: YVvMKA_eSxCugLY6FcB4zg
11-26 11:01:17.825   618   618 E IPCThreadState: Binder transaction failure. id: 1612794, BR_*: 29189, error: -3 (No such process)
11-26 11:01:17.825   618   618 W ActivityManager: pid 618 system sent binder code 4 with flags 1 to frozen apps and got error -32
11-26 11:01:17.826   618   618 W IPCThreadState: Sending oneway calls to frozen process.
11-26 11:01:17.826   618   618 W IPCThreadState: Sending oneway calls to frozen process.
11-26 11:01:17.826   618   618 W Looper  : Slow dispatch took 1958ms main app=system_server main=true group=FOREGROUND h=com.android.server.accessibility.AccessibilityManagerService$MainHandler c=com.android.server.accessibility.AccessibilityManagerService$$ExternalSyntheticLambda4@35df6d7 m=0
11-26 11:01:17.859  5709  5796 I Finsky:background: [58] RM: create resource request id 60765554-33bd-40a9-b520-de3024d8a6e3 for request com.google.android.tts.apk reason: auto_update isid: YVvMKA_eSxCugLY6FcB4zg
11-26 11:01:18.088   618   618 W Looper  : Slow dispatch took 108ms main app=system_server main=true group=FOREGROUND h=com.android.server.alarm.AlarmManagerService$AlarmHandler c=com.android.server.alarm.AlarmManagerService$2$$ExternalSyntheticLambda0@181cbc4 m=0
11-26 11:01:18.119  6419  6425 W android.vending: Suspending all threads took: 835.685ms
11-26 11:01:18.509   618   618 W Looper  : Slow dispatch took 420ms main app=system_server main=true group=FOREGROUND h=com.android.server.power.Notifier$NotifierHandler c=com.android.server.power.Notifier$$ExternalSyntheticLambda2@df1aaad m=0
11-26 11:01:18.759  1177  1416 D SatelliteController: iisInCarrierRoamingNbIotNtn: satellite is disabled
11-26 11:01:18.818   618   618 W Looper  : Slow dispatch took 149ms main app=system_server main=true group=FOREGROUND h=android.app.ActivityThread$H c=android.app.LoadedApk$ReceiverDispatcher$Args$$ExternalSyntheticLambda0@d927b3a m=0
11-26 11:01:18.834   618   642 W Looper  : Drained
11-26 11:01:19.315   618   618 W Looper  : Slow dispatch took 488ms main app=system_server main=true group=FOREGROUND h=android.app.ActivityThread$H c=android.app.LoadedApk$ReceiverDispatcher$Args$$ExternalSyntheticLambda0@9b443c7 m=0
11-26 11:01:19.334  5709 10490 I SQLiteConnection: Long db operation: /data/user/0/com.android.vending/databases/resource_fetcher_data.db
11-26 11:01:19.387  5709  5794 I Finsky:background: [56] RM: create resource request id af36e17b-b8a4-4f84-86a0-0fd978d9b9ee for request com.google.android.tts.dm reason: auto_update isid: YVvMKA_eSxCugLY6FcB4zg
11-26 11:01:19.711  6419 10494 I SQLiteConnection: Long db operation: /data/user/0/com.android.vending/databases/offline_acquire_store.db
11-26 11:01:20.307  5709  5715 W ding:background: Suspending all threads took: 16.783ms
11-26 11:01:20.657  5709  9655 I Finsky:background: [165] IV2: installer unavailable to accept com.google.android.apps.photos. Current active installs : 
11-26 11:01:20.657  5709  9655 I Finsky:background: com.google.android.apps.restore: installId: 6 isid: ev2-PnnHQCqgDmTwlZhBxg requested 4 min ago
11-26 11:01:20.657  5709  9655 I Finsky:background: com.google.android.partnersetup: installId: 7 isid: qXIMFIE1Rl-xHbGBabnTNQ requested 4 min ago
11-26 11:01:20.657  5709  9655 I Finsky:background: com.google.android.tts: installId: 8 isid: YVvMKA_eSxCugLY6FcB4zg requested 0 min ago
11-26 11:01:20.657  5709  9655 W Finsky:background: [165] IV2: cannot process install request now for [Package:com.google.android.apps.photos, isid:7oOIbzx2S22oUxYAPvC7Sw] with status code 1136
11-26 11:01:21.313   618   618 W Looper  : Slow dispatch took 1876ms main app=system_server main=true group=FOREGROUND h=com.android.server.notification.NotificationManagerService$WorkerHandler c=com.android.server.notification.NotificationManagerService$CancelNotificationRunnable@dd5b560 m=0
11-26 11:01:21.583   618   976 W Looper  : Slow dispatch took 2855ms android.perm app=system_server main=false group=FOREGROUND h=android.os.Handler c=com.android.internal.infra.ServiceConnector$Impl$$ExternalSyntheticLambda0@981aa19 m=0
11-26 11:01:21.719  5709 10497 I SQLiteConnection: Long db operation: /data/user/0/com.android.vending/databases/resource_data.db
11-26 11:01:21.719  5709 10497 I SQLiteConnection: Long db operation: /data/user/0/com.android.vending/databases/resource_data.db
11-26 11:01:21.949  6419 10493 I Finsky  : [313] SCH: Job 10-11 starting
11-26 11:01:22.673   618   618 W Looper  : Drained
11-26 11:01:23.177  6419 10493 I Finsky  : [313] SCH: Job 10-26 starting
11-26 11:01:23.183  6419 10493 I Finsky  : [313] SCH: Job 10-123 starting
11-26 11:01:23.307  6419  6419 I Finsky  : [2] DL: Data loader session turned off due to Incremental install not requested: com.google.android.tts
11-26 11:01:24.309  6419  6489 I SQLiteConnection: Long db operation: /data/user/0/com.android.vending/databases/localappstate.db
11-26 11:01:24.372  6419 10495 I SQLiteConnection: Long db operation: /data/user/0/com.android.vending/databases/auto_update.db
11-26 11:01:24.372  6419 10495 I SQLiteConnection: Long db operation: /data/user/0/com.android.vending/databases/auto_update.db
11-26 11:01:24.482  5709 10497 I SQLiteConnection: Long db operation: /data/user/0/com.android.vending/databases/resource_data.db
11-26 11:01:24.482  5709 10497 I SQLiteConnection: Long db operation: /data/user/0/com.android.vending/databases/resource_data.db
11-26 11:01:24.705  1614  1919 I bdee    : (REDACTED) getHotwordActive::active query: %s, watch: %s, devices connected: %s
11-26 11:01:24.732  5709 10490 I SQLiteConnection: Long db operation: /data/user/0/com.android.vending/databases/resource_fetcher_data.db
11-26 11:01:24.889   618   653 E ActivityManager: ProcessRecord{b1f3a09 0:com.google.android.apps.wellbeing/u0a147} 6598 refused to die while trying to launch ProcessRecord{badbd88 0:com.google.android.apps.wellbeing/u0a147}, cancelling the process start
11-26 11:01:25.609   618   642 W Looper  : Slow dispatch took 475ms android.fg app=system_server main=false group=FOREGROUND h=android.os.Handler c=com.android.server.power.hint.HintManagerService$MyUidObserver$$ExternalSyntheticLambda1@8958351 m=0
11-26 11:01:25.615   618   642 W Looper  : Slow delivery took 656ms android.fg app=system_server main=false group=FOREGROUND h=android.os.Handler c=com.android.server.location.injector.SystemAppForegroundHelper$$ExternalSyntheticLambda1@751c7b6 m=0
11-26 11:01:25.810  5709  5796 I Finsky:background: [58] RM: create resource request id 8b67e63b-1759-46d8-a265-a63f23388b17 for request config.en reason: auto_update isid: YVvMKA_eSxCugLY6FcB4zg
11-26 11:01:25.961  6419  6468 I Finsky  : [55] WM::SCH: Logging work initialize for 12-1
11-26 11:01:26.145  5709  5798 I Finsky:background: [59] DSC: enqueue()
11-26 11:01:26.165  6419  6468 I Finsky  : [55] WM::SCH: Logging work initialize for 12-1
11-26 11:01:26.238  5709  5798 I Finsky:background: [59] DSC: enqueue()
11-26 11:01:26.280  5709  5793 I Finsky:background: [55] DSC: enqueue()
11-26 11:01:26.409  5709 10510 I Finsky:background: [252] DS: request_id=76 generated with shared preferences
11-26 11:01:26.410  5709 10510 I Finsky:background: [252] DS: enqueue(request_id=76, files_to_download=[com.google.android.tts.apk(size:18630682)], context[group_id=com.google.android.tts:YVvMKA_eSxCugLY6FcB4zg], display_data[invisible=true, title=Speech Recognition & Synthesis], network_restrictions=UNMETERED_ONLY
11-26 11:01:26.415  6419  6419 I Finsky  : [2] WM::SCH: Logging work start for 10-11
11-26 11:01:26.459  6419  6419 I Finsky  : [2] WM::SCH: Logging work start for 10-26
11-26 11:01:26.460  6419  6483 I Finsky  : [61] Running split install cleaner
11-26 11:01:26.493  6419  6419 I Finsky  : [2] WM::SCH: Logging work start for 10-123
11-26 11:01:26.493  6419  6419 I Finsky  : [2] AppRecoveryHygieneJob starting
11-26 11:01:26.493  6419  6419 I Finsky  : [2] IQ::HLD: if pauseAppUpdates is called now, it must wait for these ongoing installs: [[Package:com.google.android.apps.restore, isid:ev2-PnnHQCqgDmTwlZhBxg], [Package:com.google.android.partnersetup, isid:qXIMFIE1Rl-xHbGBabnTNQ]]
11-26 11:01:26.493  6419  6419 I Finsky  : [2] IQ::HLD: if pauseAppUpdates is called now, it must wait for these ongoing installs: [[Package:com.google.android.apps.restore, isid:ev2-PnnHQCqgDmTwlZhBxg], [Package:com.google.android.partnersetup, isid:qXIMFIE1Rl-xHbGBabnTNQ]]
11-26 11:01:26.494  6419  6419 I Finsky  : [2] IQ::HLD: if pauseAppUpdates is called now, it must wait for these ongoing installs: [[Package:com.google.android.apps.restore, isid:ev2-PnnHQCqgDmTwlZhBxg], [Package:com.google.android.partnersetup, isid:qXIMFIE1Rl-xHbGBabnTNQ]]
11-26 11:01:26.524   618  1039 W ProcessStats: Tracking association SourceState{adc4a5a com.google.android.gms/10148 Service #13878} whose proc state 8 is better than process ProcessState{a0f448b com.google.android.gms.unstable/10148 pkg=com.google.android.gms} proc state 15 (14 skipped)
11-26 11:01:26.527   618   642 W Looper  : Drained
11-26 11:01:26.543  6419  6419 I Finsky  : [2] IQ::HLD: if pauseAppUpdates is called now, it must wait for these ongoing installs: [[Package:com.google.android.apps.restore, isid:ev2-PnnHQCqgDmTwlZhBxg], [Package:com.google.android.partnersetup, isid:qXIMFIE1Rl-xHbGBabnTNQ]]
11-26 11:01:26.543  6419  6419 I Finsky  : [2] IQ::HLD: if pauseAppUpdates is called now, it must wait for these ongoing installs: [[Package:com.google.android.apps.restore, isid:ev2-PnnHQCqgDmTwlZhBxg], [Package:com.google.android.partnersetup, isid:qXIMFIE1Rl-xHbGBabnTNQ]]
11-26 11:01:26.543  6419  6419 I Finsky  : [2] IQ::HLD: if pauseAppUpdates is called now, it must wait for these ongoing installs: [[Package:com.google.android.apps.restore, isid:ev2-PnnHQCqgDmTwlZhBxg], [Package:com.google.android.partnersetup, isid:qXIMFIE1Rl-xHbGBabnTNQ]]
11-26 11:01:26.543  6419  6419 I Finsky  : [2] IQ::HLD: if pauseAppUpdates is called now, it must wait for these ongoing installs: [[Package:com.google.android.apps.restore, isid:ev2-PnnHQCqgDmTwlZhBxg], [Package:com.google.android.partnersetup, isid:qXIMFIE1Rl-xHbGBabnTNQ]]
11-26 11:01:26.543  6419  6419 I Finsky  : [2] IQ::HLD: if pauseAppUpdates is called now, it must wait for these ongoing installs: [[Package:com.google.android.apps.restore, isid:ev2-PnnHQCqgDmTwlZhBxg], [Package:com.google.android.partnersetup, isid:qXIMFIE1Rl-xHbGBabnTNQ], [Package:com.google.android.tts, isid:YVvMKA_eSxCugLY6FcB4zg]]
11-26 11:01:26.543  6419  6419 I Finsky  : [2] IQ::HLD: if pauseAppUpdates is called now, it must wait for these ongoing installs: [[Package:com.google.android.apps.restore, isid:ev2-PnnHQCqgDmTwlZhBxg], [Package:com.google.android.partnersetup, isid:qXIMFIE1Rl-xHbGBabnTNQ], [Package:com.google.android.tts, isid:YVvMKA_eSxCugLY6FcB4zg]]
11-26 11:01:26.544  6419  6419 I Finsky  : [2] IQ::HLD: if pauseAppUpdates is called now, it must wait for these ongoing installs: [[Package:com.google.android.apps.restore, isid:ev2-PnnHQCqgDmTwlZhBxg], [Package:com.google.android.partnersetup, isid:qXIMFIE1Rl-xHbGBabnTNQ], [Package:com.google.android.tts, isid:YVvMKA_eSxCugLY6FcB4zg]]
11-26 11:01:26.544  6419  6419 I Finsky  : [2] IQ::HLD: if pauseAppUpdates is called now, it must wait for these ongoing installs: [[Package:com.google.android.apps.restore, isid:ev2-PnnHQCqgDmTwlZhBxg], [Package:com.google.android.partnersetup, isid:qXIMFIE1Rl-xHbGBabnTNQ], [Package:com.google.android.tts, isid:YVvMKA_eSxCugLY6FcB4zg]]
11-26 11:01:26.557  6419  6419 I Finsky  : [2] IQ::HLD: if pauseAppUpdates is called now, it must wait for these ongoing installs: [[Package:com.google.android.apps.restore, isid:ev2-PnnHQCqgDmTwlZhBxg], [Package:com.google.android.partnersetup, isid:qXIMFIE1Rl-xHbGBabnTNQ], [Package:com.google.android.tts, isid:YVvMKA_eSxCugLY6FcB4zg]]
11-26 11:01:26.558  6419  6419 I Finsky  : [2] IQ::HLD: if pauseAppUpdates is called now, it must wait for these ongoing installs: [[Package:com.google.android.apps.restore, isid:ev2-PnnHQCqgDmTwlZhBxg], [Package:com.google.android.partnersetup, isid:qXIMFIE1Rl-xHbGBabnTNQ], [Package:com.google.android.tts, isid:YVvMKA_eSxCugLY6FcB4zg]]
11-26 11:01:26.558  6419  6419 I Finsky  : [2] IQ::HLD: if pauseAppUpdates is called now, it must wait for these ongoing installs: [[Package:com.google.android.apps.restore, isid:ev2-PnnHQCqgDmTwlZhBxg], [Package:com.google.android.partnersetup, isid:qXIMFIE1Rl-xHbGBabnTNQ], [Package:com.google.android.tts, isid:YVvMKA_eSxCugLY6FcB4zg]]
11-26 11:01:26.558  6419  6419 I Finsky  : [2] IQ::HLD: if pauseAppUpdates is called now, it must wait for these ongoing installs: [[Package:com.google.android.apps.restore, isid:ev2-PnnHQCqgDmTwlZhBxg], [Package:com.google.android.partnersetup, isid:qXIMFIE1Rl-xHbGBabnTNQ], [Package:com.google.android.tts, isid:YVvMKA_eSxCugLY6FcB4zg]]
11-26 11:01:26.558  6419  6419 I Finsky  : [2] IQ::HLD: if pauseAppUpdates is called now, it must wait for these ongoing installs: [[Package:com.google.android.apps.restore, isid:ev2-PnnHQCqgDmTwlZhBxg], [Package:com.google.android.partnersetup, isid:qXIMFIE1Rl-xHbGBabnTNQ], [Package:com.google.android.tts, isid:YVvMKA_eSxCugLY6FcB4zg]]
11-26 11:01:26.611  6419  6498 I Finsky  : [72] SCH: Scheduling phonesky job Id: 12-1, CT: 1764129644871, Constraints: [{ L: 15000, D: 86400000, C: CHARGING_NONE, I: IDLE_NONE, N: NET_ANY, B: BATTERY_ANY }, { L: 0, D: 0, C: CHARGING_NONE, I: IDLE_NONE, N: NET_NONE, B: BATTERY_ANY }]
11-26 11:01:26.935  6419  6498 I Finsky  : [72] SCH: Scheduling 0 system job(s)
11-26 11:01:26.936  6419  6498 I Finsky  : [72] [ContentSync] finished, scheduled=true
11-26 11:01:27.060   618   652 W ActivityManager: ProcessRecord{6786019 0:com.android.settings/1000} is attached to a previous process 10357
11-26 11:01:27.065  6419  6498 I Finsky  : [72] SCH: Scheduling phonesky job Id: 12-1, CT: 1764129641022, Constraints: [{ L: 15000, D: 86400000, C: CHARGING_NONE, I: IDLE_NONE, N: NET_ANY, B: BATTERY_ANY }, { L: 0, D: 0, C: CHARGING_NONE, I: IDLE_NONE, N: NET_NONE, B: BATTERY_ANY }]
11-26 11:01:27.133   618   652 W ActivityManager: Slow operation: 73ms so far, now at startProcess: done creating new process record
11-26 11:01:27.133   618   652 W ActivityManager: Slow operation: 73ms so far, now at startProcess: stepping in to startProcess
11-26 11:01:27.359   618   652 W ActivityManager: Slow operation: 299ms so far, now at startProcess: done starting proc!
11-26 11:01:27.374  5709 10510 I Finsky:background: [252] DS: request_id=77 generated with shared preferences
11-26 11:01:27.374  5709 10510 I Finsky:background: [252] DS: enqueue(request_id=77, files_to_download=[config.en(size:19951)], context[group_id=com.google.android.tts:YVvMKA_eSxCugLY6FcB4zg], display_data[invisible=true, title=Speech Recognition & Synthesis], network_restrictions=UNMETERED_ONLY
11-26 11:01:27.374  5709 10510 I Finsky:background: [252] DS: request_id=78 generated with shared preferences
11-26 11:01:27.374  5709 10510 I Finsky:background: [252] DS: enqueue(request_id=78, files_to_download=[com.google.android.tts.dm(size:303403)], context[group_id=com.google.android.tts:YVvMKA_eSxCugLY6FcB4zg], display_data[invisible=true, title=Speech Recognition & Synthesis], network_restrictions=UNMETERED_ONLY
11-26 11:01:27.393  6419  6483 I Finsky  : [61] SCH: jobFinished: 10-26. TimeElapsed: 934ms.
11-26 11:01:27.394  6419  6483 I Finsky  : [61] WM::SCH: Logging work end for 10-26
11-26 11:01:27.456  6419 10512 I Finsky  : [316] Removed 0 obsolete sessions.
11-26 11:01:27.472  6419 10512 I Finsky  : [316] Removed 0 corrupted downloaded sessions.
11-26 11:01:27.490  6419 10512 I Finsky  : [316] Finished completion of 0 sessions. Successful: 0. Failed: 0.
11-26 11:01:27.524  1614  1619 W hbox:interactor: Reducing the number of considered missed Gc histogram windows from 625 to 100
11-26 11:01:27.524  1614  1663 I hbox:interactor: WaitForGcToComplete blocked ProfileSaver on Background for 51.694s
11-26 11:01:27.582  6419  6469 I Finsky  : [56] AppRecoveryHygieneJob: successfully finished generating v3.1 signatures
11-26 11:01:27.605  6419  6469 I Finsky  : [56] AppRecoveryHygieneJob: starting fetching app recovery item details of packages
11-26 11:01:27.607  6419  6469 I Finsky  : [56] AppRecoveryHygieneJob: successfully fetched app recovery item details of packages
11-26 11:01:27.626  1177  1416 D SatelliteController: iisInCarrierRoamingNbIotNtn: satellite is disabled
11-26 11:01:27.668  6419  6469 I Finsky  : [56] AppRecoveryHygieneJob: no item details are available for app recovery updates
11-26 11:01:27.741  6419  6419 I Finsky  : [2] IQ::HLD: if pauseAppUpdates is called now, it must wait for these ongoing installs: [[Package:com.google.android.apps.restore, isid:ev2-PnnHQCqgDmTwlZhBxg], [Package:com.google.android.partnersetup, isid:qXIMFIE1Rl-xHbGBabnTNQ], [Package:com.google.android.tts, isid:YVvMKA_eSxCugLY6FcB4zg]]
11-26 11:01:27.851  6419  6469 I Finsky  : [56] AppRecoveryHygieneJob finished
11-26 11:01:27.852  6419  6469 I Finsky  : [56] SCH: jobFinished: 10-123. TimeElapsed: 1392ms.
11-26 11:01:27.852  6419  6469 I Finsky  : [56] WM::SCH: Logging work end for 10-123
11-26 11:01:27.858  5709  5794 I Finsky:background: [56] RM: create resource request id 9d50d026-e9ee-439a-b8ce-fd0f72f20551 for request config.arm64_v8a reason: auto_update isid: YVvMKA_eSxCugLY6FcB4zg
11-26 11:01:27.948  6419  6483 I Finsky  : [61] SCH: Scheduling 0 system job(s)
11-26 11:01:27.951  6419  6483 I Finsky  : [61] [ContentSync] finished, scheduled=true
11-26 11:01:28.077  5709  5791 I Finsky:background: [53] RM: create resource request id eba4b202-ba0e-4cef-b3ce-c6979301ea92 for request config.xxhdpi reason: auto_update isid: YVvMKA_eSxCugLY6FcB4zg
11-26 11:01:28.344   618   651 W Looper  : Slow dispatch took 113945ms android.bg app=system_server main=false group=FOREGROUND h=android.os.Handler c=android.app.LoadedApk$ReceiverDispatcher$Args$$ExternalSyntheticLambda0@e6d5eec m=0
11-26 11:01:28.726   992  1156 W Looper  : Slow dispatch took 10361ms SysUiBg app=com.android.systemui main=false group=FOREGROUND h=android.os.Handler c=android.telephony.TelephonyCallback$IPhoneStateListenerStub$$ExternalSyntheticLambda52@fad9174 m=0
11-26 11:01:29.199  5709  5793 I Finsky:background: [55] DSC: enqueue()
11-26 11:01:31.567  5709  5715 W ding:background: Suspending all threads took: 149.847ms
11-26 11:01:31.594   618   618 W Looper  : Slow delivery took 318ms main app=system_server main=true group=FOREGROUND h=com.android.server.power.Notifier$NotifierHandler c=com.android.server.power.Notifier$$ExternalSyntheticLambda2@c92a416 m=0
11-26 11:01:31.607  6419  6469 I Finsky  : [56] SCH: jobFinished: 10-11. TimeElapsed: 5234ms.
11-26 11:01:31.608  6419  6469 I Finsky  : [56] WM::SCH: Logging work end for 10-11
11-26 11:01:31.684  5709 10510 I Finsky:background: [252] DS: request_id=79 generated with shared preferences
11-26 11:01:31.685  5709 10510 I Finsky:background: [252] DS: enqueue(request_id=79, files_to_download=[config.arm64_v8a(size:14138277)], context[group_id=com.google.android.tts:YVvMKA_eSxCugLY6FcB4zg], display_data[invisible=true, title=Speech Recognition & Synthesis], network_restrictions=UNMETERED_ONLY
11-26 11:01:32.756   992  1156 W Looper  : Slow dispatch took 4028ms SysUiBg app=com.android.systemui main=false group=FOREGROUND h=android.os.Handler c=android.telephony.TelephonyCallback$IPhoneStateListenerStub$$ExternalSyntheticLambda52@5b1bf40 m=0
11-26 11:01:32.795  6419 10491 I Finsky  : [311] SCH: Satisfied jobs for 9378 are: 12-1
11-26 11:01:32.797  6419 10493 I Finsky  : [313] SCH: Job 12-1 starting
11-26 11:01:33.032  1177  1416 D SatelliteController: iisInCarrierRoamingNbIotNtn: satellite is disabled
11-26 11:01:34.468  6241  6410 W chromium: [1126/110134.467590:WARNING:net/spdy/spdy_session.cc:2792] Received RST for invalid stream1
11-26 11:01:34.526  1614  1619 W hbox:interactor: Suspending all threads took: 2.001s
11-26 11:01:34.675  6241  6410 I cn_CronetUrlRequestContext: destroyNativeStreamLocked org.chromium.net.impl.CronetBidirectionalStream@b09076b
11-26 11:01:34.693   992  2569 I HWUI    : Davey! duration=8504ms; Flags=0, FrameTimelineVsyncId=41972, IntendedVsync=15953078214712, Vsync=15953444881364, InputEventId=0, HandleInputStart=15953521119731, AnimationStart=15953521120856, PerformTraversalsStart=15953521121106, DrawStart=15955778961690, FrameDeadline=15953094881378, FrameStartTime=15953454460231, FrameInterval=16666666, WorkloadTarget=16666666, SyncQueued=15955798189399, SyncStart=15956016383774, IssueDrawCommandsStart=15956036770399, SwapBuffers=15959197246067, FrameCompleted=15961800860610, DequeueBufferDuration=116583, QueueBufferDuration=2498830376, GpuCompleted=15960511942693, SwapBuffersCompleted=15961800860610, DisplayPresentTime=0, CommandSubmissionCompleted=15959197246067, 
11-26 11:01:34.707  6419  6419 I Finsky  : [2] WM::SCH: Logging work start for 12-1
11-26 11:01:34.922  6419  6419 I Finsky  : [2] [ContentSync] job started
11-26 11:01:35.346  5709  5798 I Finsky:background: [59] DSC: enqueue()
11-26 11:01:36.745  5709 10510 I Finsky:background: [252] DS: enqueue with parallel downloads (request_id=76,groupId=com.google.android.tts:YVvMKA_eSxCugLY6FcB4zg)
11-26 11:01:36.774  1177  1416 D SatelliteController: iisInCarrierRoamingNbIotNtn: satellite is disabled
11-26 11:01:36.820  5709 10510 I Finsky:background: [252] DS::CD: download(76)
11-26 11:01:36.821  5709 10510 I Finsky:background: [252] DSC::L: Update all listeners for download <76:QUEUED with WAITING_FOR_START:0%[0%]> in group com.google.android.tts:YVvMKA_eSxCugLY6FcB4zg
11-26 11:01:36.821  5709 10510 I Finsky:background: [252] DSC::L: Updating listener thw@cce880f for download <76:QUEUED with WAITING_FOR_START:0%[0%]>
11-26 11:01:36.821  5709 10510 I Finsky:background: [252] DSC::L: Updating listener DownloadServiceManagerListener::rnk@5b0196e for download <76:QUEUED with WAITING_FOR_START:0%[0%]>
11-26 11:01:36.821  5709 10510 I Finsky:background: [252] DSC::L: Updating listener DownloadServiceManagerListener::akgn@1228c21 for download <76:QUEUED with WAITING_FOR_START:0%[0%]>
11-26 11:01:36.821  5709 10510 I Finsky:background: [252] DS::IDC: updateWith: <76:QUEUED with WAITING_FOR_START:0%[0%]>
11-26 11:01:36.821  5709 10510 I Finsky:background: [252] DS::ISM: Starting invisible download job
11-26 11:01:37.188  5709 10521 I Finsky:background: [255] SCH: Received scheduling request: Id: 40-9998, Constraints: [{ L: 0, D: 86400000, C: CHARGING_NONE, I: IDLE_NONE, N: NET_ANY, B: BATTERY_ANY }]
11-26 11:01:37.381  5709 10510 I Finsky:background: [252] DS: enqueue with parallel downloads (request_id=77,groupId=com.google.android.tts:YVvMKA_eSxCugLY6FcB4zg)
11-26 11:01:37.381  5709 10510 I Finsky:background: [252] DS::CD: download(77)
11-26 11:01:37.381  5709 10510 I Finsky:background: [252] DS: request_id=80 generated with shared preferences
11-26 11:01:37.381  5709 10510 I Finsky:background: [252] DS: enqueue(request_id=80, files_to_download=[config.xxhdpi(size:53610)], context[group_id=com.google.android.tts:YVvMKA_eSxCugLY6FcB4zg], display_data[invisible=true, title=Speech Recognition & Synthesis], network_restrictions=UNMETERED_ONLY
11-26 11:01:37.633  5709  5798 I Finsky:background: [59] RM: new request resourceRequestId=60765554-33bd-40a9-b520-de3024d8a6e3 requestId=76 package=com.google.android.tts artifact=com.google.android.tts.apk isid=YVvMKA_eSxCugLY6FcB4zg
11-26 11:01:37.644   992   992 I Choreographer: Skipped 40 frames!  The application may be doing too much work on its main thread.
11-26 11:01:37.688  5709 10510 I Finsky:background: [252] DSC::L: Update all listeners for download <77:QUEUED with WAITING_FOR_START:0%[0%]> in group com.google.android.tts:YVvMKA_eSxCugLY6FcB4zg
11-26 11:01:37.688  5709 10510 I Finsky:background: [252] DSC::L: Updating listener thw@cce880f for download <77:QUEUED with WAITING_FOR_START:0%[0%]>
11-26 11:01:37.689  5709 10510 I Finsky:background: [252] DSC::L: Updating listener DownloadServiceManagerListener::rnk@5b0196e for download <77:QUEUED with WAITING_FOR_START:0%[0%]>
11-26 11:01:37.824  5709 10510 I Finsky:background: [252] DSC::L: Updating listener DownloadServiceManagerListener::akgn@1228c21 for download <77:QUEUED with WAITING_FOR_START:0%[0%]>
11-26 11:01:37.939  5709 10510 I Finsky:background: [252] DS::IDC: updateWith: <77:QUEUED with WAITING_FOR_START:0%[0%]>
11-26 11:01:38.033   618   653 E ActivityManager: ProcessRecord{6786019 0:com.android.settings/1000} 10357 refused to die while trying to launch ProcessRecord{f7c8cdb 0:com.android.settings/1000}, cancelling the process start
11-26 11:01:38.270   618   618 W Looper  : Drained
11-26 11:01:38.327  5709  5798 I Finsky:background: [59] RM: new request resourceRequestId=8b67e63b-1759-46d8-a265-a63f23388b17 requestId=77 package=com.google.android.tts artifact=config.en isid=YVvMKA_eSxCugLY6FcB4zg
11-26 11:01:38.343  1177  1416 D SatelliteController: iisInCarrierRoamingNbIotNtn: satellite is disabled
11-26 11:01:38.784   992  1156 W Looper  : Drained
11-26 11:01:38.929  5709 10510 I Finsky:background: [252] DSC::L: Update all listeners for download <76:RUNNING:0%[0%]> in group com.google.android.tts:YVvMKA_eSxCugLY6FcB4zg
11-26 11:01:39.413  5709 10510 I Finsky:background: [252] DSC::L: Updating listener thw@cce880f for download <76:RUNNING:0%[0%]>
11-26 11:01:39.414  5709 10510 I Finsky:background: [252] DSC::L: Updating listener DownloadServiceManagerListener::rnk@5b0196e for download <76:RUNNING:0%[0%]>
11-26 11:01:39.414  5709 10510 I Finsky:background: [252] DSC::L: Updating listener DownloadServiceManagerListener::akgn@1228c21 for download <76:RUNNING:0%[0%]>
11-26 11:01:39.494   992  1174 I HWUI    : Davey! duration=2371ms; Flags=0, FrameTimelineVsyncId=41989, IntendedVsync=15964361547594, Vsync=15965028214234, InputEventId=0, HandleInputStart=15965337191153, AnimationStart=15965337192862, PerformTraversalsStart=15965337193112, DrawStart=15965339902945, FrameDeadline=15964378214260, FrameStartTime=15965038160153, FrameInterval=16666666, WorkloadTarget=16666666, SyncQueued=15965620473445, SyncStart=15965645413153, IssueDrawCommandsStart=15965994639945, SwapBuffers=15966454941695, FrameCompleted=15966758291237, DequeueBufferDuration=7750, QueueBufferDuration=270230459, GpuCompleted=15966497997820, SwapBuffersCompleted=15966758291237, DisplayPresentTime=0, CommandSubmissionCompleted=15966454941695, 
11-26 11:01:39.507  6933 10454 W SQLiteConnectionPool: The connection pool for database '/data/user/0/com.google.android.gms/databases/phenotype.db' has been unable to grant a connection to thread 716 ([com.google.android.gms.chimera.container.intentoperation.PersistentIntentOperationChimeraService-Executor] processing com.google.android.gms.phenotype.notification.PackagesChangedIntentOperation for action android.intent.action.PACKAGE_ADDED) with flags 0x2 for 30.102001 seconds.
11-26 11:01:39.507  6933 10454 W SQLiteConnectionPool: Connections: 0 active, 1 idle, 0 available.
11-26 11:01:39.611   618   628 E libunwindstack: Unwinding thread 655: Timeout waiting for thread to restart
11-26 11:01:39.415  5709 10510 I Finsky:background: [252] DS: Received onProgress request_id=76
11-26 11:01:39.637  5709 10510 I Finsky:background: [252] RM: receive resource status onStart com.google.android.tts.apk reason: auto_update isid: YVvMKA_eSxCugLY6FcB4zg, 2, 192, size: 0/18630682
11-26 11:01:39.679  5709 10510 I Finsky:background: [252] RM: receive resource status onProgress download_request_id=76, group_id=com.google.android.tts.apk reason: auto_update isid: YVvMKA_eSxCugLY6FcB4zg, status_code=RESOURCE_STATUS_IN_PROGRESS, legacy_status_code=192, size: 0/18630682
11-26 11:01:39.679  5709 10510 I Finsky:background: [252] DS::IDC: updateWith: <76:RUNNING:0%[0%]>
11-26 11:01:39.694   992  1156 W Looper  : Slow dispatch took 4321ms SysUiBg app=com.android.systemui main=false group=FOREGROUND h=android.os.Handler c=android.telephony.TelephonyCallback$IPhoneStateListenerStub$$ExternalSyntheticLambda52@741e79 m=0
11-26 11:01:39.820  5709  5786 I Finsky:background: [48] WM::SCH: Logging work initialize for 40-9998
11-26 11:01:40.033  5709 10510 I Finsky:background: [252] DS: Current runningDownloadsCount: 0, maxSimultaneousDownloads: 4
11-26 11:01:40.034  5709 10510 I Finsky:background: [252] DS: Incremented runningDownloadsCount to: 1
11-26 11:01:40.129   618   655 E OomConnection: failed waiting for OOM events: java.lang.RuntimeException: listener failed waiting for OOM event
11-26 11:01:40.182   618  1049 W ProcessStats: Tracking association SourceState{adc4a5a com.google.android.gms/10148 Service #13880} whose proc state 8 is better than process ProcessState{a0f448b com.google.android.gms.unstable/10148 pkg=com.google.android.gms} proc state 15 (0 skipped)
11-26 11:01:40.220  5709 10510 I Finsky:background: [252] DS: enqueue with parallel downloads (request_id=78,groupId=com.google.android.tts:YVvMKA_eSxCugLY6FcB4zg)
11-26 11:01:40.220  5709 10510 I Finsky:background: [252] DS::CD: download(78)
11-26 11:01:40.220  5709 10510 I Finsky:background: [252] DSC::L: Update all listeners for download <78:QUEUED with WAITING_FOR_START:0%[0%]> in group com.google.android.tts:YVvMKA_eSxCugLY6FcB4zg
11-26 11:01:40.220  5709 10510 I Finsky:background: [252] DSC::L: Updating listener thw@cce880f for download <78:QUEUED with WAITING_FOR_START:0%[0%]>
11-26 11:01:40.220  5709 10510 I Finsky:background: [252] DSC::L: Updating listener DownloadServiceManagerListener::rnk@5b0196e for download <78:QUEUED with WAITING_FOR_START:0%[0%]>
11-26 11:01:40.220  5709 10510 I Finsky:background: [252] DSC::L: Updating listener DownloadServiceManagerListener::akgn@1228c21 for download <78:QUEUED with WAITING_FOR_START:0%[0%]>
11-26 11:01:40.221  5709 10510 I Finsky:background: [252] DS::IDC: updateWith: <78:QUEUED with WAITING_FOR_START:0%[0%]>
11-26 11:01:40.465  5709  5798 I Finsky:background: [59] RM: new request resourceRequestId=af36e17b-b8a4-4f84-86a0-0fd978d9b9ee requestId=78 package=com.google.android.tts artifact=com.google.android.tts.dm isid=YVvMKA_eSxCugLY6FcB4zg
11-26 11:01:40.471  5709  5794 I Finsky:background: [56] SCH: Scheduling phonesky job Id: 40-9998, CT: 1764129697189, Constraints: [{ L: 0, D: 86400000, C: CHARGING_NONE, I: IDLE_NONE, N: NET_ANY, B: BATTERY_ANY }, { L: 0, D: 0, C: CHARGING_NONE, I: IDLE_NONE, N: NET_NONE, B: BATTERY_ANY }]
11-26 11:01:40.473  5709  5794 I Finsky:background: [56] SCH: Scheduling system job 10042 to resume after 0 ms
11-26 11:01:40.509  1177  1197 W m.android.phone: Suspending all threads took: 1.559s
11-26 11:01:40.556  5709  5794 I Finsky:background: [56] SCH: Resuming system job 10042 from hub.
11-26 11:01:40.628  5709  5793 I Finsky:background: [55] RM: getStatus resourceRequestId=60765554-33bd-40a9-b520-de3024d8a6e3 requestId=76 package=com.google.android.tts artifact=com.google.android.tts.apk isid=YVvMKA_eSxCugLY6FcB4zg
11-26 11:01:40.628  5709  5793 I Finsky:background: [55] DSC: getDownload(76)
11-26 11:01:40.680   618  1049 W ActivityManager: ProcessRecord{b1f3a09 0:com.google.android.apps.wellbeing/u0a147} is attached to a previous process 6598
11-26 11:01:40.790  5709  5791 I Finsky:background: [53] SCH: Scheduling 1 system job(s)
11-26 11:01:40.932   618   951 D BackgroundInstallControlService: Package event received: 0
11-26 11:01:40.895  5709  5791 I Finsky:background: [53] SCH: Scheduling system job Id: 10145, L: 0, D: 86396399, C: false, I: false, N: 1
11-26 11:01:41.032  5709 10521 I Finsky:background: [255] SCH: Satisfied jobs for 10042 are: 3-9, 40-9998
11-26 11:01:41.171  5709  5793 I Finsky:background: [55] DS: getDownload(request_id=76)
11-26 11:01:41.188  5709 10510 I Finsky:background: [252] DS: DS: onGetDownload(request_id=76, files_to_download=[com.google.android.tts.apk(size:18630682)], context[group_id=com.google.android.tts:YVvMKA_eSxCugLY6FcB4zg], display_data[invisible=true, title=Speech Recognition & Synthesis], network_restrictions=UNMETERED_ONLY status=running, bytes_downloaded=0, total_bytes=18630682, retry[count=0, next_retry=n/a])
11-26 11:01:41.247  5709  5798 I Finsky:background: [59] RM: getStatus resourceRequestId=60765554-33bd-40a9-b520-de3024d8a6e3 requestId=76 package=com.google.android.tts artifact=com.google.android.tts.apk isid=YVvMKA_eSxCugLY6FcB4zg
11-26 11:01:41.248  5709  5798 I Finsky:background: [59] DSC: getDownload(76)
11-26 11:01:41.248  5709  5798 I Finsky:background: [59] RM: getStatus resourceRequestId=60765554-33bd-40a9-b520-de3024d8a6e3 requestId=76 package=com.google.android.tts artifact=com.google.android.tts.apk isid=YVvMKA_eSxCugLY6FcB4zg
11-26 11:01:41.248  5709  5798 I Finsky:background: [59] DSC: getDownload(76)
11-26 11:01:41.248  5709  5798 I Finsky:background: [59] RM: getStatus resourceRequestId=8b67e63b-1759-46d8-a265-a63f23388b17 requestId=77 package=com.google.android.tts artifact=config.en isid=YVvMKA_eSxCugLY6FcB4zg
11-26 11:01:41.248  5709  5798 I Finsky:background: [59] DSC: getDownload(77)
11-26 11:01:41.463   618  1049 W ActivityManager: Slow operation: 784ms so far, now at startProcess: done creating new process record
11-26 11:01:41.463   618  1049 W ActivityManager: Slow operation: 784ms so far, now at startProcess: stepping in to startProcess
11-26 11:01:41.538   618  1049 W ActivityManager: Slow operation: 859ms so far, now at startProcess: done starting proc!
