11-26 11:02:13.466   618   681 W IPCThreadState: Sending oneway calls to frozen process.
11-26 11:02:13.466   618   681 W IPCThreadState: Sending oneway calls to frozen process.
11-26 11:02:13.466   618   681 W IPCThreadState: Sending oneway calls to frozen process.
11-26 11:02:13.466   618   681 W IPCThreadState: Sending oneway calls to frozen process.
11-26 11:02:13.466   618   681 W IPCThreadState: Sending oneway calls to frozen process.
11-26 11:02:13.466   618   681 W IPCThreadState: Sending oneway calls to frozen process.
11-26 11:02:13.466   618   681 W IPCThreadState: Sending oneway calls to frozen process.
11-26 11:02:13.466   618   681 W IPCThreadState: Sending oneway calls to frozen process.
11-26 11:02:13.466   618   681 W IPCThreadState: Sending oneway calls to frozen process.
11-26 11:02:13.466   618   681 W IPCThreadState: Sending oneway calls to frozen process.
11-26 11:02:13.466   618   681 W IPCThreadState: Sending oneway calls to frozen process.
11-26 11:02:13.466   618   681 W IPCThreadState: Sending oneway calls to frozen process.
11-26 11:02:13.466   618   681 W IPCThreadState: Sending oneway calls to frozen process.
11-26 11:02:13.466   618   681 W IPCThreadState: Sending oneway calls to frozen process.
11-26 11:02:13.466   618   681 W IPCThreadState: Sending oneway calls to frozen process.
11-26 11:02:13.466   618   681 W IPCThreadState: Sending oneway calls to frozen process.
11-26 11:02:13.466   618   681 W IPCThreadState: Sending oneway calls to frozen process.
11-26 11:02:13.466   618   681 W IPCThreadState: Sending oneway calls to frozen process.
11-26 11:02:13.466   618   681 W IPCThreadState: Sending oneway calls to frozen process.
11-26 11:02:13.466   618   681 W IPCThreadState: Sending oneway calls to frozen process.
11-26 11:02:13.466   618   681 W IPCThreadState: Sending oneway calls to frozen process.
11-26 11:02:13.466   618   681 W IPCThreadState: Sending oneway calls to frozen process.
11-26 11:02:13.466   618   681 W IPCThreadState: Sending oneway calls to frozen process.
11-26 11:02:13.466   618   681 W IPCThreadState: Sending oneway calls to frozen process.
11-26 11:02:13.466   618   681 W IPCThreadState: Sending oneway calls to frozen process.
11-26 11:02:13.466   618   681 W IPCThreadState: Sending oneway calls to frozen process.
11-26 11:02:13.466   618   681 W IPCThreadState: Sending oneway calls to frozen process.
11-26 11:02:13.466   618   681 W IPCThreadState: Sending oneway calls to frozen process.
11-26 11:02:13.466   618   681 W IPCThreadState: Sending oneway calls to frozen process.
11-26 11:02:13.466   618   681 W IPCThreadState: Sending oneway calls to frozen process.
11-26 11:02:13.466   618   681 W IPCThreadState: Sending oneway calls to frozen process.
11-26 11:02:13.466   618   681 W IPCThreadState: Sending oneway calls to frozen process.
11-26 11:02:13.466   618   681 W IPCThreadState: Sending oneway calls to frozen process.
11-26 11:02:13.466   618   681 W IPCThreadState: Sending oneway calls to frozen process.
11-26 11:02:13.466   618   681 W IPCThreadState: Sending oneway calls to frozen process.
11-26 11:02:13.466   618   681 W IPCThreadState: Sending oneway calls to frozen process.
11-26 11:02:13.466   618   681 W IPCThreadState: Sending oneway calls to frozen process.
11-26 11:02:13.467   618   681 W IPCThreadState: Sending oneway calls to frozen process.
11-26 11:02:13.467   618   681 W IPCThreadState: Sending oneway calls to frozen process.
11-26 11:02:13.467   618   681 W IPCThreadState: Sending oneway calls to frozen process.
11-26 11:02:13.467   618   681 W IPCThreadState: Sending oneway calls to frozen process.
11-26 11:02:13.467   618   681 W IPCThreadState: Sending oneway calls to frozen process.
11-26 11:02:13.473  5709  9655 I Finsky:background: [165] IV2::TD: Installing start. com.google.android.tts[iid:8] [isid:YVvMKA_eSxCugLY6FcB4zg] [tid: 1000000014]
11-26 11:02:13.502  5709  9655 I Finsky:background: [165] IV2: onTaskProgress com.google.android.tts[iid:8] [isid:YVvMKA_eSxCugLY6FcB4zg] status:RESOURCE_FETCH_DONE).
11-26 11:02:13.538   618   950 D ShortcutService: received package broadcast intent: Intent { act=android.intent.action.PACKAGE_REMOVED dat=package: flg=0x4000010 (has extras) }
11-26 11:02:13.538   618   950 D ShortcutService: received package broadcast intent: Intent { act=android.intent.action.PACKAGE_ADDED dat=package: flg=0x4000010 (has extras) }
11-26 11:02:13.538   618   950 D ShortcutService: replacing package: com.google.android.apps.restore userId=0
11-26 11:02:13.540   618   645 I system_server: AssetManager2(0xb400007d56aaedf8) locale list changing from [] to [en-US]
11-26 11:02:13.550   618   959 I SdkSandboxManager: No SDKs used. Skipping SDK data reconcilation for CallingInfo{mUid=10137, mPackageName='com.google.android.apps.restore, mAppProcessToken='null'}
11-26 11:02:13.552  5709  9655 I Finsky:background: [165] IV2::TD: Submit start. com.google.android.tts[iid:8] [isid:YVvMKA_eSxCugLY6FcB4zg] [tid: 1000000014]
11-26 11:02:13.553  5709  9655 I Finsky:background: [165] IV2: stopping install timeout for 8
11-26 11:02:13.554  5709  9655 I Finsky:background: [165] IV2: onTaskProgress com.google.android.tts[iid:8] [isid:YVvMKA_eSxCugLY6FcB4zg] status:SUBMIT_START, size: 0/0
11-26 11:02:13.571  1591  4045 D MediaGrants: Removed 0 media_grants for 0 user for [com.google.android.apps.restore]. Reason: Mode changed: android:read_external_storage
11-26 11:02:13.571   618   910 E AppOps  : attributionTag VCN not declared in manifest of android
11-26 11:02:13.572   618   910 E AppOps  : attributionTag VCN not declared in manifest of android
11-26 11:02:13.572  5709  5791 I Finsky:background: [53] IQ: start evaluating install requests.
11-26 11:02:13.590  1177  1416 I SatelliteAppTracker: onPackageUpdateFinished : com.google.android.apps.restore
11-26 11:02:13.590  1177  1416 I SatelliteAppTracker: onPackageModified : com.google.android.apps.restore
11-26 11:02:13.591  1177  1177 E SmsApplication: com.google.android.apps.messaging lost android:read_cell_broadcasts:  (fixing)
11-26 11:02:13.592   992   992 D ControlsListingControllerImpl: ServiceConfig reloaded, count: 0
11-26 11:02:13.595   618  3416 W AppOpService: Ignored setUidMode call for runtime permission app op: uid = 10144, code = READ_CELL_BROADCASTS, mode = allow, callingUid = 1001, oldMode = allow
11-26 11:02:13.595  5709 10555 I Finsky:background: [261] IQ: Notifying installation update. [Package:com.google.android.tts, isid:YVvMKA_eSxCugLY6FcB4zg], status=INSTALLING, status_code=0, reason=auto_update, tsc=PT8M34.282S, attempt=0
11-26 11:02:13.608   618  3502 W AppOpService: Ignored setUidMode call for runtime permission app op: uid = 1001, code = READ_SMS, mode = allow, callingUid = 1001, oldMode = allow
11-26 11:02:13.608   618  1760 W AppOpService: Ignored setUidMode call for runtime permission app op: uid = 1001, code = RECEIVE_SMS, mode = allow, callingUid = 1001, oldMode = allow
11-26 11:02:13.608   618  1760 W AppOpService: Ignored setUidMode call for runtime permission app op: uid = 1001, code = RECEIVE_WAP_PUSH, mode = allow, callingUid = 1001, oldMode = allow
11-26 11:02:13.608   618  1760 W AppOpService: Ignored setUidMode call for runtime permission app op: uid = 1001, code = SEND_SMS, mode = allow, callingUid = 1001, oldMode = allow
11-26 11:02:13.608   618  1760 W AppOpService: Ignored setUidMode call for runtime permission app op: uid = 1001, code = READ_CELL_BROADCASTS, mode = allow, callingUid = 1001, oldMode = allow
11-26 11:02:13.609  1591  4045 D MediaGrants: Removed 0 media_grants for 0 user for [com.google.android.apps.restore]. Reason: Mode changed: android:read_external_storage
11-26 11:02:13.629  5709  5796 I Finsky:background: [58] Submitter: submit com.google.android.tts to the commit queue
11-26 11:02:13.637  1177  1177 D CarrierSvcBindHelper: onPackageUpdateFinished: com.google.android.apps.restore
11-26 11:02:13.645   618   766 W PackageConfigPersister: App-specific configuration not found for packageName: com.google.android.apps.restore and userId: 0
11-26 11:02:13.646   618   766 W PackageConfigPersister: App-specific configuration not found for packageName: com.google.android.apps.restore and userId: 0
11-26 11:02:13.658  5709  5791 I Finsky:background: [53] IQ: There are 16 installs pending for job 9: [com.google.android.youtube, com.google.android.googlequicksearchbox, com.google.android.apps.messaging, com.google.android.apps.safetyhub, com.google.android.apps.accessibility.voiceaccess, com.google.android.deskclock, com.google.android.gm, com.google.android.dialer, com.google.android.apps.docs, com.google.android.apps.maps, com.google.android.contacts, com.google.android.apps.photos, com.google.android.calendar, com.google.android.accessibility.switchaccess, com.google.android.apps.youtube.music, com.google.android.inputmethod.latin]
11-26 11:02:13.662   992   992 D ControlsListingControllerImpl: ServiceConfig reloaded, count: 0
11-26 11:02:13.668   413   413 D Zygote  : Forked child process 10600
11-26 11:02:13.669   618   618 D ActivityManager: sync unfroze 1921 com.android.keychain for 10
11-26 11:02:13.670   618   618 D ActivityManager: sync unfroze 3456 com.android.dynsystem:dynsystem for 10
11-26 11:02:13.671   992  1156 W Looper  : Drained
11-26 11:02:13.672   618   618 D ActivityManager: sync unfroze 3436 com.android.dynsystem for 10
11-26 11:02:13.672   618   618 D ActivityManager: sync unfroze 2019 com.android.localtransport for 10
11-26 11:02:13.678  1177  1177 D CarrierSvcBindHelper: No carrier app for: 0
11-26 11:02:13.678  1177  1177 D CarrierSvcBindHelper: onPackageModified: com.google.android.apps.restore
11-26 11:02:13.678  1177  1177 D CarrierSvcBindHelper: No carrier app for: 0
11-26 11:02:13.690   618   653 W ActivityManager: Slow operation: 67ms so far, now at startProcess: returned from zygote!
11-26 11:02:13.708   618   653 W ActivityManager: Slow operation: 85ms so far, now at startProcess: done updating battery stats
11-26 11:02:13.708   618   653 W ActivityManager: Slow operation: 85ms so far, now at startProcess: building log message
11-26 11:02:13.708   618   653 I ActivityManager: Start proc 10600:com.google.android.apps.wellbeing/u0a147 for content provider {com.google.android.apps.wellbeing/com.google.android.apps.wellbeing.api.impl.WellbeingSettingsProvider}
11-26 11:02:13.708   618   653 W ActivityManager: Slow operation: 85ms so far, now at startProcess: starting to update pids map
11-26 11:02:13.708   618   653 I ActivityManager: ProcessObserver broadcast disabled
11-26 11:02:13.708   618   653 W ActivityManager: Slow operation: 85ms so far, now at startProcess: done updating pids map
11-26 11:02:13.724   618   618 I Telecom : CarModeTracker: Package com.google.android.apps.restore is not tracked.: SSH.oR@AZo
11-26 11:02:13.724   618   618 I Telecom : InCallController: updateCarModeForConnections: car mode apps: : SSH.oR@AZo
11-26 11:02:13.724   618   618 I Telecom : InCallController: update carmode current:UserHandle{0} parent:null: SSH.oR@AZo
11-26 11:02:13.726  5709  5709 I Finsky:background: [2] PIM: Ignore install package event for: com.google.android.tts, isid: YVvMKA_eSxCugLY6FcB4zg
11-26 11:02:13.730  1177  1177 E SmsApplication: com.google.android.apps.messaging lost android:read_cell_broadcasts:  (fixing)
11-26 11:02:13.730   618  1682 W AppOpService: Ignored setUidMode call for runtime permission app op: uid = 10144, code = READ_CELL_BROADCASTS, mode = allow, callingUid = 1001, oldMode = allow
11-26 11:02:13.731   618  1682 W AppOpService: Ignored setUidMode call for runtime permission app op: uid = 1001, code = READ_SMS, mode = allow, callingUid = 1001, oldMode = allow
11-26 11:02:13.731   618  1682 W AppOpService: Ignored setUidMode call for runtime permission app op: uid = 1001, code = RECEIVE_SMS, mode = allow, callingUid = 1001, oldMode = allow
11-26 11:02:13.731   618  1682 W AppOpService: Ignored setUidMode call for runtime permission app op: uid = 1001, code = RECEIVE_WAP_PUSH, mode = allow, callingUid = 1001, oldMode = allow
11-26 11:02:13.731   618  1682 W AppOpService: Ignored setUidMode call for runtime permission app op: uid = 1001, code = SEND_SMS, mode = allow, callingUid = 1001, oldMode = allow
11-26 11:02:13.732   618  1682 W AppOpService: Ignored setUidMode call for runtime permission app op: uid = 1001, code = READ_CELL_BROADCASTS, mode = allow, callingUid = 1001, oldMode = allow
11-26 11:02:13.740  1256  1256 D ActivityThread: Package [com.google.android.apps.restore] reported as REPLACED, but missing application info. Assuming REMOVED.
11-26 11:02:13.741  1921  1921 D ActivityThread: Package [com.google.android.apps.restore] reported as REPLACED, but missing application info. Assuming REMOVED.
11-26 11:02:13.742  6420  6420 D ActivityThread: Package [com.google.android.apps.restore] reported as REPLACED, but missing application info. Assuming REMOVED.
11-26 11:02:13.742  6419  6419 I Finsky  : [2] agdj - Received: android.intent.action.PACKAGE_REMOVED, [eJs5hiTlFiYKIidfrxMKyb7ydV4j669C93goTluy-XA]
11-26 11:02:13.743   618   681 W IPCThreadState: Sending oneway calls to frozen process.
11-26 11:02:13.743  4716  4716 D ActivityThread: Package [com.google.android.apps.restore] reported as REPLACED, but missing application info. Assuming REMOVED.
11-26 11:02:13.743   618   681 W IPCThreadState: Sending oneway calls to frozen process.
11-26 11:02:13.743  1614  1614 D ActivityThread: Package [com.google.android.apps.restore] reported as REPLACED, but missing application info. Assuming REMOVED.
11-26 11:02:13.744  4146  4146 D ActivityThread: Package [com.google.android.apps.restore] reported as REPLACED, but missing application info. Assuming REMOVED.
11-26 11:02:13.744   618   681 W IPCThreadState: Sending oneway calls to frozen process.
11-26 11:02:13.744   618   681 W IPCThreadState: Sending oneway calls to frozen process.
11-26 11:02:13.744   618   681 W IPCThreadState: Sending oneway calls to frozen process.
11-26 11:02:13.745  6597  6597 D ActivityThread: Package [com.google.android.apps.restore] reported as REPLACED, but missing application info. Assuming REMOVED.
11-26 11:02:13.745  1601  1601 D ActivityThread: Package [com.google.android.apps.restore] reported as REPLACED, but missing application info. Assuming REMOVED.
11-26 11:02:13.746   618   681 W IPCThreadState: Sending oneway calls to frozen process.
11-26 11:02:13.746   618   681 W IPCThreadState: Sending oneway calls to frozen process.
11-26 11:02:13.746   618   681 W IPCThreadState: Sending oneway calls to frozen process.
11-26 11:02:13.746   618   681 W IPCThreadState: Sending oneway calls to frozen process.
11-26 11:02:13.746   618   681 W IPCThreadState: Sending oneway calls to frozen process.
11-26 11:02:13.746   618   681 W IPCThreadState: Sending oneway calls to frozen process.
11-26 11:02:13.747  5884  5884 D ActivityThread: Package [com.google.android.apps.restore] reported as REPLACED, but missing application info. Assuming REMOVED.
11-26 11:02:13.750  5802  5802 D ActivityThread: Package [com.google.android.apps.restore] reported as REPLACED, but missing application info. Assuming REMOVED.
11-26 11:02:13.750  5709  5791 I Finsky:background: [53] IQ: 16 scheduled install statuses found to proceed. 
11-26 11:02:13.755  1591  1591 D ActivityThread: Package [com.google.android.apps.restore] reported as REPLACED, but missing application info. Assuming REMOVED.
11-26 11:02:13.755   618   681 W IPCThreadState: Sending oneway calls to frozen process.
11-26 11:02:13.755   618   681 W IPCThreadState: Sending oneway calls to frozen process.
11-26 11:02:13.755   618   681 W IPCThreadState: Sending oneway calls to frozen process.
11-26 11:02:13.755   618   681 W IPCThreadState: Sending oneway calls to frozen process.
11-26 11:02:13.755   618   681 W IPCThreadState: Sending oneway calls to frozen process.
11-26 11:02:13.755   618   681 W IPCThreadState: Sending oneway calls to frozen process.
11-26 11:02:13.755   618   681 W IPCThreadState: Sending oneway calls to frozen process.
11-26 11:02:13.755   618   681 W IPCThreadState: Sending oneway calls to frozen process.
11-26 11:02:13.755   618   681 W IPCThreadState: Sending oneway calls to frozen process.
11-26 11:02:13.755   618   681 W IPCThreadState: Sending oneway calls to frozen process.
11-26 11:02:13.755   618   681 W IPCThreadState: Sending oneway calls to frozen process.
11-26 11:02:13.755   618   681 W IPCThreadState: Sending oneway calls to frozen process.
11-26 11:02:13.755   618   681 W IPCThreadState: Sending oneway calls to frozen process.
11-26 11:02:13.755   618   681 W IPCThreadState: Sending oneway calls to frozen process.
11-26 11:02:13.755   618   681 W IPCThreadState: Sending oneway calls to frozen process.
11-26 11:02:13.755   618   681 W IPCThreadState: Sending oneway calls to frozen process.
11-26 11:02:13.755   618   681 W IPCThreadState: Sending oneway calls to frozen process.
11-26 11:02:13.755   618   681 W IPCThreadState: Sending oneway calls to frozen process.
11-26 11:02:13.756  3456  3456 D ActivityThread: Package [com.google.android.apps.restore] reported as REPLACED, but missing application info. Assuming REMOVED.
11-26 11:02:13.756  6933  6933 D ActivityThread: Package [com.google.android.apps.restore] reported as REPLACED, but missing application info. Assuming REMOVED.
11-26 11:02:13.756   618   681 W IPCThreadState: Sending oneway calls to frozen process.
11-26 11:02:13.756   618   681 W IPCThreadState: Sending oneway calls to frozen process.
11-26 11:02:13.756   618   681 W IPCThreadState: Sending oneway calls to frozen process.
11-26 11:02:13.756   618   681 W IPCThreadState: Sending oneway calls to frozen process.
11-26 11:02:13.756   618   681 W IPCThreadState: Sending oneway calls to frozen process.
11-26 11:02:13.756   618   681 W IPCThreadState: Sending oneway calls to frozen process.
11-26 11:02:13.756   618   681 W IPCThreadState: Sending oneway calls to frozen process.
11-26 11:02:13.756   618   681 W IPCThreadState: Sending oneway calls to frozen process.
11-26 11:02:13.756   618   681 W IPCThreadState: Sending oneway calls to frozen process.
11-26 11:02:13.756   618   681 W IPCThreadState: Sending oneway calls to frozen process.
11-26 11:02:13.756  6241  6241 D ActivityThread: Package [com.google.android.apps.restore] reported as REPLACED, but missing application info. Assuming REMOVED.
11-26 11:02:13.757  3436  3436 D ActivityThread: Package [com.google.android.apps.restore] reported as REPLACED, but missing application info. Assuming REMOVED.
11-26 11:02:13.757  2019  2019 D ActivityThread: Package [com.google.android.apps.restore] reported as REPLACED, but missing application info. Assuming REMOVED.
11-26 11:02:13.757  1177  1177 E SmsApplication: com.google.android.apps.messaging lost android:read_cell_broadcasts:  (fixing)
11-26 11:02:13.757   618  1679 W AppOpService: Ignored setUidMode call for runtime permission app op: uid = 10144, code = READ_CELL_BROADCASTS, mode = allow, callingUid = 1001, oldMode = allow
11-26 11:02:13.757   618   681 W IPCThreadState: Sending oneway calls to frozen process.
11-26 11:02:13.757   618   681 W IPCThreadState: Sending oneway calls to frozen process.
11-26 11:02:13.758  5709  5709 I Finsky:background: [2] agcz - Received: android.intent.action.PACKAGE_REMOVED, [eJs5hiTlFiYKIidfrxMKyb7ydV4j669C93goTluy-XA]
11-26 11:02:13.758  1175  1175 D ActivityThread: Package [com.google.android.apps.restore] reported as REPLACED, but missing application info. Assuming REMOVED.
11-26 11:02:13.758  1632  1632 D ActivityThread: Package [com.google.android.apps.restore] reported as REPLACED, but missing application info. Assuming REMOVED.
11-26 11:02:13.766   618  1682 W AppOpService: Ignored setUidMode call for runtime permission app op: uid = 1001, code = READ_SMS, mode = allow, callingUid = 1001, oldMode = allow
11-26 11:02:13.766  1256  1256 D ActivityThread: Package [com.google.android.apps.restore] reported as REPLACED, but missing application info. Assuming REMOVED.
11-26 11:02:13.767  1921  1921 D ActivityThread: Package [com.google.android.apps.restore] reported as REPLACED, but missing application info. Assuming REMOVED.
11-26 11:02:13.767   618   681 W IPCThreadState: Sending oneway calls to frozen process.
11-26 11:02:13.767   618   681 W IPCThreadState: Sending oneway calls to frozen process.
11-26 11:02:13.767  4146  4146 D ActivityThread: Package [com.google.android.apps.restore] reported as REPLACED, but missing application info. Assuming REMOVED.
11-26 11:02:13.767  6420  6420 D ActivityThread: Package [com.google.android.apps.restore] reported as REPLACED, but missing application info. Assuming REMOVED.
11-26 11:02:13.767  4716  4716 D ActivityThread: Package [com.google.android.apps.restore] reported as REPLACED, but missing application info. Assuming REMOVED.
11-26 11:02:13.769  1614  1614 D ActivityThread: Package [com.google.android.apps.restore] reported as REPLACED, but missing application info. Assuming REMOVED.
11-26 11:02:13.770   618   681 W IPCThreadState: Sending oneway calls to frozen process.
11-26 11:02:13.770   618   681 W IPCThreadState: Sending oneway calls to frozen process.
11-26 11:02:13.770   618   681 W IPCThreadState: Sending oneway calls to frozen process.
11-26 11:02:13.770  6597  6597 D ActivityThread: Package [com.google.android.apps.restore] reported as REPLACED, but missing application info. Assuming REMOVED.
11-26 11:02:13.774   618   681 W IPCThreadState: Sending oneway calls to frozen process.
11-26 11:02:13.774   618   681 W IPCThreadState: Sending oneway calls to frozen process.
11-26 11:02:13.774   618   681 W IPCThreadState: Sending oneway calls to frozen process.
11-26 11:02:13.774   618   681 W IPCThreadState: Sending oneway calls to frozen process.
11-26 11:02:13.774   618   681 W IPCThreadState: Sending oneway calls to frozen process.
11-26 11:02:13.774   618   681 W IPCThreadState: Sending oneway calls to frozen process.
11-26 11:02:13.774   618   681 W IPCThreadState: Sending oneway calls to frozen process.
11-26 11:02:13.774   618   681 W IPCThreadState: Sending oneway calls to frozen process.
11-26 11:02:13.774   618   681 W IPCThreadState: Sending oneway calls to frozen process.
11-26 11:02:13.774   618   681 W IPCThreadState: Sending oneway calls to frozen process.
11-26 11:02:13.774   618   681 W IPCThreadState: Sending oneway calls to frozen process.
11-26 11:02:13.774   618   681 W IPCThreadState: Sending oneway calls to frozen process.
11-26 11:02:13.774   618   681 W IPCThreadState: Sending oneway calls to frozen process.
11-26 11:02:13.774   618   681 W IPCThreadState: Sending oneway calls to frozen process.
11-26 11:02:13.774   618   681 W IPCThreadState: Sending oneway calls to frozen process.
11-26 11:02:13.774   618   681 W IPCThreadState: Sending oneway calls to frozen process.
11-26 11:02:13.774   618   681 W IPCThreadState: Sending oneway calls to frozen process.
11-26 11:02:13.774   618   681 W IPCThreadState: Sending oneway calls to frozen process.
11-26 11:02:13.774   618   681 W IPCThreadState: Sending oneway calls to frozen process.
11-26 11:02:13.774   618   681 W IPCThreadState: Sending oneway calls to frozen process.
11-26 11:02:13.774   618   681 W IPCThreadState: Sending oneway calls to frozen process.
11-26 11:02:13.774   618   681 W IPCThreadState: Sending oneway calls to frozen process.
11-26 11:02:13.774   618   681 W IPCThreadState: Sending oneway calls to frozen process.
11-26 11:02:13.774   618   681 W IPCThreadState: Sending oneway calls to frozen process.
11-26 11:02:13.774  3456  3456 D ActivityThread: Package [com.google.android.apps.restore] reported as REPLACED, but missing application info. Assuming REMOVED.
11-26 11:02:13.775  5884  5884 D ActivityThread: Package [com.google.android.apps.restore] reported as REPLACED, but missing application info. Assuming REMOVED.
11-26 11:02:13.775   618  1682 W AppOpService: Ignored setUidMode call for runtime permission app op: uid = 1001, code = RECEIVE_SMS, mode = allow, callingUid = 1001, oldMode = allow
11-26 11:02:13.775   618  1682 W AppOpService: Ignored setUidMode call for runtime permission app op: uid = 1001, code = RECEIVE_WAP_PUSH, mode = allow, callingUid = 1001, oldMode = allow
11-26 11:02:13.775   618  1682 W AppOpService: Ignored setUidMode call for runtime permission app op: uid = 1001, code = SEND_SMS, mode = allow, callingUid = 1001, oldMode = allow
11-26 11:02:13.775   618  1760 W AppOpService: Ignored setUidMode call for runtime permission app op: uid = 1001, code = READ_CELL_BROADCASTS, mode = allow, callingUid = 1001, oldMode = allow
11-26 11:02:13.776  5802  5802 D ActivityThread: Package [com.google.android.apps.restore] reported as REPLACED, but missing application info. Assuming REMOVED.
11-26 11:02:13.779   992   992 D ActivityThread: Package [com.google.android.apps.restore] reported as REPLACED, but missing application info. Assuming REMOVED.
11-26 11:02:13.779   618   681 W IPCThreadState: Sending oneway calls to frozen process.
11-26 11:02:13.779   618   681 W IPCThreadState: Sending oneway calls to frozen process.
11-26 11:02:13.779   618   681 W IPCThreadState: Sending oneway calls to frozen process.
11-26 11:02:13.779   618   681 W IPCThreadState: Sending oneway calls to frozen process.
11-26 11:02:13.779   618   681 W IPCThreadState: Sending oneway calls to frozen process.
11-26 11:02:13.779   618   681 W IPCThreadState: Sending oneway calls to frozen process.
11-26 11:02:13.779   618   681 W IPCThreadState: Sending oneway calls to frozen process.
11-26 11:02:13.779   618   681 W IPCThreadState: Sending oneway calls to frozen process.
11-26 11:02:13.779   618   681 W IPCThreadState: Sending oneway calls to frozen process.
11-26 11:02:13.779   618   681 W IPCThreadState: Sending oneway calls to frozen process.
11-26 11:02:13.779   618   681 W IPCThreadState: Sending oneway calls to frozen process.
11-26 11:02:13.779   618   681 W IPCThreadState: Sending oneway calls to frozen process.
11-26 11:02:13.779  2019  2019 D ActivityThread: Package [com.google.android.apps.restore] reported as REPLACED, but missing application info. Assuming REMOVED.
11-26 11:02:13.779  3436  3436 D ActivityThread: Package [com.google.android.apps.restore] reported as REPLACED, but missing application info. Assuming REMOVED.
11-26 11:02:13.780  1632  1632 D ActivityThread: Package [com.google.android.apps.restore] reported as REPLACED, but missing application info. Assuming REMOVED.
11-26 11:02:13.781  6933  6933 D ActivityThread: Package [com.google.android.apps.restore] reported as REPLACED, but missing application info. Assuming REMOVED.
11-26 11:02:13.781  1175  1175 D ActivityThread: Package [com.google.android.apps.restore] reported as REPLACED, but missing application info. Assuming REMOVED.
11-26 11:02:13.782  1090  1090 D ActivityThread: Package [com.google.android.apps.restore] reported as REPLACED, but missing application info. Assuming REMOVED.
11-26 11:02:13.783  1591  1591 D ActivityThread: Package [com.google.android.apps.restore] reported as REPLACED, but missing application info. Assuming REMOVED.
11-26 11:02:13.784  1601  1601 D ActivityThread: Package [com.google.android.apps.restore] reported as REPLACED, but missing application info. Assuming REMOVED.
11-26 11:02:13.788  6241  6241 D ActivityThread: Package [com.google.android.apps.restore] reported as REPLACED, but missing application info. Assuming REMOVED.
11-26 11:02:13.789   618   681 D PackageInstallerSession: Marking session 1757849888 as applied
11-26 11:02:13.793   992   992 D ActivityThread: Package [com.google.android.apps.restore] reported as REPLACED, but missing application info. Assuming REMOVED.
11-26 11:02:13.794   992   992 D ControlsListingControllerImpl: ServiceConfig reloaded, count: 0
11-26 11:02:13.794  1177  1408 D ImsResolver: maybeAddedImsService, packageName: com.google.android.apps.restore
11-26 11:02:13.794  1177  1408 V ImsResolver: searchForImsServices: package=com.google.android.apps.restore, users=[UserHandle{0}]
11-26 11:02:13.794  1177  1408 V ImsResolver: searchForImsServices: package=com.google.android.apps.restore, users=[UserHandle{0}]
11-26 11:02:13.796  1090  1090 D ActivityThread: Package [com.google.android.apps.restore] reported as REPLACED, but missing application info. Assuming REMOVED.
11-26 11:02:13.801   618   959 I SdkSandboxManager: No SDKs used. Skipping SDK data reconcilation for CallingInfo{mUid=10137, mPackageName='com.google.android.apps.restore, mAppProcessToken='null'}
11-26 11:02:13.807  5709  5709 I Finsky:background: [2] IQ: onPackageRemoved com.google.android.apps.restore, replacing=true, uninstallingFromPlay=false
11-26 11:02:13.821  5709  5709 I Finsky:background: [2] agcz - Received: android.intent.action.PACKAGE_ADDED, [eJs5hiTlFiYKIidfrxMKyb7ydV4j669C93goTluy-XA]
11-26 11:02:13.822  6419  6419 I Finsky  : [2] SCH: Received scheduling request: Id: 12-1, Constraints: [{ L: 15000, D: 86400000, C: CHARGING_NONE, I: IDLE_NONE, N: NET_ANY, B: BATTERY_ANY }]
11-26 11:02:13.822  6419  6469 I Finsky  : [56] AIM: AppInfoManager-Perf > OnDeviceAppInfo > cacheHitCount=0, cacheMissCount=1. Missed  in cache (limit 10) : [com.google.android.apps.restore]
11-26 11:02:13.822  6419  6469 I Finsky  : [56] AIM: Got app ownership map. App counts: . Unique apps: 0
11-26 11:02:13.822  6419  6469 E Finsky  : [56] [Counters] attempted to use a non-positive increment for: 4752
11-26 11:02:13.824  5709 10555 I Finsky:background: [261] IQ: handled package removed
11-26 11:02:13.832  6419  6469 E Finsky  : [56] [Counters] attempted to use a non-positive increment for: 4753
11-26 11:02:13.837  1177  1177 W VvmPkgInstalledRcvr: carrierVvmPkgAdded: carrier vvm packages doesn't contain com.google.android.apps.restore
11-26 11:02:13.846  1177  1177 D ActivityThread: Package [com.google.android.apps.restore] reported as REPLACED, but missing application info. Assuming REMOVED.
11-26 11:02:13.846  1177  1177 D ActivityThread: Package [com.google.android.apps.restore] reported as REPLACED, but missing application info. Assuming REMOVED.
11-26 11:02:13.851  1177  1177 D SatelliteController: packageStateChanged: package:com.google.android.apps.restore DefaultSmsPackageName:com.google.android.apps.messaging
11-26 11:02:13.851  1177  1177 V SatelliteController: Neither SMS or SatelliteGateway package
11-26 11:02:13.860  6419  6498 I Finsky  : [72] AIM: AppInfoManager-Perf > ItemModel > CacheSize=0, cacheHitCount=0, cacheMissCount=1, total appsWithNoServerDataCount=0. Missed  in cache (limit 10) : [com.google.android.apps.restore]
11-26 11:02:13.864  5709 10606 I Finsky:background: [269] Wrote row to frosting DB: 358
11-26 11:02:13.867  5709  5709 I Finsky:background: [2] agcz - Received: android.intent.action.PACKAGE_ADDED, [eJs5hiTlFiYKIidfrxMKyb7ydV4j669C93goTluy-XA]
11-26 11:02:13.883  6419  6419 I Finsky  : [2] agdj - Received: android.intent.action.PACKAGE_ADDED, [eJs5hiTlFiYKIidfrxMKyb7ydV4j669C93goTluy-XA]
11-26 11:02:13.891  5709 10606 I Finsky:background: [269] Wrote row to frosting DB: 359
11-26 11:02:13.893  6419  6498 I Finsky  : [72] AIM: AppInfoManager-Perf > ItemModel > ItemStore Called 1 apps cacheOptions = USE_CACHE
11-26 11:02:13.894  5709  5709 I Finsky:background: [2] agcz - Deduping intent android.intent.action.PACKAGE_ADDED
11-26 11:02:13.905   618   618 W Looper  : Slow delivery took 201ms main app=system_server main=true group=FOREGROUND h=android.app.ActivityThread$H c=android.app.LoadedApk$ReceiverDispatcher$Args$$ExternalSyntheticLambda0@c9f1b9c m=0
11-26 11:02:13.909   618   744 I RoleService: Granting default roles...
11-26 11:02:13.917   994   994 D ActivityThread: Package [com.google.android.apps.restore] reported as REPLACED, but missing application info. Assuming REMOVED.
11-26 11:02:13.917  5709  5709 I Finsky:background: [2] agcz - Received: android.intent.action.PACKAGE_ADDED, [eJs5hiTlFiYKIidfrxMKyb7ydV4j669C93goTluy-XA]
11-26 11:02:13.918   994   994 D ActivityThread: Package [com.google.android.apps.restore] reported as REPLACED, but missing application info. Assuming REMOVED.
11-26 11:02:13.914 10600 10600 I .apps.wellbeing: Using CollectorTypeCMC GC.
11-26 11:02:13.922  5709  5709 I Finsky:background: [2] agcz - Deduping intent android.intent.action.PACKAGE_ADDED
11-26 11:02:13.922  5709  5709 D ActivityThread: Package [com.google.android.apps.restore] reported as REPLACED, but missing application info. Assuming REMOVED.
11-26 11:02:13.923   618   652 D ActivityManager: sync unfroze 994 com.google.android.permissioncontroller for 3
11-26 11:02:13.925  5709  5709 D ActivityThread: Package [com.google.android.apps.restore] reported as REPLACED, but missing application info. Assuming REMOVED.
11-26 11:02:13.925  5709  5793 I Finsky:background: [55] RECEIVER_PACKAGE_MONITOR_BACKGROUND#logWorkEndAndFinishGoAsync: SUCCESS
11-26 11:02:13.930  6419  6469 I Finsky  : [56] AIM: AppInfoManager-Perf > OnDeviceAppInfo > cacheHitCount=0, cacheMissCount=1. Missed  in cache (limit 10) : [com.google.android.apps.restore]
11-26 11:02:13.930  6419  6469 I Finsky  : [56] AIM: Got app ownership map. App counts: . Unique apps: 0
11-26 11:02:13.930  6419  6469 E Finsky  : [56] [Counters] attempted to use a non-positive increment for: 4752
11-26 11:02:13.930  6419  6469 E Finsky  : [56] [Counters] attempted to use a non-positive increment for: 4753
11-26 11:02:13.933  6419  6419 I Finsky  : [2] DTU: Received onPackageAdded, replacing: true
11-26 11:02:13.942   618   742 D ActivityManager: freezing 5884 com.android.vending:quick_launch
11-26 11:02:13.944   618   742 D ActivityManager: freezing 5802 com.android.vending:instant_app_installer
11-26 11:02:13.952  6419 10587 I Finsky  : [327] SCH: Received scheduling request: Id: 12-1, Constraints: [{ L: 15000, D: 86400000, C: CHARGING_NONE, I: IDLE_NONE, N: NET_ANY, B: BATTERY_ANY }]
11-26 11:02:13.956 10600 10600 E .apps.wellbeing: Not starting debugger since process cannot load the jdwp agent.
11-26 11:02:13.956  5709 10606 I Finsky:background: [269] Wrote row to frosting DB: 360
11-26 11:02:13.958  6419  6498 I Finsky  : [72] AIM: ItemModel fetch - unauth(1), auth()
11-26 11:02:13.970   994   994 I SafetyLabelChangedBroadcastReceiver: received broadcast packageName: com.google.android.apps.restore, current user: UserHandle{0}, packageChangeEvent: UPDATE, intent user: UserHandle{0}
11-26 11:02:13.971  6419  6496 I Finsky  : [70] AIM: AppInfoManager-Perf > ItemModel > CacheSize=0, cacheHitCount=0, cacheMissCount=1, total appsWithNoServerDataCount=0. Missed  in cache (limit 10) : [com.google.android.apps.restore]
11-26 11:02:13.971  6419  6496 I Finsky  : [70] AIM: AppInfoManager-Perf > ItemModel > ItemStore Called 1 apps cacheOptions = USE_CACHE
11-26 11:02:13.971  6419  6496 I Finsky  : [70] AIM: ItemModel fetch - unauth(1), auth()
11-26 11:02:13.975  6419  6419 I Finsky  : [2] agdj - Received: android.intent.action.PACKAGE_ADDED, [eJs5hiTlFiYKIidfrxMKyb7ydV4j669C93goTluy-XA]
11-26 11:02:13.976   618   618 D AppSearchAppsIndexerManagerS: userid in package receiver: 10137
11-26 11:02:13.981  5709 10606 I Finsky:background: [269] Wrote row to frosting DB: 361
11-26 11:02:13.987   618   618 D TransparencyService: com.google.android.apps.restore was updated. Scheduling measurement...
11-26 11:02:13.987   618   618 I TransparencyService: Scheduling binary content-digest computation job
11-26 11:02:13.988   618   618 D TransparencyService: A measurement job has already been scheduled.
11-26 11:02:14.000  6419  6419 I Finsky  : [2] agdj - Deduping intent android.intent.action.PACKAGE_ADDED
11-26 11:02:14.002  6419  6419 I Finsky  : [2] agdj - Received: android.intent.action.PACKAGE_ADDED, [eJs5hiTlFiYKIidfrxMKyb7ydV4j669C93goTluy-XA]
11-26 11:02:14.010  6419  6419 I Finsky  : [2] agdj - Deduping intent android.intent.action.PACKAGE_ADDED
11-26 11:02:14.011  1614  1614 I fiis    : (REDACTED) O received %s
11-26 11:02:14.013  6419  6457 I Finsky  : [47] RECEIVER_PACKAGE_MONITOR#logWorkEndAndFinishGoAsync: SUCCESS
11-26 11:02:14.021   618   762 I system_server: AssetManager2(0xb400007d56ae55d8) locale list changing from [] to [en-US]
11-26 11:02:14.028  6419  6419 I Finsky  : [2] DL: Data loader session turned off due to Incremental install not requested: com.google.android.tts
11-26 11:02:14.033  5709 10606 I Finsky:background: [269] Wrote row to frosting DB: 362
11-26 11:02:14.033  1591  1591 W MediaProvider: WorkProfileOwnerApps cache is empty
11-26 11:02:14.033  1591  1591 D PickerSyncLockManager: Trying to acquire lock com.android.providers.media.photopicker.sync.CloseableReentrantLock@58846c7[Unlocked]. Lock Name = CLOUD_PROVIDER_LOCK. Threads that may be waiting to acquire this lock = []
11-26 11:02:14.033  1591  1591 D CloseableReentrantLock: Successfully acquired lock com.android.providers.media.photopicker.sync.CloseableReentrantLock@58846c7[Locked by thread main]. Lock Name = CLOUD_PROVIDER_LOCK. Threads that may be waiting to acquire this lock = []
11-26 11:02:14.033  1591  1591 D CloseableReentrantLock: Successfully released lock com.android.providers.media.photopicker.sync.CloseableReentrantLock@58846c7[Unlocked]. Lock Name = CLOUD_PROVIDER_LOCK. Threads that may be waiting to acquire this lock = []
11-26 11:02:14.041   618  1126 W SignedPackage: Package doesn't have required signing certificate: com.google.android.retaildemo
11-26 11:02:14.041   618  1126 E RoleControllerServiceImpl: Default/fallback role holder package doesn't qualify for the role, package: com.google.android.gms.supervision, role: android.app.role.SYSTEM_SUPERVISION
11-26 11:02:14.051  6419  6469 E Finsky  : [56] [Counters] attempted to use a non-positive increment for: 4751
11-26 11:02:14.051  6419  6483 E Finsky  : [61] [Counters] attempted to use a non-positive increment for: 4751
11-26 11:02:14.052  5709 10606 I Finsky:background: [269] Wrote row to frosting DB: 363
11-26 11:02:14.057   618  1126 W SignedPackage: Package doesn't have required signing certificate: com.google.android.apps.work.clouddpc
11-26 11:02:14.063  5709  9655 I Finsky:background: [165] IV2: installer available to accept com.google.android.apps.photos. Current active installs : 
11-26 11:02:14.063  5709  9655 I Finsky:background: com.google.android.apps.restore: installId: 6 isid: ev2-PnnHQCqgDmTwlZhBxg requested 5 min ago
11-26 11:02:14.063  5709  9655 I Finsky:background: com.google.android.partnersetup: installId: 7 isid: qXIMFIE1Rl-xHbGBabnTNQ requested 4 min ago
11-26 11:02:14.063  5709  9655 I Finsky:background: com.google.android.tts: installId: 8 isid: YVvMKA_eSxCugLY6FcB4zg requested 1 min ago
11-26 11:02:14.065  5709  5794 I Finsky:background: [56] IQ: proceed install request for [Package:com.google.android.apps.photos, isid:7oOIbzx2S22oUxYAPvC7Sw].
11-26 11:02:14.065  5709  5794 I Finsky:background: [56] IQ: Notifying installation update. [Package:com.google.android.apps.photos, isid:7oOIbzx2S22oUxYAPvC7Sw], status=DOWNLOAD_PENDING, status_code=0, reason=auto_update, tsc=PT8M34.736S, attempt=0
11-26 11:02:14.071   618  3416 W ProcessStats: Tracking association SourceState{47aad53 system/1000 ImpFg #13927} whose proc state 5 is better than process ProcessState{38367fe com.google.android.permissioncontroller/10208 pkg=com.google.android.permissioncontroller} proc state 14 (0 skipped)
11-26 11:02:14.073   994  1155 I PermissionControllerServiceImpl: Updating user sensitive for uid 10137
11-26 11:02:14.079  5709  5709 I Finsky:background: [2] PIM: Ignore install package event for: com.google.android.apps.photos, isid: 7oOIbzx2S22oUxYAPvC7Sw
11-26 11:02:14.115  6419  6419 D ActivityThread: Package [com.google.android.apps.restore] reported as REPLACED, but missing application info. Assuming REMOVED.
11-26 11:02:14.116  6419  6419 D ActivityThread: Package [com.google.android.apps.restore] reported as REPLACED, but missing application info. Assuming REMOVED.
11-26 11:02:14.118 10600 10600 D nativeloader: Load libframework-connectivity-tiramisu-jni.so using APEX ns com_android_tethering for caller /apex/com.android.tethering/javalib/framework-connectivity-t.jar: ok
11-26 11:02:14.119  5709  5796 I Finsky:background: [58] IQ: Requesting install request=package_name=com.google.android.apps.photos, pm_package_name=com.google.android.apps.photos, version=50989980, priority=3, reason=auto_update, account_name=, type=0, isid=7oOIbzx2S22oUxYAPvC7Sw, constraints=((REQ_GEARHEAD_PROJECTION_OFF, MIN_BATTERY=20, SHOULD_APPLY_BUDGET=true, NETWORK=UNMETERED, PROVISIONING_STATE=PROVISIONED, BACKUP_MANAGER_STATE=BACKUP_READY),), install_primary_identifier=UNKNOWN_ACTION_SURFACE using installer.
11-26 11:02:14.125  6419  6419 I Finsky  : [2] DL: Data loader session turned off due to Incremental install not requested: com.google.android.apps.photos
11-26 11:02:14.127  6419  6419 I Finsky  : [2] IQ::HLD: if pauseAppUpdates is called now, it must wait for these ongoing installs: [[Package:com.google.android.apps.restore, isid:ev2-PnnHQCqgDmTwlZhBxg], [Package:com.google.android.partnersetup, isid:qXIMFIE1Rl-xHbGBabnTNQ], [Package:com.google.android.tts, isid:YVvMKA_eSxCugLY6FcB4zg], [Package:com.google.android.apps.photos, isid:7oOIbzx2S22oUxYAPvC7Sw]]
11-26 11:02:14.127  6419  6419 I Finsky  : [2] IQ::HLD: if pauseAppUpdates is called now, it must wait for these ongoing installs: [[Package:com.google.android.apps.restore, isid:ev2-PnnHQCqgDmTwlZhBxg], [Package:com.google.android.partnersetup, isid:qXIMFIE1Rl-xHbGBabnTNQ], [Package:com.google.android.tts, isid:YVvMKA_eSxCugLY6FcB4zg], [Package:com.google.android.apps.photos, isid:7oOIbzx2S22oUxYAPvC7Sw]]
11-26 11:02:14.136   618  1679 V SafetySourceDataValidat: Package: com.android.vending has expected signature
11-26 11:02:14.136   618  1679 V SafetySourceDataValidat: Package: com.android.vending has expected signature
11-26 11:02:14.137  5709  5796 I Finsky:background: [58] DL: Data loader session turned off due to Incremental install not requested: com.google.android.apps.photos
11-26 11:02:14.137  5709  5796 I Finsky:background: [58] DLIF: createIncrementalConfig with useIncrementalSessionWithReason: INCREMENTAL_DISABLED_IN_INSTALL_REQUEST , streamingVerdictWithReason: STREAMING_DISABLE_BY_UNKNOWN_REASON
11-26 11:02:14.148  5709  9655 I Finsky:background: [165] IV2: installer available to accept com.google.android.apps.photos. Current active installs : 
11-26 11:02:14.148  5709  9655 I Finsky:background: com.google.android.apps.restore: installId: 6 isid: ev2-PnnHQCqgDmTwlZhBxg requested 5 min ago
11-26 11:02:14.148  5709  9655 I Finsky:background: com.google.android.partnersetup: installId: 7 isid: qXIMFIE1Rl-xHbGBabnTNQ requested 4 min ago
11-26 11:02:14.148  5709  9655 I Finsky:background: com.google.android.tts: installId: 8 isid: YVvMKA_eSxCugLY6FcB4zg requested 1 min ago
11-26 11:02:14.149  5709  9655 I Finsky:background: [165] IV2::EIU: Existing install found for update [Package:com.google.android.apps.photos, isid:7oOIbzx2S22oUxYAPvC7Sw].
11-26 11:02:14.150  5709  9655 I Finsky:background: [165] IV2::FGCV: Foreground check passed for com.google.android.apps.photos
11-26 11:02:14.151  5709  5790 I Finsky:background: [52] IV2::DRV: install for [Package:com.google.android.apps.photos, isid:7oOIbzx2S22oUxYAPvC7Sw] not tracked by installer.
11-26 11:02:14.158  5709  9655 I Finsky:background: [165] IV2: adding timeout to install 9
11-26 11:02:14.164  1177  1416 D SatelliteController: iisInCarrierRoamingNbIotNtn: satellite is disabled
11-26 11:02:14.185  6419  6466 I Finsky  : [53] WM::SCH: Logging work initialize for 12-1
11-26 11:02:14.192  6419  6466 I Finsky  : [53] WM::SCH: Logging work initialize for 12-1
11-26 11:02:14.197  6419  6498 I Finsky  : [72] SCH: Scheduling phonesky job Id: 12-1, CT: 1764129733822, Constraints: [{ L: 15000, D: 86400000, C: CHARGING_NONE, I: IDLE_NONE, N: NET_ANY, B: BATTERY_ANY }]
11-26 11:02:14.203  6419  6483 I Finsky  : [61] SCH: Scheduling 1 system job(s)
11-26 11:02:14.206  6419  6483 I Finsky  : [61] SCH: Scheduling system job Id: 9389, L: 14616, D: 60115510, C: false, I: false, N: 1
11-26 11:02:14.219  6419  6467 I Finsky  : [54] [ContentSync] finished, scheduled=true
11-26 11:02:14.219  6419  6498 I Finsky  : [72] SCH: Scheduling phonesky job Id: 12-1, CT: 1764129733952, Constraints: [{ L: 15000, D: 86400000, C: CHARGING_NONE, I: IDLE_NONE, N: NET_ANY, B: BATTERY_ANY }]
11-26 11:02:14.221  6419  6496 I Finsky  : [70] SCH: Scheduling 0 system job(s)
11-26 11:02:14.221  6419  6496 I Finsky  : [70] [ContentSync] finished, scheduled=true
11-26 11:02:14.228   618  1126 I Role    : com.google.android.gms not qualified for android.app.role.SYSTEM_DEPENDENCY_INSTALLER due to missing RequiredComponent{mIntentFilterData=IntentFilterData{mAction='android.content.pm.action.INSTALL_DEPENDENCY', mCategories='[]', mDataScheme='null', mDataType='null'}, mMinTargetSdkVersion=1, mFlags='0', mPermission='android.permission.BIND_DEPENDENCY_INSTALLER', mQueryFlags=0, mMetaData=[]}
11-26 11:02:14.309   618  1126 E RoleControllerServiceImpl: Default/fallback role holder package doesn't qualify for the role, package: com.google.android.gms, role: android.app.role.SYSTEM_DEPENDENCY_INSTALLER
11-26 11:02:14.340   618   618 W Looper  : Slow dispatch took 132ms main app=system_server main=true group=FOREGROUND h=android.app.ActivityThread$H c=android.app.LoadedApk$ReceiverDispatcher$Args$$ExternalSyntheticLambda0@76fdccb m=0
11-26 11:02:14.342   618   618 D ActivityThread: Package [com.google.android.apps.restore] reported as REPLACED, but missing application info. Assuming REMOVED.
11-26 11:02:14.350   618   618 D ActivityThread: Package [com.google.android.apps.restore] reported as REPLACED, but missing application info. Assuming REMOVED.
11-26 11:02:14.356  1614  1614 I fiis    : (REDACTED) O received %s
11-26 11:02:14.357  1614  1614 I fiis    : (REDACTED) O received %s
11-26 11:02:14.372   618   618 D AppSearchAppsIndexerManagerS: userid in package receiver: 10137
11-26 11:02:14.390  6933 10622 I Fitness : (REDACTED) FitCleanupIntentOperation received Intent %s
11-26 11:02:14.396   618  1682 D ActivityManager: sync unfroze 4983 com.google.android.googlequicksearchbox:search for 6
11-26 11:02:14.409  6933 10625 I ProximityAuth: [RecentAppsMediator] Package added: (user=UserHandle{0}) com.google.android.apps.restore
11-26 11:02:14.416   618   618 W AlarmManager: Package com.google.android.apps.restore, uid 10137 lost permission to set exact alarms!
11-26 11:02:14.431  6933 10625 I .gms.persistent: AssetManager2(0xb400007d56a61eb8) locale list changing from [] to [en-US]
11-26 11:02:14.449   618   618 W Looper  : Drained
11-26 11:02:14.490   618  1126 E RoleControllerServiceImpl: Default/fallback role holder package doesn't qualify for the role, package: com.google.android.gms, role: android.app.role.WALLET
11-26 11:02:14.510  4983  4983 W TimedProcessReaper: Memory state is: 125
11-26 11:02:14.513  6241 10627 I gle.android.gms: AssetManager2(0xb400007d56a734d8) locale list changing from [] to [en-US]
11-26 11:02:14.516  4983  4983 D ActivityThread: Package [com.google.android.apps.restore] reported as REPLACED, but missing application info. Assuming REMOVED.
11-26 11:02:14.526  4983  4983 D ActivityThread: Package [com.google.android.apps.restore] reported as REPLACED, but missing application info. Assuming REMOVED.
11-26 11:02:14.541  6933 10625 W HWUI    : Image decoding logging dropped!
11-26 11:02:14.574   618  1679 E AppOps  : attributionTag VCN not declared in manifest of android
11-26 11:02:14.579   618  1126 I system_server: AssetManager2(0xb400007d56b350d8) locale list changing from [] to [en-US]
11-26 11:02:14.583 10600 10600 D ApplicationLoaders: Returning zygote-cached class loader: /system/framework/org.apache.http.legacy.jar
11-26 11:02:14.600   618  1126 W SignedPackage: Cannot get ApplicationInfo for package: com.google.android.devicelockcontroller
11-26 11:02:14.599 10600 10600 D nativeloader: Configuring clns-9 for other apk /system_ext/framework/com.android.extensions.appfunctions.jar. target_sdk_version=36, uses_libraries=ALL, library_path=/data/app/~~2F3t78Jxvn9zabLcAICUnQ==/com.google.android.apps.wellbeing-ZzHXqplZOMwnidCSVJsRcw==/lib/arm64:/data/app/~~2F3t78Jxvn9zabLcAICUnQ==/com.google.android.apps.wellbeing-ZzHXqplZOMwnidCSVJsRcw==/base.apk!/lib/arm64-v8a:/data/app/~~2F3t78Jxvn9zabLcAICUnQ==/com.google.android.apps.wellbeing-ZzHXqplZOMwnidCSVJsRcw==/split_config.xxhdpi.apk!/lib/arm64-v8a, permitted_path=/data:/mnt/expand:/data/user/0/com.google.android.apps.wellbeing
11-26 11:02:14.617 10600 10600 D ApplicationLoaders: Returning zygote-cached class loader: /system_ext/framework/androidx.window.extensions.jar
11-26 11:02:14.618 10600 10600 D ApplicationLoaders: Returning zygote-cached class loader: /system_ext/framework/androidx.window.sidecar.jar
11-26 11:02:14.625  6241 10639 I Auth    : (REDACTED) [SupervisedAccountIntentOperationV2] onHandleIntent: %s
11-26 11:02:14.643  6241 10636 I NearbyDiscovery: (REDACTED) processGrantSlicePermission: %s
11-26 11:02:14.650  6933  6976 E NetworkScheduler.ATC: Trying to release unacquired lock: com.google.android.gms/.phenotype.service.sync.PhenotypeConfigurator [CONTEXT service_id=218 ]
11-26 11:02:14.666  1177  1197 W m.android.phone: Suspending all threads took: 6.049ms
11-26 11:02:14.746  6241 10636 W SQLiteLog: (28) double-quoted string literal: "com.google.android.apps.restore"
11-26 11:02:14.758 10600 10600 W .apps.wellbeing: Failed to find entry 'classes.dex': Entry not found
